thermo_style            custom step etotal ke pe density temp press vol lx ly lz# what to print
thermo                  500 # print every 1000 timesteps
dump                    myDump all xyz 500 Cu-N2\dump.xyz # save coordinates every 1000 timesteps


#Initial relaxation simualtion
timestep		0.005 #to match vibrational period of Cu lattice (0.142ps)

#fix 1 all box/relax iso 0.0 vmax 0.001
#min_style       hftn
minimize        1e-4 1e-6 1000 10000
Neighbor list info ...
  update: every = 1 steps, delay = 0 steps, check = yes
  max neighbors/atom: 2000, page size: 100000
  master list distance cutoff = 17
  ghost atom cutoff = 17
  binsize = 8.5, bins = 31 31 31
  5 neighbor lists, perpetual/occasional/extra = 5 0 0
  (1) pair meam, perpetual, skip from (5)
      attributes: full, newton on
      pair build: skip
      stencil: none
      bin: none
  (2) pair meam, perpetual, half/full from (1)
      attributes: half, newton on
      pair build: halffull/newton/skip
      stencil: none
      bin: none
  (3) pair lj/cut, perpetual, skip from (4)
      attributes: half, newton on
      pair build: skip
      stencil: none
      bin: none
  (4) neighbor class addition, perpetual, half/full from (5)
      attributes: half, newton on
      pair build: halffull/newton
      stencil: none
      bin: none
  (5) neighbor class addition, perpetual
      attributes: full, newton on
      pair build: full/bin
      stencil: full/bin/3d
      bin: standard
Per MPI rank memory allocation (min/avg/max) = 14.58 | 16.08 | 22.05 Mbytes
   Step         TotEng         KinEng         PotEng        Density          Temp          Press          Volume           Lx             Ly             Lz      
         0  -18693.701      0             -18693.701      0.034422533    0             -47.105724      16777216       256            256            256          
         3  -18715.02       0             -18715.02       0.034422533    0             -9.4983323      16777216       256            256            256          
Loop time of 0.363453 on 5 procs for 3 steps with 5473 atoms

20.6% CPU use with 5 MPI tasks x 1 OpenMP threads

Minimization stats:
  Stopping criterion = energy tolerance
  Energy initial, next-to-last, final = 
     -18693.7008615556  -18714.4137323024  -18715.0204455213
  Force two-norm initial, final = 15.128978 1.3623891
  Force max component initial, final = 0.55968935 0.038599545
  Final line search alpha, max atom move = 1 0.038599545
  Iterations, force evaluations = 3 6

MPI task timing breakdown:
Section |  min time  |  avg time  |  max time  |%varavg| %total
---------------------------------------------------------------
Pair    | 0.21566    | 0.24584    | 0.35718    |  11.2 | 67.64
Bond    | 1e-06      | 2.4e-06    | 3e-06      |   0.0 |  0.00
Neigh   | 0          | 0          | 0          |   0.0 |  0.00
Comm    | 0.000748   | 0.0847     | 0.14299    |  23.1 | 23.30
Output  | 0          | 0          | 0          |   0.0 |  0.00
Modify  | 0          | 0          | 0          |   0.0 |  0.00
Other   |            | 0.03291    |            |       |  9.06

Nlocal:         1094.6 ave        5473 max           0 min
Histogram: 4 0 0 0 0 0 0 0 0 1
Nghost:          574.4 ave        1436 max           0 min
Histogram: 3 0 0 0 0 0 0 0 0 2
Neighs:              0 ave           0 max           0 min
Histogram: 5 0 0 0 0 0 0 0 0 0

Total # of neighbors = 0
Ave neighs/atom = 0
Ave special neighs/atom = 0
Neighbor list builds = 0
Dangerous builds = 0

velocity        all create 300 ${seed} mom yes rot yes
velocity        all create 300 12345 mom yes rot yes

fix             Cu_thermostat all nvt temp 300 300 0.1
run             ${Nsteps}
run             5000
Per MPI rank memory allocation (min/avg/max) = 16.03 | 17.49 | 23.19 Mbytes
   Step         TotEng         KinEng         PotEng        Density          Temp          Press          Volume           Lx             Ly             Lz      
         3  -18502.827      212.19345     -18715.02       0.034422533    300            4.010916       16777216       256            256            256          
       500  -18295.236      207.399       -18502.635      0.034422533    293.22158      17.44634       16777216       256            256            256          
      1000  -18289.929      207.41692     -18497.346      0.034422533    293.24691      18.576008      16777216       256            256            256          
      1500  -18287.549      211.57217     -18499.121      0.034422533    299.12162      14.408191      16777216       256            256            256          
      2000  -18285.307      214.99501     -18500.302      0.034422533    303.96085      0.44620876     16777216       256            256            256          
      2500  -18280.744      213.83605     -18494.58       0.034422533    302.3223      -9.9395899      16777216       256            256            256          
      3000  -18282.621      211.48531     -18494.106      0.034422533    298.99882     -10.002076      16777216       256            256            256          
      3500  -18284.608      211.02706     -18495.635      0.034422533    298.35095     -17.774541      16777216       256            256            256          
      4000  -18281.932      211.5817      -18493.514      0.034422533    299.1351      -13.102941      16777216       256            256            256          
      4500  -18281.175      214.35748     -18495.532      0.034422533    303.0595      -7.7767085      16777216       256            256            256          
      5000  -18283.975      209.98543     -18493.961      0.034422533    296.87829     -0.20451848     16777216       256            256            256          
      5003  -18284.382      209.34193     -18493.724      0.034422533    295.96851      1.5259135      16777216       256            256            256          
Loop time of 83.8657 on 5 procs for 5000 steps with 5473 atoms

Performance: 25.755 ns/day, 0.932 hours/ns, 59.619 timesteps/s, 326.295 katom-step/s
90.7% CPU use with 5 MPI tasks x 1 OpenMP threads

MPI task timing breakdown:
Section |  min time  |  avg time  |  max time  |%varavg| %total
---------------------------------------------------------------
Pair    | 77.831     | 78.821     | 80.384     |  11.6 | 93.98
Bond    | 0.000898   | 0.0010102  | 0.001263   |   0.4 |  0.00
Neigh   | 0.45189    | 0.48036    | 0.5067     |   3.1 |  0.57
Comm    | 2.4743     | 4.0568     | 5.0526     |  52.7 |  4.84
Output  | 0.018931   | 0.022761   | 0.025838   |   1.7 |  0.03
Modify  | 0.23498    | 0.28169    | 0.32263    |   6.5 |  0.34
Other   |            | 0.2024     |            |       |  0.24

Nlocal:         1094.6 ave        1152 max        1072 min
Histogram: 3 0 0 1 0 0 0 0 0 1
Nghost:           3546 ave        3906 max        3281 min
Histogram: 3 0 0 0 0 0 0 0 0 2
Neighs:              0 ave           0 max           0 min
Histogram: 5 0 0 0 0 0 0 0 0 0

Total # of neighbors = 0
Ave neighs/atom = 0
Ave special neighs/atom = 0
Neighbor list builds = 50
Dangerous builds = 0
#run 100
unfix           Cu_thermostat


#Now including the N2 gas
timestep		0.001 #note faster periodic vibrations from N2 bonds (0.014ps)

#region          Cu_cut sphere 0 0 0 17
#region          n2_gas subtract box Cu_cut
region          n2_gas sphere 0 0 0 27 side out units box

bond_style		harmonic
bond_coeff		1 71.594 1.0977 #updated units to metal
special_bonds   lj/coul 0.0 0.0 1.0
Finding 1-2 1-3 1-4 neighbors ...
  special bond factors lj:    0        0        1       
  special bond factors coul:  0        0        1       
     0 = max # of 1-2 neighbors
     0 = max # of 1-3 neighbors
     1 = max # of special neighbors
  special bonds CPU = 0.000 seconds

molecule		N2molecule Cu-N2\N2mol.data
Read molecule template N2molecule:
# Molecule file for Nitrogen
  1 molecules
  0 fragments
  0 bodies
  2 atoms with max type 2
  1 bonds with max type 1
  0 angles with max type 0
  0 dihedrals with max type 0
  0 impropers with max type 0
create_atoms    0 random 2821 ${seed} n2_gas mol N2molecule ${seed} overlap 2.0 # ensures approximate set pressure, 7 bar, 300K, volume of box - volume of particle
create_atoms    0 random 2821 12345 n2_gas mol N2molecule ${seed} overlap 2.0 
create_atoms    0 random 2821 12345 n2_gas mol N2molecule 12345 overlap 2.0 
Created 5642 atoms
  using lattice units in orthogonal box = (-128 -128 -128) to (128 128 128)
  create_atoms CPU = 0.856 seconds

minimize        1e-4 1e-6 100 1000
WARNING: Using a manybody potential with bonds/angles/dihedrals and special_bond exclusions (src/pair.cpp:250)
Per MPI rank memory allocation (min/avg/max) = 17.34 | 18.79 | 24.46 Mbytes
   Step         TotEng         KinEng         PotEng        Density          Temp          Press          Volume           Lx             Ly             Lz      
      5003  -18284.541      209.34193     -18493.883      0.042244345    145.72068      1.4956696      16777216       256            256            256          
      5007  -18485.029      209.34193     -18694.37       0.042244345    145.72068     -50.81518       16777216       256            256            256          
Loop time of 0.0996224 on 5 procs for 4 steps with 11115 atoms

100.4% CPU use with 5 MPI tasks x 1 OpenMP threads

Minimization stats:
  Stopping criterion = energy tolerance
  Energy initial, next-to-last, final = 
     -18493.8828209938  -18693.3904054481  -18694.3704680941
  Force two-norm initial, final = 51.125621 11.189319
  Force max component initial, final = 1.8017304 2.4449514
  Final line search alpha, max atom move = 0.024167287 0.059087844
  Iterations, force evaluations = 4 5

MPI task timing breakdown:
Section |  min time  |  avg time  |  max time  |%varavg| %total
---------------------------------------------------------------
Pair    | 0.088419   | 0.089325   | 0.089891   |   0.2 | 89.66
Bond    | 3.9e-05    | 5.98e-05   | 7.5e-05    |   0.0 |  0.06
Neigh   | 0          | 0          | 0          |   0.0 |  0.00
Comm    | 0.002577   | 0.0032474  | 0.004272   |   1.1 |  3.26
Output  | 0          | 0          | 0          |   0.0 |  0.00
Modify  | 0          | 0          | 0          |   0.0 |  0.00
Other   |            | 0.00699    |            |       |  7.02

Nlocal:           2223 ave        2511 max        1852 min
Histogram: 2 0 0 0 0 0 0 0 1 2
Nghost:           4505 ave        4620 max        4413 min
Histogram: 2 0 1 0 0 0 0 0 0 2
Neighs:              0 ave           0 max           0 min
Histogram: 5 0 0 0 0 0 0 0 0 0

Total # of neighbors = 0
Ave neighs/atom = 0
Ave special neighs/atom = 0.50760234
Neighbor list builds = 0
Dangerous builds = 0

group           copper type 1
5473 atoms in group copper
group           nitrogen type 2
5642 atoms in group nitrogen

#delete_atoms    overlap 1.5 nitrogen copper units box## instead of minimise?
velocity        nitrogen create 300 ${seed} mom yes rot yes
velocity        nitrogen create 300 12345 mom yes rot yes

#Continued minimisation
fix             CuN2_thermostat all nvt temp 300 300 0.1
run             ${Nsteps}
run             5000
WARNING: Using a manybody potential with bonds/angles/dihedrals and special_bond exclusions (src/pair.cpp:250)
Per MPI rank memory allocation (min/avg/max) = 16.28 | 17.73 | 23.4 Mbytes
   Step         TotEng         KinEng         PotEng        Density          Temp          Press          Volume           Lx             Ly             Lz      
      5007  -18266.282      428.08888     -18694.37       0.042244345    297.98809     -36.888705      16777216       256            256            256          
      5500  -18109.245      436.55535     -18545.8        0.042244345    303.88152      51.310307      16777216       256            256            256          
      6000  -18111.531      422.1337      -18533.665      0.042244345    293.84276     -23.542682      16777216       256            256            256          
      6500  -18122.868      450.2451      -18573.113      0.042244345    313.4108       25.613107      16777216       256            256            256          
      7000  -18123.952      429.46836     -18553.42       0.042244345    298.94834      7.4421413      16777216       256            256            256          
      7500  -18123.155      417.08683     -18540.242      0.042244345    290.32968     -1.4271542      16777216       256            256            256          
      8000  -18126.636      436.62603     -18563.262      0.042244345    303.93071      36.631329      16777216       256            256            256          
      8500  -18118.672      439.91044     -18558.582      0.042244345    306.21695     -20.616616      16777216       256            256            256          
      9000  -18123.344      423.05571     -18546.4        0.042244345    294.48456      47.797342      16777216       256            256            256          
      9500  -18119.583      432.05944     -18551.642      0.042244345    300.75196     -17.009662      16777216       256            256            256          
     10000  -18122.868      442.44581     -18565.314      0.042244345    307.9818       24.797162      16777216       256            256            256          
     10007  -18122.953      442.11632     -18565.069      0.042244345    307.75245      26.170114      16777216       256            256            256          
Loop time of 86.2536 on 5 procs for 5000 steps with 11115 atoms

Performance: 5.008 ns/day, 4.792 hours/ns, 57.969 timesteps/s, 644.321 katom-step/s
93.7% CPU use with 5 MPI tasks x 1 OpenMP threads

MPI task timing breakdown:
Section |  min time  |  avg time  |  max time  |%varavg| %total
---------------------------------------------------------------
Pair    | 80.267     | 81.288     | 82.821     |  11.5 | 94.24
Bond    | 0.024245   | 0.034571   | 0.043715   |   4.6 |  0.04
Neigh   | 1.0854     | 1.0912     | 1.0965     |   0.4 |  1.27
Comm    | 1.8869     | 3.4057     | 4.4168     |  55.5 |  3.95
Output  | 0.035608   | 0.039979   | 0.044192   |   1.5 |  0.05
Modify  | 0.23195    | 0.24976    | 0.2661     |   2.8 |  0.29
Other   |            | 0.1441     |            |       |  0.17

Nlocal:           2223 ave        2520 max        1830 min
Histogram: 2 0 0 0 0 0 0 0 2 1
Nghost:         4559.8 ave        4708 max        4429 min
Histogram: 1 0 1 0 1 0 1 0 0 1
Neighs:              0 ave           0 max           0 min
Histogram: 5 0 0 0 0 0 0 0 0 0

Total # of neighbors = 0
Ave neighs/atom = 0
Ave special neighs/atom = 0.50760234
Neighbor list builds = 100
Dangerous builds = 0
unfix           CuN2_thermostat

#N2 equilibrium with thermostat on nano particle
fix             CuN2_equlib all npt temp 300 300 0.1 iso 7.0 7.0 1.0
#fix             Cu_thermostat copper nvt temp 300 300 0.1

run             $(v_Nsteps*10)
run             50000
WARNING: Using a manybody potential with bonds/angles/dihedrals and special_bond exclusions (src/pair.cpp:250)
Per MPI rank memory allocation (min/avg/max) = 16.29 | 17.74 | 23.4 Mbytes
   Step         TotEng         KinEng         PotEng        Density          Temp          Press          Volume           Lx             Ly             Lz      
     10007  -18122.953      442.11632     -18565.069      0.042244345    307.75245      26.170114      16777216       256            256            256          
     10500  -18120.83       432.65685     -18553.487      0.041292553    301.16781      12.251235      17163930       257.95201      257.95201      257.95201    
     11000  -18124.106      427.15612     -18551.262      0.040346887    297.33881      8.4561643      17566225       259.95179      259.95179      259.95179    
     11500  -18127.39       434.67828     -18562.068      0.039364345    302.57491      9.4323128      18004682       262.09686      262.09686      262.09686    
     12000  -18127.798      430.93519     -18558.733      0.038359865    299.96938      8.3634449      18476147       264.36491      264.36491      264.36491    
     12500  -18127.984      422.09738     -18550.081      0.037355622    293.81748      9.2627065      18972847       266.71299      266.71299      266.71299    
     13000  -18125.802      427.64153     -18553.443      0.036404154    297.6767       7.6570204      19468726       269.01666      269.01666      269.01666    
     13500  -18123.252      435.22112     -18558.473      0.035531027    302.95277      7.1681459      19947144       271.20243      271.20243      271.20243    
     14000  -18125.228      425.9123      -18551.14       0.034746918    296.473        10.659798      20397277       273.22728      273.22728      273.22728    
     14500  -18129.424      420.67809     -18550.103      0.033968293    292.82952      13.005417      20864826       275.29918      275.29918      275.29918    
     15000  -18128.588      426.44045     -18555.029      0.033280609    296.84064      5.2964416      21295960       277.18246      277.18246      277.18246    
     15500  -18128.081      428.03635     -18556.117      0.032680469    297.95153      4.9976211      21687036       278.86889      278.86889      278.86889    
     16000  -18126.454      423.94607     -18550.4        0.032148152    295.10433      10.39854       22046135       280.39966      280.39966      280.39966    
     16500  -18125.791      427.55999     -18553.351      0.031703655    297.61994      9.9711498      22355230       281.70402      281.70402      281.70402    
     17000  -18123.596      433.95368     -18557.55       0.031271636    302.07052      4.0284216      22664069       282.99535      282.99535      282.99535    
     17500  -18123.49       426.83119     -18550.321      0.030917125    297.11263      9.0117649      22923946       284.07289      284.07289      284.07289    
     18000  -18125.347      425.18014     -18550.527      0.030641966    295.96336      11.757597      23129799       284.92067      284.92067      284.92067    
     18500  -18125.939      428.83163     -18554.77       0.030393982    298.50512      2.5767733      23318515       285.69346      285.69346      285.69346    
     19000  -18126.011      427.16571     -18553.177      0.030193495    297.34549      4.7065164      23473351       286.3244       286.3244       286.3244     
     19500  -18122.518      427.28738     -18549.805      0.030091442    297.43018      10.363761      23552959       286.64772      286.64772      286.64772    
     20000  -18124.369      427.41505     -18551.784      0.030005346    297.51905      5.1404482      23620541       286.92163      286.92163      286.92163    
     20500  -18125.087      432.26053     -18557.348      0.029986679    300.89194      1.4960311      23635245       286.98115      286.98115      286.98115    
     21000  -18124.119      427.04789     -18551.166      0.03002213     297.26348      9.1451827      23607336       286.86815      286.86815      286.86815    
     21500  -18125.45       425.96269     -18551.413      0.030093937    296.50808      6.5466445      23551006       286.6398       286.6398       286.6398     
     22000  -18127.775      429.05653     -18556.832      0.030235903    298.66166      3.6161982      23440428       286.19048      286.19048      286.19048    
     22500  -18126.972      429.39843     -18556.37       0.030442375    298.89966      10.024757      23281446       285.54199      285.54199      285.54199    
     23000  -18127.811      425.42416     -18553.235      0.030651667    296.13322      11.300764      23122479       284.89061      284.89061      284.89061    
     23500  -18125.475      429.45189     -18554.927      0.030873091    298.93687      8.68066        22956642       284.20788      284.20788      284.20788    
     24000  -18126.938      429.44181     -18556.38       0.031159114    298.92986      6.8424757      22745913       283.33559      283.33559      283.33559    
     24500  -18125.713      429.67419     -18555.387      0.031465321    299.09162      8.4273459      22524560       282.41349      282.41349      282.41349    
     25000  -18129.837      424.1632      -18554          0.031771834    295.25547      8.9056363      22307258       281.50238      281.50238      281.50238    
     25500  -18134.777      424.78278     -18559.56       0.032088192    295.68676      7.7275809      22087331       280.57421      280.57421      280.57421    
     26000  -18131.087      427.06338     -18558.151      0.03239858     297.27426      4.472718       21875728       279.67534      279.67534      279.67534    
     26500  -18129.265      428.19187     -18557.456      0.032666411    298.05979      1.542438       21696369       278.90889      278.90889      278.90889    
     27000  -18126.548      428.96049     -18555.509      0.032975578    298.59481      5.5270972      21492952       278.0345       278.0345       278.0345     
     27500  -18126.841      432.50957     -18559.351      0.033262023    301.06529      7.0193388      21307860       277.23408      277.23408      277.23408    
     28000  -18126.413      431.44518     -18557.859      0.03350733     300.32438      4.0915607      21151865       276.55587      276.55587      276.55587    
     28500  -18127.701      429.57271     -18557.274      0.033759771    299.02097      7.2000337      20993700       275.86482      275.86482      275.86482    
     29000  -18126          433.90332     -18559.903      0.033944467    302.03546      10.358295      20879471       275.36358      275.36358      275.36358    
     29500  -18128.483      430.80282     -18559.286      0.034148101    299.87724      10.808528      20754961       274.81513      274.81513      274.81513    
     30000  -18124.68       433.29183     -18557.972      0.034282974    301.60981      5.0176558      20673309       274.45427      274.45427      274.45427    
     30500  -18126.848      431.86888     -18558.717      0.034377515    300.61931      9.8235227      20616456       274.20245      274.20245      274.20245    
     31000  -18125.78       436.11606     -18561.896      0.034446542    303.57573      7.6432438      20575143       274.01917      274.01917      274.01917    
     31500  -18127.975      431.84369     -18559.818      0.034487821    300.60178      1.6702721      20550516       273.9098       273.9098       273.9098     
     32000  -18129.044      429.10391     -18558.148      0.034505823    298.69465      6.798553       20539794       273.86216      273.86216      273.86216    
     32500  -18133.021      429.18752     -18562.209      0.034513087    298.75285      15.333202      20535471       273.84295      273.84295      273.84295    
     33000  -18130.842      430.93907     -18561.781      0.034451785    299.97208      4.1004982      20572012       274.00527      274.00527      274.00527    
     33500  -18129.12       431.61702     -18560.737      0.034402349    300.444        5.678399       20601573       274.13646      274.13646      274.13646    
     34000  -18131.834      428.81275     -18560.646      0.034307674    298.49197      15.248176      20658425       274.38839      274.38839      274.38839    
     34500  -18135.133      427.34497     -18562.478      0.034137865    297.47027      8.8501282      20761184       274.8426       274.8426       274.8426     
     35000  -18138.496      425.11417     -18563.61       0.033963899    295.91743      0.7524581      20867525       275.31105      275.31105      275.31105    
     35500  -18135.324      426.98904     -18562.313      0.033832539    297.22251      7.606858       20948546       275.66691      275.66691      275.66691    
     36000  -18133.702      428.60801     -18562.31       0.033659646    298.34946      12.592909      21056149       276.13809      276.13809      276.13809    
     36500  -18133.178      425.05254     -18558.23       0.033442146    295.87454      6.127813       21193093       276.73544      276.73544      276.73544    
     37000  -18134.094      425.76499     -18559.859      0.03325483     296.37046      2.0657236      21312469       277.25406      277.25406      277.25406    
     37500  -18134.772      429.86154     -18564.634      0.033082002    299.22203      5.2041219      21423809       277.73604      277.73604      277.73604    
     38000  -18128.783      432.04011     -18560.823      0.032877407    300.73851      6.8593016      21557129       278.31096      278.31096      278.31096    
     38500  -18129.642      429.84988     -18559.491      0.032716762    299.21391      5.0802545      21662979       278.76574      278.76574      278.76574    
     39000  -18127.988      433.04744     -18561.036      0.032534566    301.43969      3.5882763      21784292       279.28513      279.28513      279.28513    
     39500  -18129.925      432.53989     -18562.465      0.032376609    301.0864       6.6310624      21890572       279.73858      279.73858      279.73858    
     40000  -18128.904      433.12657     -18562.031      0.032267973    301.49478      8.3994356      21964271       280.05216      280.05216      280.05216    
     40500  -18122.511      435.88796     -18558.399      0.032141365    303.41695      4.1868375      22050790       280.4194       280.4194       280.4194     
     41000  -18125.071      434.49188     -18559.563      0.032094689    302.44516      11.035963      22082859       280.55527      280.55527      280.55527    
     41500  -18128.618      432.44579     -18561.063      0.032028489    301.0209       11.695185      22128503       280.74844      280.74844      280.74844    
     42000  -18128.948      433.42074     -18562.368      0.03194035     301.69955      4.8923735      22189566       281.00644      281.00644      281.00644    
     42500  -18127.32       433.13041     -18560.451      0.031920549    301.49745      3.7414936      22203331       281.06453      281.06453      281.06453    
     43000  -18123.931      438.23077     -18562.162      0.031946719    305.04776      11.318625      22185142       280.98776      280.98776      280.98776    
     43500  -18124.387      436.48647     -18560.874      0.031924433    303.83357      9.1249801      22200629       281.05313      281.05313      281.05313    
     44000  -18128.499      434.17893     -18562.678      0.031939968    302.22731      1.3303923      22189832       281.00756      281.00756      281.00756    
     44500  -18130.345      434.35272     -18564.697      0.032020023    302.34829      4.9086769      22134353       280.77317      280.77317      280.77317    
     45000  -18128.755      432.1248      -18560.879      0.032105302    300.79746      6.4644366      22075560       280.52436      280.52436      280.52436    
     45500  -18127.224      433.75287     -18560.977      0.032209953    301.93074      3.1051688      22003835       280.22021      280.22021      280.22021    
     46000  -18130.324      432.05395     -18562.378      0.032360533    300.74814      8.0750663      21901447       279.7849       279.7849       279.7849     
     46500  -18131.892      433.69316     -18565.585      0.032513688    301.88918      5.5838329      21798281       279.3449       279.3449       279.3449     
     47000  -18131.145      433.60172     -18564.747      0.032686233    301.82552      4.359205       21683211       278.85249      278.85249      278.85249    
     47500  -18129.449      435.29936     -18564.748      0.032818873    303.00723      8.1053705      21595577       278.47632      278.47632      278.47632    
     48000  -18132.91       432.48545     -18565.395      0.032970606    301.0485       6.8998074      21496193       278.04848      278.04848      278.04848    
     48500  -18129.444      434.51185     -18563.956      0.033108019    302.45906      0.47881223     21406974       277.66327      277.66327      277.66327    
     49000  -18132.981      431.59383     -18564.575      0.033290055    300.42785      4.9939047      21289917       277.15624      277.15624      277.15624    
     49500  -18130.43       433.8458      -18564.276      0.033472206    301.99542      12.884854      21174060       276.65257      276.65257      276.65257    
     50000  -18137.05       431.05014     -18568.1        0.033596234    300.0494       2.4729093      21095891       276.31171      276.31171      276.31171    
     50500  -18136.995      429.7536      -18566.749      0.033767768    299.14689      6.1321631      20988728       275.84305      275.84305      275.84305    
     51000  -18135.197      432.86739     -18568.064      0.033908762    301.31437      10.158902      20901456       275.46019      275.46019      275.46019    
     51500  -18137.585      431.43983     -18569.025      0.034039694    300.32066      9.8271067      20821060       275.10656      275.10656      275.10656    
     52000  -18140.048      430.77749     -18570.826      0.034132269    299.85961      4.9401915      20764588       274.85762      274.85762      274.85762    
     52500  -18140.125      429.37304     -18569.498      0.034195235    298.88198      10.24441       20726353       274.68881      274.68881      274.68881    
     53000  -18134.137      433.20279     -18567.34       0.034281248    301.54783      14.063803      20674350       274.45888      274.45888      274.45888    
     53500  -18135.28       433.05214     -18568.332      0.03433318     301.44297      9.3060077      20643078       274.32043      274.32043      274.32043    
     54000  -18134.696      433.863       -18568.559      0.034312089    302.0074       8.3812804      20655767       274.37662      274.37662      274.37662    
     54500  -18131.588      435.6335      -18567.222      0.034344552    303.23982      10.631334      20636243       274.29015      274.29015      274.29015    
     55000  -18132.597      433.24635     -18565.843      0.03431432     301.57816      6.5498814      20654424       274.37068      274.37068      274.37068    
     55500  -18132.846      436.04136     -18568.887      0.034204228    303.52374     -0.54784947     20720903       274.66473      274.66473      274.66473    
     56000  -18135.924      431.16841     -18567.092      0.034177609    300.13172      8.6169626      20737042       274.73602      274.73602      274.73602    
     56500  -18134.234      434.47247     -18568.707      0.034092443    302.43164      7.2139304      20788845       274.9646       274.9646       274.9646     
     57000  -18138.261      429.67959     -18567.94       0.03395761     299.09537      0.7574575      20871390       275.32805      275.32805      275.32805    
     57500  -18133.641      434.03008     -18567.671      0.033891849    302.1237       11.236695      20911887       275.50601      275.50601      275.50601    
     58000  -18129.917      437.21541     -18567.132      0.033727868    304.34097      8.4318203      21013558       275.95178      275.95178      275.95178    
     58500  -18135.81       434.91153     -18570.721      0.033599953    302.73727      4.6154111      21093557       276.30152      276.30152      276.30152    
     59000  -18137.368      432.46962     -18569.838      0.033457004    301.03748      4.3239225      21183681       276.69447      276.69447      276.69447    
     59500  -18135.876      431.81973     -18567.695      0.033279482    300.5851       8.4598886      21296681       277.18558      277.18558      277.18558    
     60000  -18137.787      430.7146      -18568.502      0.033148411    299.81583      8.1962232      21380890       277.55044      277.55044      277.55044    
     60007  -18137.624      430.99287     -18568.617      0.033142699    300.00953      7.5121742      21384574       277.56639      277.56639      277.56639    
Loop time of 994.577 on 5 procs for 50000 steps with 11115 atoms

Performance: 4.344 ns/day, 5.525 hours/ns, 50.273 timesteps/s, 558.780 katom-step/s
90.4% CPU use with 5 MPI tasks x 1 OpenMP threads

MPI task timing breakdown:
Section |  min time  |  avg time  |  max time  |%varavg| %total
---------------------------------------------------------------
Pair    | 846.12     | 879.9      | 929.11     | 111.4 | 88.47
Bond    | 0.38787    | 0.56711    | 0.70774    |  18.9 |  0.06
Neigh   | 17.67      | 17.771     | 17.857     |   1.9 |  1.79
Comm    | 25.026     | 73.872     | 107.52     | 384.9 |  7.43
Output  | 0.37237    | 0.42068    | 0.46988    |   5.3 |  0.04
Modify  | 14.37      | 15.401     | 15.93      |  13.9 |  1.55
Other   |            | 6.643      |            |       |  0.67

Nlocal:           2223 ave        2404 max        1927 min
Histogram: 1 1 0 0 0 0 0 0 0 3
Nghost:         4446.2 ave        4541 max        4358 min
Histogram: 1 0 1 0 0 1 1 0 0 1
Neighs:              0 ave           0 max           0 min
Histogram: 5 0 0 0 0 0 0 0 0 0

Total # of neighbors = 0
Ave neighs/atom = 0
Ave special neighs/atom = 0.50760234
Neighbor list builds = 1363
Dangerous builds = 0

unfix           CuN2_equlib
#unfix          Cu_thermostat


#Simulation continues
#fix			    integrator all nve # set up F=ma integration
#run				${Nsteps}


print           "simulation done."
simulation done.
Total wall time: 0:19:26
