

thermo_style            custom step etotal ke pe density temp press
thermo                  1000

dump                    myDump all xyz 10000 N2_Shock/dump/all_dump_Ti_100.xyz #Dump all atoms
dump                    TiDump titanium xyz 1000 N2_Shock/dump/Ti_dump_100.xyz #Dump Ti atoms

dump_modify             myDump append yes
dump_modify             TiDump append yes

# ----------------------------
# Boundary conditions
# ----------------------------


comm_style              tiled
comm_modify             vel yes

neighbor                1.5 bin
#fix xwall_low all wall/reflect xlo 0 units box
fix                     balance all balance 1000 1.2 rcb # how to assign the domain to different processors
fix                     xwall_high all wall/reflect xhi 26000 units box #----------------------------------------------------------------------------------------CHANGE
neigh_modify            delay 0 every 1 check yes #comuptational save for rebuilding members (very valid for solid simulations)


# Continue piston from previous position

variable                piston_start equal 900000 #----------------------------------------------------------------------------------------CHANGE

variable                wall_mov equal (step+v_piston_start)*dt*14.21

fix                     piston all wall/reflect xlo v_wall_mov units box


# ----------------------------
# Integration
# ----------------------------

fix integrator all nve


# ----------------------------
# Density measurement
# ----------------------------

compute chunks_x nitrogen chunk/atom bin/1d x 0.0 10.0 units box

compute temp_chunk nitrogen temp/chunk chunks_x temp com yes


fix N2_properties nitrogen ave/chunk 100 10 1000 chunks_x vx temp density/number density/mass bias temp_chunk norm sample append N2_Shock/profiles/N2_gas_Ti_100.profile

#computing Ti particle parameter

compute Ti_com titanium com #com position
variable Ti_vx equal vcm(titanium,x) #Com velcoties
variable Ti_vy equal vcm(titanium,y)
variable Ti_vz equal vcm(titanium,z)
compute Ti_temp titanium temp/com #particle temp -removing com motion
compute Ti_gyr titanium gyration #particle radius of gyration

compute Ti_ke_atom titanium ke/atom #Ke of titanium atoms
compute Ti_ke titanium reduce sum c_Ti_ke_atom #sums to find total

compute Ti_pe_atom titanium pe/atom #as aboce, for PE
compute Ti_pe titanium reduce sum c_Ti_pe_atom

fix Ti_properties titanium ave/time 100 10 1000 c_Ti_com[*] v_Ti_vx v_Ti_vy v_Ti_vz c_Ti_temp c_Ti_ke c_Ti_pe c_Ti_gyr append N2_Shock/profiles/Ti_particle_100.profile
#-------------------------------------------------------------------------------------------------------------------------------------------CHANGE

# ----------------------------
# Gas around partcile
# ----------------------------

variable xc equal c_Ti_com[1]
variable yc equal c_Ti_com[2]
variable zc equal c_Ti_com[3]


#region gas_shell sphere v_xc v_yc v_zc 40
#group localGas dynamic nitrogen region gas_shell every 10
#compute gasTemp localGas temp/com
#fix gasTempOut all ave/time 100 10 1000 c_gasTemp file N2_Shock/profiles/local_gas_temp_Ti.profile

variable r atom sqrt((x-v_xc)^2 + (y-v_yc)^2 + (z-v_zc)^2)

#Assigning atoms
variable shell1_front atom (v_r>=50.0)&&(v_r<70.0)&&(x<v_xc)
variable shell2_front atom (v_r>=70.0)&&(v_r<90.0)&&(x<v_xc)
variable shell3_front atom (v_r>=90.0)&&(v_r<110.0)&&(x<v_xc)
variable shell1_rear atom (v_r>=50.0)&&(v_r<70.0)&&(x>v_xc)
variable shell2_rear atom (v_r>=70.0)&&(v_r<90.0)&&(x>v_xc)
variable shell3_rear atom (v_r>=90.0)&&(v_r<110.0)&&(x>v_xc)

#assigning dynamic groups
group shell1_front dynamic nitrogen var shell1_front every 10
dynamic group shell1_front defined
group shell2_front dynamic nitrogen var shell2_front every 10
dynamic group shell2_front defined
group shell3_front dynamic nitrogen var shell3_front every 10
dynamic group shell3_front defined
group shell1_rear  dynamic nitrogen var shell1_rear  every 10
dynamic group shell1_rear defined
group shell2_rear  dynamic nitrogen var shell2_rear  every 10
dynamic group shell2_rear defined
group shell3_rear  dynamic nitrogen var shell3_rear  every 10
dynamic group shell3_rear defined

#computing com corrected temps
compute T1_front shell1_front temp/com
compute T2_front shell2_front temp/com
compute T3_front shell3_front temp/com
compute T1_rear shell1_rear temp/com
compute T2_rear shell2_rear temp/com
compute T3_rear shell3_rear temp/com

fix gasTemps nitrogen ave/time 100 10 1000 c_T1_front c_T2_front c_T3_front c_T1_rear c_T2_rear c_T3_rear append N2_Shock/profiles/gas_shell_temperature_Ti_100.profile



# ------------------------------------------------------------
# Ti partcile Grid parameters
# ------------------------------------------------------------

variable        Ngrid equal 5
variable        grid_size equal 25.0 #12 * (25 + 5) = 300 + 60
variable        grid_half equal v_Ngrid*v_grid_size/2.0

#assigns a quantised position from 0-11
variable        ix atom floor((x-v_xc+v_grid_half)/v_grid_size)
variable        iy atom floor((y-v_yc+v_grid_half)/v_grid_size)
variable        iz atom floor((z-v_zc+v_grid_half)/v_grid_size)

#converts the calculated atom psoition to a given cell - 0 if outside specificed region
variable        cell_ID atom 1+v_ix+v_Ngrid*v_iy+v_Ngrid*v_Ngrid*v_iz

compute         Ti_grid titanium chunk/atom v_cell_ID
compute         Ti_grid_temp titanium temp/chunk Ti_grid temp com yes


fix Ti_grid_output titanium ave/chunk 100 10 1000 Ti_grid temp c_Ti_ke_atom c_Ti_pe_atom bias Ti_grid_temp norm sample append N2_Shock/profiles/Ti_100_grid_properties.profile

# ----------------------------
# Restart files
# ----------------------------

restart 100000 N2_Shock/restart/combined_Ti_100.restart #---------------------------------------------------------------------CHANGE
#minimize 1e-4 1e-6 100 1000

fix integrator all nve
run 400000 #--------------------------------------------------------------------------------------------------------------------CHANGE
WARNING: Using a manybody potential with bonds/angles/dihedrals and special_bond exclusions (src/pair.cpp:253)
Neighbor list info ...
  update: every = 1 steps, delay = 0 steps, check = yes
  max neighbors/atom: 2000, page size: 100000
  master list distance cutoff = 16.5
  ghost atom cutoff = 16.5
  binsize = 8.25, bins = 3152 38 38
  3 neighbor lists, perpetual/occasional/extra = 3 0 0
  (1) pair eam/fs, perpetual, skip from (3)
      attributes: half, newton on
      pair build: skip
      stencil: none
      bin: none
  (2) pair lj/cut, perpetual, skip from (3)
      attributes: half, newton on
      pair build: skip
      stencil: none
      bin: none
  (3) neighbor class addition, perpetual
      attributes: half, newton on
      pair build: half/bin/newton
      stencil: half/bin/3d
      bin: standard
Per MPI rank memory allocation (min/avg/max) = 36.28 | 66.93 | 151.2 Mbytes
   Step         TotEng         KinEng         PotEng        Density          Temp          Press     
         0   121249.99      267618.71     -146368.72      0.010748194    1962.4126      91.068297    
      1000   121415.66      267760.58     -146344.91      0.010748194    1963.4529      90.872323    
      2000   121573.36      267909.86     -146336.5       0.010748194    1964.5475      91.538566    
      3000   121722.11      268087.67     -146365.57      0.010748194    1965.8514      91.66448     
      4000   121888.94      268260.69     -146371.75      0.010748194    1967.1201      90.936329    
      5000   122037.49      268374.06     -146336.56      0.010748194    1967.9514      91.671028    
      6000   122191.96      268555.06     -146363.11      0.010748194    1969.2787      92.110407    
      7000   122349.02      268719.42     -146370.4       0.010748194    1970.4839      91.230123    
      8000   122506.91      268881.76     -146374.84      0.010748194    1971.6743      91.106384    
      9000   122656         269028.27     -146372.27      0.010748194    1972.7487      92.204402    
     10000   122809.09      269143.02     -146333.94      0.010748194    1973.5902      91.374588    
     11000   122967.63      269321.94     -146354.3       0.010748194    1974.9021      91.981362    
     12000   123113.43      269469.89     -146356.47      0.010748194    1975.9871      92.305489    
     13000   123278.69      269634.47     -146355.78      0.010748194    1977.1939      92.039872    
     14000   123427.72      269765.14     -146337.41      0.010748194    1978.152       91.582781    
     15000   123591.61      269922.23     -146330.62      0.010748194    1979.304       92.2074      
     16000   123744.74      270091.75     -146347         0.010748194    1980.547       92.131673    
     17000   123879.26      270241.27     -146362.01      0.010748194    1981.6434      91.948448    
     18000   124036.13      270361.46     -146325.34      0.010748194    1982.5248      92.469435    
     19000   124203.92      270542.59     -146338.67      0.010748194    1983.853       92.124452    
     20000   124359.95      270717.95     -146358         0.010748194    1985.1389      92.445291    
     21000   124502.34      270810.59     -146308.24      0.010748194    1985.8182      92.55822     
     22000   124657.73      270973.38     -146315.65      0.010748194    1987.0119      92.316167    
     23000   124805.08      271144.35     -146339.27      0.010748194    1988.2656      92.754004    
     24000   124976.18      271306.77     -146330.58      0.010748194    1989.4566      92.370479    
     25000   125149.82      271482.62     -146332.8       0.010748194    1990.7461      92.558495    
     26000   125285.35      271633.56     -146348.21      0.010748194    1991.8529      93.12896     
     27000   125461.73      271789.18     -146327.45      0.010748194    1992.9941      92.404499    
     28000   125615.21      271943.59     -146328.39      0.010748194    1994.1264      92.552175    
     29000   125766.87      272086.27     -146319.4       0.010748194    1995.1726      92.846085    
     30000   125931.64      272269.47     -146337.83      0.010748194    1996.516       92.83174     
     31000   126073.11      272417.84     -146344.73      0.010748194    1997.604       92.58742     
     32000   126247.85      272592.93     -146345.08      0.010748194    1998.8879      93.47057     
     33000   126383.59      272708.46     -146324.87      0.010748194    1999.7351      93.035       
     34000   126559.11      272901.63     -146342.52      0.010748194    2001.1515      92.925283    
     35000   126720.37      273022.24     -146301.87      0.010748194    2002.0359      93.268365    
     36000   126881.27      273201.9      -146320.62      0.010748194    2003.3534      93.303225    
     37000   127024.59      273348.96     -146324.37      0.010748194    2004.4317      93.117136    
     38000   127202.37      273538.54     -146336.17      0.010748194    2005.8219      93.68182     
     39000   127360.64      273702.39     -146341.75      0.010748194    2007.0234      93.154974    
     40000   127531.94      273855.09     -146323.15      0.010748194    2008.1431      93.551238    
     41000   127696.7       274009.09     -146312.4       0.010748194    2009.2724      93.71953     
     42000   127844.17      274178.08     -146333.9       0.010748194    2010.5116      93.498749    
     43000   128016.9       274344.56     -146327.66      0.010748194    2011.7324      93.849333    
     44000   128164.47      274459.68     -146295.2       0.010748194    2012.5765      93.624281    
     45000   128307.18      274599.99     -146292.81      0.010748194    2013.6054      93.680906    
     46000   128471.99      274800.76     -146328.77      0.010748194    2015.0776      93.531485    
     47000   128643.69      274940.14     -146296.45      0.010748194    2016.0997      93.954943    
     48000   128801.08      275107.54     -146306.46      0.010748194    2017.3272      93.826674    
     49000   128964.87      275261.27     -146296.4       0.010748194    2018.4545      93.514426    
     50000   129121.68      275423.55     -146301.87      0.010748194    2019.6444      94.490518    
     51000   129275         275552.68     -146277.68      0.010748194    2020.5913      93.933635    
     52000   129414.99      275727.24     -146312.25      0.010748194    2021.8714      94.156294    
     53000   129591.47      275873.61     -146282.15      0.010748194    2022.9447      94.058942    
     54000   129758.58      276032.34     -146273.76      0.010748194    2024.1086      94.060666    
     55000   129916.82      276183.88     -146267.06      0.010748194    2025.2198      94.200443    
     56000   130060.54      276345.82     -146285.28      0.010748194    2026.4073      94.75782     
     57000   130231.91      276480.97     -146249.07      0.010748194    2027.3984      93.936527    
     58000   130386.35      276641.8      -146255.45      0.010748194    2028.5777      94.601746    
     59000   130542.01      276807.41     -146265.4       0.010748194    2029.7921      94.070763    
     60000   130703.84      276947.85     -146244.01      0.010748194    2030.8219      95.132698    
     61000   130856         277056.62     -146200.63      0.010748194    2031.6195      94.011436    
     62000   131005.17      277251.71     -146246.54      0.010748194    2033.0501      94.690984    
     63000   131167.46      277363.4      -146195.94      0.010748194    2033.8691      94.966885    
     64000   131320.49      277512.6      -146192.11      0.010748194    2034.9632      94.47363     
     65000   131484.59      277648.57     -146163.98      0.010748194    2035.9602      94.454557    
     66000   131667.21      277840.58     -146173.36      0.010748194    2037.3682      95.349852    
     67000   131821.39      277982.82     -146161.43      0.010748194    2038.4112      94.348638    
     68000   131991.39      278128.18     -146136.79      0.010748194    2039.4771      95.540395    
     69000   132152.28      278260.95     -146108.67      0.010748194    2040.4507      94.873203    
     70000   132294.12      278419.79     -146125.67      0.010748194    2041.6155      94.664132    
     71000   132457.47      278534.36     -146076.89      0.010748194    2042.4556      95.536391    
     72000   132619.75      278681.33     -146061.57      0.010748194    2043.5333      94.949948    
     73000   132777.44      278834.68     -146057.24      0.010748194    2044.6578      95.128274    
     74000   132930.3       278981.39     -146051.09      0.010748194    2045.7336      95.219292    
     75000   133083.96      279149.54     -146065.58      0.010748194    2046.9666      95.331417    
     76000   133241.43      279255.74     -146014.3       0.010748194    2047.7453      95.209185    
     77000   133395.31      279422.97     -146027.66      0.010748194    2048.9717      94.959147    
     78000   133551.3       279540.53     -145989.23      0.010748194    2049.8337      95.719486    
     79000   133724.64      279700.14     -145975.5       0.010748194    2051.0041      95.162757    
     80000   133860.47      279826.07     -145965.6       0.010748194    2051.9275      95.613785    
     81000   134013.4       279954.3      -145940.9       0.010748194    2052.8678      95.520939    
     82000   134165.74      280087.91     -145922.18      0.010748194    2053.8476      95.772695    
     83000   134317.17      280238.08     -145920.91      0.010748194    2054.9488      95.555474    
     84000   134461.7       280374.46     -145912.76      0.010748194    2055.9488      95.536154    
     85000   134621.44      280523.79     -145902.35      0.010748194    2057.0438      95.927749    
     86000   134780.47      280686.61     -145906.15      0.010748194    2058.2378      95.719171    
     87000   134950.87      280846.67     -145895.79      0.010748194    2059.4114      95.745639    
     88000   135105.26      280979.8      -145874.54      0.010748194    2060.3877      95.916485    
     89000   135264.36      281109.28     -145844.92      0.010748194    2061.3371      95.835605    
     90000   135418.49      281267.63     -145849.14      0.010748194    2062.4983      95.856036    
     91000   135578.05      281415.58     -145837.54      0.010748194    2063.5832      95.822735    
     92000   135744.22      281558.21     -145813.98      0.010748194    2064.6291      96.229971    
     93000   135906.29      281699.76     -145793.47      0.010748194    2065.6671      95.508423    
     94000   136078.51      281872.98     -145794.48      0.010748194    2066.9373      96.300987    
     95000   136223.45      282006.89     -145783.44      0.010748194    2067.9192      96.191163    
     96000   136358.34      282127.71     -145769.37      0.010748194    2068.8052      95.949491    
     97000   136502.55      282235.4      -145732.85      0.010748194    2069.5948      96.307984    
     98000   136683.6       282413.57     -145729.97      0.010748194    2070.9013      96.151206    
     99000   136838.18      282549.7      -145711.52      0.010748194    2071.8995      96.730432    
    100000   137000.91      282715.37     -145714.47      0.010748194    2073.1144      95.41306     
    101000   137162.6       282839.19     -145676.59      0.010748194    2074.0223      97.017025    
    102000   137327.91      283012.35     -145684.43      0.010748194    2075.2921      96.274673    
    103000   137475.21      283143.69     -145668.49      0.010748194    2076.2552      95.834638    
    104000   137632.5       283287.57     -145655.06      0.010748194    2077.3102      96.804986    
    105000   137773.68      283400.17     -145626.49      0.010748194    2078.1359      96.36966     
    106000   137927.89      283553.47     -145625.58      0.010748194    2079.2601      96.409124    
    107000   138080.47      283708.12     -145627.66      0.010748194    2080.3941      96.871585    
    108000   138232.48      283844.8      -145612.33      0.010748194    2081.3964      96.776919    
    109000   138377.61      283972.79     -145595.18      0.010748194    2082.3349      96.367798    
    110000   138540.81      284124.74     -145583.93      0.010748194    2083.4491      96.85648     
    111000   138704.53      284278.25     -145573.72      0.010748194    2084.5748      96.791839    
    112000   138863.5       284418.34     -145554.83      0.010748194    2085.602       96.921583    
    113000   139031.8       284600        -145568.2       0.010748194    2086.9341      96.57582     
    114000   139181.26      284720.38     -145539.12      0.010748194    2087.8169      96.736151    
    115000   139346.92      284878.72     -145531.8       0.010748194    2088.9779      97.073511    
    116000   139491.04      284985.17     -145494.13      0.010748194    2089.7585      96.853072    
    117000   139648.98      285139.12     -145490.14      0.010748194    2090.8874      97.280518    
    118000   139815.67      285298.11     -145482.44      0.010748194    2092.0533      96.8173      
    119000   139989.06      285462.76     -145473.7       0.010748194    2093.2606      96.939054    
    120000   140137.76      285605.21     -145467.45      0.010748194    2094.3052      97.409032    
    121000   140291.39      285742.8      -145451.41      0.010748194    2095.3141      97.216099    
    122000   140435.97      285846.23     -145410.26      0.010748194    2096.0726      96.786821    
    123000   140596.44      286020.93     -145424.49      0.010748194    2097.3536      97.507223    
    124000   140746.6       286145.79     -145399.2       0.010748194    2098.2692      97.169345    
    125000   140897.49      286285.83     -145388.34      0.010748194    2099.2961      96.887027    
    126000   141068.15      286427.42     -145359.27      0.010748194    2100.3344      97.50973     
    127000   141223.65      286550.23     -145326.58      0.010748194    2101.2349      97.489098    
    128000   141388.78      286731.86     -145343.07      0.010748194    2102.5668      97.349998    
    129000   141553.44      286891.46     -145338.02      0.010748194    2103.7371      97.395744    
    130000   141698.85      287061.15     -145362.3       0.010748194    2104.9814      97.735957    
    131000   141874.73      287180        -145305.27      0.010748194    2105.8529      97.68765     
    132000   142040.15      287338.13     -145297.98      0.010748194    2107.0125      97.649557    
    133000   142219.13      287510.5      -145291.37      0.010748194    2108.2765      97.479143    
    134000   142362.74      287669.22     -145306.48      0.010748194    2109.4403      97.731366    
    135000   142512.83      287795.23     -145282.4       0.010748194    2110.3643      97.841209    
    136000   142682.22      287945.02     -145262.8       0.010748194    2111.4627      97.559266    
    137000   142841.82      288065.64     -145223.83      0.010748194    2112.3472      98.399305    
    138000   142995.72      288195.63     -145199.91      0.010748194    2113.3004      97.416742    
    139000   143138.23      288377.99     -145239.76      0.010748194    2114.6376      98.524713    
    140000   143306.51      288528.48     -145221.97      0.010748194    2115.7412      97.934075    
    141000   143468.38      288656.99     -145188.61      0.010748194    2116.6835      97.862766    
    142000   143642.17      288809.47     -145167.3       0.010748194    2117.8016      98.51177     
    143000   143790.55      288962.58     -145172.03      0.010748194    2118.9244      97.682477    
    144000   143965.87      289140.06     -145174.18      0.010748194    2120.2258      98.744071    
    145000   144125.5       289275.67     -145150.18      0.010748194    2121.2202      98.0993      
    146000   144290.3       289412.85     -145122.55      0.010748194    2122.2261      98.137539    
    147000   144443.8       289536.84     -145093.04      0.010748194    2123.1353      98.778999    
    148000   144622.7       289742.27     -145119.57      0.010748194    2124.6417      98.059278    
    149000   144777.96      289885.01     -145107.05      0.010748194    2125.6884      98.389133    
    150000   144946.61      290027.38     -145080.76      0.010748194    2126.7324      98.782806    
    151000   145093.06      290160.61     -145067.55      0.010748194    2127.7093      98.444402    
    152000   145241.92      290286.14     -145044.22      0.010748194    2128.6299      98.41956     
    153000   145396.85      290444.72     -145047.86      0.010748194    2129.7927      98.222087    
    154000   145554.37      290590.48     -145036.11      0.010748194    2130.8615      99.009288    
    155000   145696         290709.25     -145013.25      0.010748194    2131.7325      98.30187     
    156000   145825.08      290845.48     -145020.39      0.010748194    2132.7314      98.486377    
    157000   145988.19      290967.05     -144978.85      0.010748194    2133.6228      98.818258    
    158000   146149.46      291131.52     -144982.05      0.010748194    2134.8289      98.792562    
    159000   146309.29      291293.03     -144983.74      0.010748194    2136.0132      98.700484    
    160000   146469.31      291478.41     -145009.1       0.010748194    2137.3726      98.729325    
    161000   146623.19      291608.46     -144985.27      0.010748194    2138.3262      99.060391    
    162000   146770.48      291738.89     -144968.41      0.010748194    2139.2826      98.609421    
    163000   146917.44      291839.81     -144922.36      0.010748194    2140.0227      99.267442    
    164000   147080.14      291986.8      -144906.66      0.010748194    2141.1006      99.200164    
    165000   147235.32      292149.08     -144913.76      0.010748194    2142.2906      98.809907    
    166000   147399.15      292306.99     -144907.85      0.010748194    2143.4485      98.89571     
    167000   147573.16      292453.6      -144880.44      0.010748194    2144.5235      99.519475    
    168000   147716.28      292577.66     -144861.39      0.010748194    2145.4333      98.927372    
    169000   147865.79      292726.74     -144860.95      0.010748194    2146.5264      99.414802    
    170000   148030.22      292891.43     -144861.2       0.010748194    2147.7341      99.456327    
    171000   148189.6       293031.82     -144842.23      0.010748194    2148.7636      99.384483    
    172000   148347.98      293175.8      -144827.82      0.010748194    2149.8193      99.68878     
    173000   148502.73      293322.25     -144819.53      0.010748194    2150.8933      99.190684    
    174000   148658.73      293471.97     -144813.24      0.010748194    2151.9911      99.53436     
    175000   148829.51      293656.77     -144827.27      0.010748194    2153.3463      99.929943    
    176000   148980.44      293773.75     -144793.31      0.010748194    2154.2041      98.911395    
    177000   149128.95      293932.22     -144803.27      0.010748194    2155.366       100.00073    
    178000   149273.6       294036.55     -144762.95      0.010748194    2156.1311      99.601498    
    179000   149431.14      294184.98     -144753.84      0.010748194    2157.2196      100.07369    
    180000   149582.98      294325.12     -144742.14      0.010748194    2158.2472      99.362043    
    181000   149741.62      294483.67     -144742.05      0.010748194    2159.4098      100.29674    
    182000   149926.93      294671.53     -144744.6       0.010748194    2160.7874      99.775655    
    183000   150075.12      294804.01     -144728.9       0.010748194    2161.7588      99.504508    
    184000   150248.96      294945.61     -144696.65      0.010748194    2162.7971      100.42194    
    185000   150394.93      295094.27     -144699.34      0.010748194    2163.8872      99.812166    
    186000   150555.28      295238.7      -144683.42      0.010748194    2164.9463      100.02947    
    187000   150692.25      295342.67     -144650.42      0.010748194    2165.7087      99.814278    
    188000   150850.63      295521.76     -144671.13      0.010748194    2167.0219      100.36175    
    189000   150997.09      295656.05     -144658.97      0.010748194    2168.0067      100.59477    
    190000   151158.46      295756.34     -144597.88      0.010748194    2168.7421      100.17465    
    191000   151327.09      295951.32     -144624.23      0.010748194    2170.1718      100.45178    
    192000   151466.29      296092.37     -144626.08      0.010748194    2171.2062      100.57023    
    193000   151623.39      296205.64     -144582.25      0.010748194    2172.0368      100.41192    
    194000   151783.8       296349.54     -144565.74      0.010748194    2173.0919      100.04889    
    195000   151935.77      296505.21     -144569.44      0.010748194    2174.2335      100.9549     
    196000   152075.61      296628.31     -144552.7       0.010748194    2175.1361      100.24002    
    197000   152243.2       296807.02     -144563.82      0.010748194    2176.4466      100.71297    
    198000   152409.93      296966.04     -144556.1       0.010748194    2177.6127      100.78334    
    199000   152559.64      297065.74     -144506.09      0.010748194    2178.3437      100.63836    
    200000   152735.14      297275.05     -144539.91      0.010748194    2179.8786      100.68585    
    201000   152884.06      297406.76     -144522.7       0.010748194    2180.8444      100.83668    
    202000   153033.97      297545.35     -144511.39      0.010748194    2181.8607      100.88432    
    203000   153199.57      297694.51     -144494.94      0.010748194    2182.9545      101.09344    
    204000   153360.29      297844.22     -144483.93      0.010748194    2184.0523      100.62643    
    205000   153511.28      298009.07     -144497.79      0.010748194    2185.2611      101.08976    
    206000   153673.81      298146.82     -144473.01      0.010748194    2186.2712      101.06656    
    207000   153811.15      298274.48     -144463.32      0.010748194    2187.2073      101.12255    
    208000   153980.85      298430.4      -144449.55      0.010748194    2188.3506      100.74175    
    209000   154151.3       298588.97     -144437.67      0.010748194    2189.5134      101.55745    
    210000   154296.52      298730.16     -144433.64      0.010748194    2190.5488      100.83355    
    211000   154447.86      298864.94     -144417.08      0.010748194    2191.5371      101.21393    
    212000   154603.81      299027.05     -144423.24      0.010748194    2192.7258      101.1673     
    213000   154756.93      299158.02     -144401.08      0.010748194    2193.6861      101.78602    
    214000   154893.65      299276.66     -144383.01      0.010748194    2194.5562      100.74235    
    215000   155058.14      299423.61     -144365.47      0.010748194    2195.6337      102.05654    
    216000   155198.83      299562.42     -144363.6       0.010748194    2196.6516      101.30413    
    217000   155360.53      299710.04     -144349.51      0.010748194    2197.734       101.32421    
    218000   155502.73      299859.67     -144356.94      0.010748194    2198.8313      101.21866    
    219000   155663.44      300009.56     -144346.12      0.010748194    2199.9304      101.88502    
    220000   155834.39      300174.05     -144339.66      0.010748194    2201.1366      101.37543    
    221000   156009.25      300323.62     -144314.37      0.010748194    2202.2333      101.74311    
    222000   156150.35      300465.55     -144315.2       0.010748194    2203.2741      101.53346    
    223000   156312.26      300597.52     -144285.26      0.010748194    2204.2418      102.04071    
    224000   156465.93      300759.36     -144293.43      0.010748194    2205.4286      101.90523    
    225000   156626.36      300900.76     -144274.4       0.010748194    2206.4654      101.48017    
    226000   156787.37      301050.24     -144262.87      0.010748194    2207.5616      101.93094    
    227000   156944.17      301191.45     -144247.28      0.010748194    2208.597       102.15495    
    228000   157123.26      301348.85     -144225.6       0.010748194    2209.7513      102.40347    
    229000   157284.84      301516        -144231.16      0.010748194    2210.9769      101.8652     
    230000   157446.66      301681.13     -144234.47      0.010748194    2212.1878      101.94983    
    231000   157594.36      301814.04     -144219.68      0.010748194    2213.1624      102.69259    
    232000   157763.56      301958.24     -144194.69      0.010748194    2214.2198      102.01268    
    233000   157907.49      302105.08     -144197.59      0.010748194    2215.2966      102.14694    
    234000   158045.86      302228.48     -144182.62      0.010748194    2216.2014      102.54541    
    235000   158216.64      302399.11     -144182.47      0.010748194    2217.4527      101.87892    
    236000   158383.66      302539.97     -144156.32      0.010748194    2218.4856      102.66837    
    237000   158525.06      302697.1      -144172.04      0.010748194    2219.6377      102.56401    
    238000   158705.59      302825.41     -144119.82      0.010748194    2220.5786      102.50712    
    239000   158857.81      302961.92     -144104.11      0.010748194    2221.5797      102.47161    
    240000   159000.5       303139.26     -144138.75      0.010748194    2222.88        102.38118    
    241000   159155.76      303267.36     -144111.6       0.010748194    2223.8194      103.31571    
    242000   159308.56      303423.96     -144115.4       0.010748194    2224.9677      102.12406    
    243000   159473.19      303594.67     -144121.49      0.010748194    2226.2195      103.01873    
    244000   159637.21      303741.1      -144103.89      0.010748194    2227.2933      102.61167    
    245000   159795.44      303863.61     -144068.17      0.010748194    2228.1916      102.9044     
    246000   159956.49      303998.68     -144042.19      0.010748194    2229.1821      103.15205    
    247000   160133.11      304190.93     -144057.81      0.010748194    2230.5918      102.56756    
    248000   160294.99      304353.79     -144058.8       0.010748194    2231.786       102.98434    
    249000   160459.41      304501.93     -144042.52      0.010748194    2232.8723      103.55652    
    250000   160633.33      304664.35     -144031.02      0.010748194    2234.0634      103.04507    
    251000   160779.07      304825.33     -144046.27      0.010748194    2235.2438      103.26923    
    252000   160939.57      304928.61     -143989.05      0.010748194    2236.0012      103.25958    
    253000   161086.08      305099.7      -144013.62      0.010748194    2237.2557      103.51725    
    254000   161247.17      305237.99     -143990.82      0.010748194    2238.2698      103.0764     
    255000   161392.07      305387.53     -143995.46      0.010748194    2239.3663      103.52432    
    256000   161545.49      305504.36     -143958.86      0.010748194    2240.223       103.46544    
    257000   161701.42      305692.54     -143991.12      0.010748194    2241.6029      103.34324    
    258000   161830.84      305796.71     -143965.87      0.010748194    2242.3668      103.60341    
    259000   161996.32      305971.16     -143974.84      0.010748194    2243.646       103.20741    
    260000   162147.84      306079.05     -143931.21      0.010748194    2244.4372      103.50641    
    261000   162294.4       306220.43     -143926.03      0.010748194    2245.4738      103.31404    
    262000   162449.79      306385.33     -143935.55      0.010748194    2246.6831      103.73218    
    263000   162602.54      306520.9      -143918.36      0.010748194    2247.6772      103.29134    
    264000   162765.76      306692.68     -143926.91      0.010748194    2248.9368      103.88432    
    265000   162936.85      306828.4      -143891.55      0.010748194    2249.932       103.53198    
    266000   163105.5       306981.35     -143875.86      0.010748194    2251.0536      104.11967    
    267000   163275.72      307152.53     -143876.82      0.010748194    2252.3089      103.88295    
    268000   163443.62      307301.83     -143858.21      0.010748194    2253.4037      103.83575    
    269000   163600.19      307465.32     -143865.13      0.010748194    2254.6025      104.25766    
    270000   163753.46      307590.71     -143837.24      0.010748194    2255.5219      103.98921    
    271000   163883.23      307745.8      -143862.56      0.010748194    2256.6592      104.06144    
    272000   164037.32      307861.08     -143823.76      0.010748194    2257.5045      104.11944    
    273000   164202.22      308001.79     -143799.57      0.010748194    2258.5363      104.5383     
    274000   164349.37      308171.06     -143821.69      0.010748194    2259.7776      103.90832    
    275000   164499.82      308317.65     -143817.83      0.010748194    2260.8525      104.17796    
    276000   164656.2       308461.06     -143804.87      0.010748194    2261.9041      104.92672    
    277000   164804.89      308601.99     -143797.09      0.010748194    2262.9375      103.68516    
    278000   164960.6       308709.34     -143748.74      0.010748194    2263.7247      104.44188    
    279000   165098.63      308859.74     -143761.11      0.010748194    2264.8276      104.77803    
    280000   165255.39      309031.12     -143775.73      0.010748194    2266.0843      104.20912    
    281000   165416.87      309160.6      -143743.73      0.010748194    2267.0337      104.60547    
    282000   165561.52      309316.14     -143754.62      0.010748194    2268.1743      104.50336    
    283000   165720.59      309471.41     -143750.83      0.010748194    2269.3129      104.71676    
    284000   165871.04      309579.49     -143708.44      0.010748194    2270.1054      104.46163    
    285000   166019.66      309746.81     -143727.16      0.010748194    2271.3324      104.59956    
    286000   166163.01      309889.51     -143726.5       0.010748194    2272.3788      104.76854    
    287000   166317.91      310039.8      -143721.89      0.010748194    2273.4808      104.8777     
    288000   166454.5       310180.32     -143725.82      0.010748194    2274.5113      104.55781    
    289000   166621.71      310321.08     -143699.38      0.010748194    2275.5434      104.97487    
    290000   166795.28      310498.41     -143703.13      0.010748194    2276.8438      104.99823    
    291000   166945.96      310638.34     -143692.39      0.010748194    2277.8699      104.61391    
    292000   167088.19      310745.44     -143657.26      0.010748194    2278.6552      105.38967    
    293000   167244.04      310889.85     -143645.81      0.010748194    2279.7141      104.8653     
    294000   167403.28      311070.43     -143667.15      0.010748194    2281.0383      105.38631    
    295000   167543.94      311197.33     -143653.39      0.010748194    2281.9689      104.94598    
    296000   167705.31      311350.77     -143645.46      0.010748194    2283.094       105.48473    
    297000   167860.41      311487.36     -143626.96      0.010748194    2284.0956      105.07346    
    298000   168017.69      311637.15     -143619.46      0.010748194    2285.1939      105.30068    
    299000   168186.21      311804.06     -143617.85      0.010748194    2286.4179      105.61472    
    300000   168352.63      311953.44     -143600.82      0.010748194    2287.5133      105.82844    
    301000   168533.08      312096.43     -143563.35      0.010748194    2288.5618      105.15861    
    302000   168704.89      312328.27     -143623.38      0.010748194    2290.2618      105.50861    
    303000   168854.7       312426.33     -143571.64      0.010748194    2290.9809      105.83078    
    304000   169008.46      312590.56     -143582.11      0.010748194    2292.1852      105.51991    
    305000   169177.59      312721.34     -143543.75      0.010748194    2293.1442      105.88633    
    306000   169313.02      312864.17     -143551.15      0.010748194    2294.1916      105.749      
    307000   169476.3       313015.5      -143539.2       0.010748194    2295.3012      105.91136    
    308000   169655.9       313200.95     -143545.04      0.010748194    2296.6611      105.77415    
    309000   169829.93      313353.5      -143523.57      0.010748194    2297.7798      105.88188    
    310000   169968.23      313493.99     -143525.76      0.010748194    2298.8099      106.32167    
    311000   170114.37      313633.63     -143519.26      0.010748194    2299.8339      105.82039    
    312000   170259.45      313774.96     -143515.51      0.010748194    2300.8703      105.81178    
    313000   170405.94      313924.39     -143518.45      0.010748194    2301.966       106.35157    
    314000   170566.22      314057.87     -143491.65      0.010748194    2302.9448      106.23352    
    315000   170740.84      314242.51     -143501.68      0.010748194    2304.2988      105.5722     
    316000   170905.35      314396.6      -143491.25      0.010748194    2305.4286      106.68448    
    317000   171064.36      314525.55     -143461.19      0.010748194    2306.3742      106.04034    
    318000   171231.6       314701.55     -143469.95      0.010748194    2307.6648      106.10646    
    319000   171382.62      314827.08     -143444.47      0.010748194    2308.5853      106.56465    
    320000   171516.57      314946.93     -143430.36      0.010748194    2309.4642      106.80835    
    321000   171662.82      315124.41     -143461.6       0.010748194    2310.7656      106.20977    
    322000   171823.1       315267.45     -143444.35      0.010748194    2311.8145      106.60474    
    323000   171984.87      315381.46     -143396.59      0.010748194    2312.6505      106.78833    
    324000   172124.5       315528.24     -143403.73      0.010748194    2313.7268      106.24769    
    325000   172284.62      315678.7      -143394.08      0.010748194    2314.8301      106.76207    
    326000   172441.2       315802.07     -143360.86      0.010748194    2315.7347      107.07141    
    327000   172596.59      315988.41     -143391.81      0.010748194    2317.1012      106.32237    
    328000   172761.65      316148.16     -143386.51      0.010748194    2318.2726      107.26259    
    329000   172907.68      316275.66     -143367.98      0.010748194    2319.2075      106.89664    
    330000   173063.5       316423.82     -143360.32      0.010748194    2320.294       106.25572    
    331000   173217.23      316579.18     -143361.95      0.010748194    2321.4332      107.05712    
    332000   173357.7       316699.8      -143342.09      0.010748194    2322.3177      107.38124    
    333000   173500.97      316857.27     -143356.3       0.010748194    2323.4724      106.75935    
    334000   173660.93      317018.94     -143358.01      0.010748194    2324.6579      107.49388    
    335000   173819.9       317181.47     -143361.57      0.010748194    2325.8497      107.69471    
    336000   173981.38      317280.28     -143298.9       0.010748194    2326.5743      106.87822    
    337000   174138.9       317468.56     -143329.66      0.010748194    2327.955       107.73779    
    338000   174292.61      317568.4      -143275.79      0.010748194    2328.687       107.14687    
    339000   174461.02      317735.54     -143274.52      0.010748194    2329.9126      107.68714    
    340000   174635.41      317900.97     -143265.56      0.010748194    2331.1257      107.40781    
    341000   174779.79      318064.34     -143284.56      0.010748194    2332.3237      107.25712    
    342000   174943.24      318210.98     -143267.75      0.010748194    2333.399       107.76181    
    343000   175102.2       318391.97     -143289.76      0.010748194    2334.7261      107.28129    
    344000   175257.44      318523.65     -143266.21      0.010748194    2335.6918      108.199      
    345000   175437.94      318702.32     -143264.38      0.010748194    2337.0019      107.52262    
    346000   175587.36      318844.23     -143256.88      0.010748194    2338.0426      107.98342    
    347000   175763.19      319008.14     -143244.96      0.010748194    2339.2445      107.51546    
    348000   175916.67      319156.79     -143240.12      0.010748194    2340.3345      108.19062    
    349000   176061.07      319322.66     -143261.58      0.010748194    2341.5508      107.52097    
    350000   176229.99      319440.16     -143210.17      0.010748194    2342.4124      108.14487    
    351000   176394.13      319580.76     -143186.63      0.010748194    2343.4434      107.577      
    352000   176548.4       319758.98     -143210.58      0.010748194    2344.7503      108.30051    
    353000   176722.89      319905.7      -143182.81      0.010748194    2345.8261      107.73561    
    354000   176885.95      320106.92     -143220.97      0.010748194    2347.3017      108.6647     
    355000   177052.76      320196.03     -143143.27      0.010748194    2347.9551      107.74816    
    356000   177206.98      320392.2      -143185.21      0.010748194    2349.3936      108.75558    
    357000   177393.98      320541.71     -143147.72      0.010748194    2350.4899      108.58388    
    358000   177539.65      320682.18     -143142.53      0.010748194    2351.52        107.63052    
    359000   177699.28      320855.83     -143156.56      0.010748194    2352.7934      108.64232    
    360000   177866.9       321016.35     -143149.45      0.010748194    2353.9704      108.237      
    361000   178034.79      321184.87     -143150.07      0.010748194    2355.2061      108.50164    
    362000   178189.9       321311.58     -143121.68      0.010748194    2356.1353      108.46765    
    363000   178360.73      321475.41     -143114.68      0.010748194    2357.3366      108.56999    
    364000   178533.4       321675.5      -143142.09      0.010748194    2358.8038      108.24741    
    365000   178695.1       321830.03     -143134.93      0.010748194    2359.937       109.25404    
    366000   178845.91      322001.19     -143155.28      0.010748194    2361.1921      108.47919    
    367000   179023.5       322146.91     -143123.41      0.010748194    2362.2607      108.58961    
    368000   179163.42      322277.99     -143114.56      0.010748194    2363.2218      108.82192    
    369000   179326.97      322425.39     -143098.42      0.010748194    2364.3027      108.97513    
    370000   179495.81      322622.55     -143126.74      0.010748194    2365.7485      109.02728    
    371000   179656.32      322726.3      -143069.98      0.010748194    2366.5092      109.13368    
    372000   179805.94      322875.75     -143069.81      0.010748194    2367.6052      108.89275    
    373000   179956.48      322987.38     -143030.9       0.010748194    2368.4237      109.2264     
    374000   180120.63      323125.29     -143004.65      0.010748194    2369.435       109.27251    
    375000   180261.49      323359.41     -143097.92      0.010748194    2371.1518      109.72614    
    376000   180405.39      323451.12     -143045.73      0.010748194    2371.8242      108.528      
    377000   180561.44      323609.5      -143048.05      0.010748194    2372.9856      109.43162    
    378000   180741.72      323758.45     -143016.73      0.010748194    2374.0779      109.29202    
    379000   180886.43      323941.3      -143054.87      0.010748194    2375.4187      109.17251    
    380000   181039.45      324037.78     -142998.33      0.010748194    2376.1261      109.82245    
    381000   181189.94      324204.72     -143014.78      0.010748194    2377.3503      109.35194    
    382000   181362.47      324381.37     -143018.91      0.010748194    2378.6457      109.64989    
    383000   181524.52      324522.59     -142998.07      0.010748194    2379.6812      110.06646    
    384000   181684.41      324673.67     -142989.26      0.010748194    2380.789       109.68454    
    385000   181847.1       324862.04     -143014.94      0.010748194    2382.1703      109.48252    
    386000   182025.94      324986.41     -142960.47      0.010748194    2383.0824      109.91591    
    387000   182194.05      325148.93     -142954.88      0.010748194    2384.2741      109.86665    
    388000   182337.57      325317.72     -142980.15      0.010748194    2385.5118      109.80347    
    389000   182477.14      325474.35     -142997.21      0.010748194    2386.6603      110.79935    
    390000   182655.19      325606.2      -142951.01      0.010748194    2387.6272      109.73279    
    391000   182828.63      325763.51     -142934.88      0.010748194    2388.7807      110.28063    
    392000   182977.4       325911.19     -142933.78      0.010748194    2389.8636      110.18428    
    393000   183123.64      326014.07     -142890.43      0.010748194    2390.618       110.22574    
    394000   183295.7       326235.14     -142939.44      0.010748194    2392.2391      110.1524     
    395000   183446.5       326335.92     -142889.41      0.010748194    2392.9781      110.41996    
    396000   183625.81      326491.69     -142865.88      0.010748194    2394.1203      110.45303    
    397000   183771.66      326687.18     -142915.53      0.010748194    2395.5539      110.62989    
    398000   183936.57      326786.15     -142849.58      0.010748194    2396.2796      110.32629    
    399000   184107.07      326964.12     -142857.05      0.010748194    2397.5846      110.71819    
    400000   184247.46      327178.32     -142930.86      0.010748194    2399.1553      110.57172    
Loop time of 58353.4 on 24 procs for 400000 steps with 1055023 atoms

Performance: 0.592 ns/day, 40.523 hours/ns, 6.855 timesteps/s, 7.232 Matom-step/s
99.8% CPU use with 24 MPI tasks x 1 OpenMP threads

MPI task timing breakdown:
Section |  min time  |  avg time  |  max time  |%varavg| %total
---------------------------------------------------------------
Pair    | 32051      | 37518      | 44956      |1220.9 | 64.29
Bond    | 229.14     | 319.44     | 381.43     | 171.7 |  0.55
Neigh   | 6650.6     | 6692.5     | 6725.3     |  27.9 | 11.47
Comm    | 510.44     | 2066.5     | 6382.1     |2951.7 |  3.54
Output  | 7.0319     | 7.2268     | 7.4508     |   4.6 |  0.01
Modify  | 5690       | 6318.7     | 6824.7     | 347.8 | 10.83
Other   |            | 5431       |            |       |  9.31

Nlocal:        43959.3 ave       48862 max       38421 min
Histogram: 1 0 1 1 0 18 1 0 1 1
Nghost:        16686.8 ave       24012 max       12384 min
Histogram: 2 0 12 5 2 0 0 0 1 2
Neighs:              0 ave           0 max           0 min
Histogram: 24 0 0 0 0 0 0 0 0 0

Total # of neighbors = 0
Ave neighs/atom = 0
Ave special neighs/atom = 0.972557
Neighbor list builds = 32636
Dangerous builds = 0

#write_restart N2_Shock/restart/combined_Ti_300_100ps.restart#------------------------------------------------------------------------CHANGE
Total wall time: 16:12:44


thermo_style            custom step etotal ke pe density temp press
thermo                  1000

dump                    myDump all xyz 10000 N2_Shock/dump/all_dump_Ti_100.xyz #Dump all atoms
dump                    TiDump titanium xyz 1000 N2_Shock/dump/Ti_dump_100.xyz #Dump Ti atoms

dump_modify             myDump append yes
dump_modify             TiDump append yes

# ----------------------------
# Boundary conditions
# ----------------------------


comm_style              tiled
comm_modify             vel yes

neighbor                1.5 bin
#fix xwall_low all wall/reflect xlo 0 units box
fix                     balance all balance 1000 1.2 rcb # how to assign the domain to different processors
fix                     xwall_high all wall/reflect xhi 33200 units box #----------------------------------------------------------------------------------------CHANGE
neigh_modify            delay 0 every 1 check yes #comuptational save for rebuilding members (very valid for solid simulations)


# Continue piston from previous position

variable                piston_start equal 900000 #----------------------------------------------------------------------------------------CHANGE

variable                wall_mov equal (step+v_piston_start)*dt*14.21

fix                     piston all wall/reflect xlo v_wall_mov units box


# ----------------------------
# Integration
# ----------------------------

fix integrator all nve


# ----------------------------
# Density measurement
# ----------------------------

compute chunks_x nitrogen chunk/atom bin/1d x 0.0 10.0 units box

compute temp_chunk nitrogen temp/chunk chunks_x temp com yes


fix N2_properties nitrogen ave/chunk 100 10 1000 chunks_x vx temp density/number density/mass bias temp_chunk norm sample append N2_Shock/profiles/N2_gas_Ti_100.profile

#computing Ti particle parameter

compute Ti_com titanium com #com position
variable Ti_vx equal vcm(titanium,x) #Com velcoties
variable Ti_vy equal vcm(titanium,y)
variable Ti_vz equal vcm(titanium,z)
compute Ti_temp titanium temp/com #particle temp -removing com motion
compute Ti_gyr titanium gyration #particle radius of gyration

compute Ti_ke_atom titanium ke/atom #Ke of titanium atoms
compute Ti_ke titanium reduce sum c_Ti_ke_atom #sums to find total

compute Ti_pe_atom titanium pe/atom #as aboce, for PE
compute Ti_pe titanium reduce sum c_Ti_pe_atom

fix Ti_properties titanium ave/time 100 10 1000 c_Ti_com[*] v_Ti_vx v_Ti_vy v_Ti_vz c_Ti_temp c_Ti_ke c_Ti_pe c_Ti_gyr append N2_Shock/profiles/Ti_particle_100.profile
#-------------------------------------------------------------------------------------------------------------------------------------------CHANGE

# ----------------------------
# Gas around partcile
# ----------------------------

variable xc equal c_Ti_com[1]
variable yc equal c_Ti_com[2]
variable zc equal c_Ti_com[3]


#region gas_shell sphere v_xc v_yc v_zc 40
#group localGas dynamic nitrogen region gas_shell every 10
#compute gasTemp localGas temp/com
#fix gasTempOut all ave/time 100 10 1000 c_gasTemp file N2_Shock/profiles/local_gas_temp_Ti.profile

variable r atom sqrt((x-v_xc)^2 + (y-v_yc)^2 + (z-v_zc)^2)

#Assigning atoms
variable shell1_front atom (v_r>=50.0)&&(v_r<70.0)&&(x<v_xc)
variable shell2_front atom (v_r>=70.0)&&(v_r<90.0)&&(x<v_xc)
variable shell3_front atom (v_r>=90.0)&&(v_r<110.0)&&(x<v_xc)
variable shell1_rear atom (v_r>=50.0)&&(v_r<70.0)&&(x>v_xc)
variable shell2_rear atom (v_r>=70.0)&&(v_r<90.0)&&(x>v_xc)
variable shell3_rear atom (v_r>=90.0)&&(v_r<110.0)&&(x>v_xc)

#assigning dynamic groups
group shell1_front dynamic nitrogen var shell1_front every 10
dynamic group shell1_front defined
group shell2_front dynamic nitrogen var shell2_front every 10
dynamic group shell2_front defined
group shell3_front dynamic nitrogen var shell3_front every 10
dynamic group shell3_front defined
group shell1_rear  dynamic nitrogen var shell1_rear  every 10
dynamic group shell1_rear defined
group shell2_rear  dynamic nitrogen var shell2_rear  every 10
dynamic group shell2_rear defined
group shell3_rear  dynamic nitrogen var shell3_rear  every 10
dynamic group shell3_rear defined

#computing com corrected temps
compute T1_front shell1_front temp/com
compute T2_front shell2_front temp/com
compute T3_front shell3_front temp/com
compute T1_rear shell1_rear temp/com
compute T2_rear shell2_rear temp/com
compute T3_rear shell3_rear temp/com

fix gasTemps nitrogen ave/time 100 10 1000 c_T1_front c_T2_front c_T3_front c_T1_rear c_T2_rear c_T3_rear append N2_Shock/profiles/gas_shell_temperature_Ti_100.profile



# ------------------------------------------------------------
# Ti partcile Grid parameters
# ------------------------------------------------------------

variable        Ngrid equal 5
variable        grid_size equal 25.0 #12 * (25 + 5) = 300 + 60
variable        grid_half equal v_Ngrid*v_grid_size/2.0

#assigns a quantised position from 0-11
variable        ix atom floor((x-v_xc+v_grid_half)/v_grid_size)
variable        iy atom floor((y-v_yc+v_grid_half)/v_grid_size)
variable        iz atom floor((z-v_zc+v_grid_half)/v_grid_size)

#converts the calculated atom psoition to a given cell - 0 if outside specificed region
variable        cell_ID atom 1+v_ix+v_Ngrid*v_iy+v_Ngrid*v_Ngrid*v_iz

compute         Ti_grid titanium chunk/atom v_cell_ID
compute         Ti_grid_temp titanium temp/chunk Ti_grid temp com yes


fix Ti_grid_output titanium ave/chunk 100 10 1000 Ti_grid temp c_Ti_ke_atom c_Ti_pe_atom bias Ti_grid_temp norm sample append N2_Shock/profiles/Ti_100_grid_properties.profile

# ----------------------------
# Restart files
# ----------------------------

restart 100000 N2_Shock/restart/combined_Ti_100.restart #---------------------------------------------------------------------CHANGE
#minimize 1e-4 1e-6 100 1000

fix integrator all nve
run 400000 #--------------------------------------------------------------------------------------------------------------------CHANGE
WARNING: Using a manybody potential with bonds/angles/dihedrals and special_bond exclusions (src/pair.cpp:253)
Neighbor list info ...
  update: every = 1 steps, delay = 0 steps, check = yes
  max neighbors/atom: 2000, page size: 100000
  master list distance cutoff = 16.5
  ghost atom cutoff = 16.5
  binsize = 8.25, bins = 4025 38 38
  3 neighbor lists, perpetual/occasional/extra = 3 0 0
  (1) pair eam/fs, perpetual, skip from (3)
      attributes: half, newton on
      pair build: skip
      stencil: none
      bin: none
  (2) pair lj/cut, perpetual, skip from (3)
      attributes: half, newton on
      pair build: skip
      stencil: none
      bin: none
  (3) neighbor class addition, perpetual
      attributes: half, newton on
      pair build: half/bin/newton
      stencil: half/bin/3d
      bin: standard
Per MPI rank memory allocation (min/avg/max) = 45.23 | 87.02 | 223.8 Mbytes
   Step         TotEng         KinEng         PotEng        Density          Temp          Press     
    400000   221112.79      363167.43     -142054.64      0.010523003    2102.2499      95.94359     
    401000   221274.21      363273.88     -141999.67      0.010523003    2102.8661      95.622787    
    402000   221432.07      363456.93     -142024.86      0.010523003    2103.9257      96.215339    
    403000   221574.09      363667.45     -142093.37      0.010523003    2105.1444      95.818677    
    404000   221725.8       363723.68     -141997.88      0.010523003    2105.4698      95.82415     
    405000   221887.34      363872.88     -141985.54      0.010523003    2106.3335      96.100618    
    406000   222039.18      364024.15     -141984.97      0.010523003    2107.2092      96.346895    
    407000   222174.96      364161.74     -141986.78      0.010523003    2108.0056      95.583228    
    408000   222332.54      364319.33     -141986.79      0.010523003    2108.9178      96.692601    
    409000   222493.43      364438.33     -141944.89      0.010523003    2109.6067      96.504153    
    410000   222646.34      364627.95     -141981.62      0.010523003    2110.7044      95.319694    
    411000   222812.5       364728.95     -141916.45      0.010523003    2111.289       96.644112    
    412000   222980.12      364900.37     -141920.25      0.010523003    2112.2813      96.555822    
    413000   223144.69      365098.6      -141953.92      0.010523003    2113.4288      95.965526    
    414000   223323.54      365249.29     -141925.76      0.010523003    2114.3011      96.280991    
    415000   223482.36      365413.47     -141931.11      0.010523003    2115.2514      96.966584    
    416000   223621.16      365571.62     -141950.46      0.010523003    2116.1669      96.285713    
    417000   223778.1       365685.47     -141907.37      0.010523003    2116.8259      96.469354    
    418000   223926.35      365881.84     -141955.49      0.010523003    2117.9626      96.980025    
    419000   224084.63      365983.18     -141898.55      0.010523003    2118.5493      96.770233    
    420000   224258.05      366151.69     -141893.64      0.010523003    2119.5248      96.374259    
    421000   224408.57      366282.25     -141873.68      0.010523003    2120.2805      96.958124    
    422000   224560.34      366443.38     -141883.04      0.010523003    2121.2132      96.481168    
    423000   224706.29      366647.93     -141941.64      0.010523003    2122.3973      96.781906    
    424000   224880.08      366753.81     -141873.73      0.010523003    2123.0102      97.116517    
    425000   225026.14      366883.7      -141857.56      0.010523003    2123.7621      96.272969    
    426000   225169.94      367045.64     -141875.7       0.010523003    2124.6995      97.253763    
    427000   225323.96      367183.28     -141859.32      0.010523003    2125.4963      96.744552    
    428000   225473.46      367353.67     -141880.2       0.010523003    2126.4826      96.667408    
    429000   225617.24      367440.35     -141823.11      0.010523003    2126.9843      96.7995      
    430000   225784.5       367591.66     -141807.16      0.010523003    2127.8602      97.828019    
    431000   225933.83      367726.2      -141792.37      0.010523003    2128.639       96.262057    
    432000   226098.82      367898.92     -141800.1       0.010523003    2129.6388      97.544009    
    433000   226248.99      368084.86     -141835.88      0.010523003    2130.7152      97.560914    
    434000   226388.19      368261.42     -141873.23      0.010523003    2131.7372      96.316873    
    435000   226534.12      368353.43     -141819.31      0.010523003    2132.2698      97.517051    
    436000   226696.53      368509.51     -141812.97      0.010523003    2133.1733      97.370486    
    437000   226842.55      368636.95     -141794.41      0.010523003    2133.9111      97.115536    
    438000   226991.18      368784.39     -141793.21      0.010523003    2134.7645      97.356177    
    439000   227151.96      368985.8      -141833.84      0.010523003    2135.9304      97.479438    
    440000   227292.58      369047.01     -141754.43      0.010523003    2136.2848      97.318834    
    441000   227461.5       369220.66     -141759.16      0.010523003    2137.2899      97.594201    
    442000   227611.2       369398.07     -141786.88      0.010523003    2138.3169      97.488709    
    443000   227767.86      369545.43     -141777.56      0.010523003    2139.1699      97.475448    
    444000   227932.35      369675.03     -141742.68      0.010523003    2139.9202      98.239672    
    445000   228090.23      369788.11     -141697.88      0.010523003    2140.5747      97.174256    
    446000   228253.47      369975.68     -141722.21      0.010523003    2141.6605      98.151794    
    447000   228406.36      370132.86     -141726.49      0.010523003    2142.5703      97.770324    
    448000   228548.63      370293.31     -141744.68      0.010523003    2143.4991      97.645813    
    449000   228709.12      370428.16     -141719.04      0.010523003    2144.2797      97.959761    
    450000   228862.4       370607.34     -141744.94      0.010523003    2145.317       97.799084    
    451000   229023.36      370733.26     -141709.9       0.010523003    2146.0459      97.966353    
    452000   229189.84      370916.63     -141726.79      0.010523003    2147.1073      97.661812    
    453000   229344.23      371073.79     -141729.56      0.010523003    2148.0171      97.870463    
    454000   229501.86      371184.97     -141683.11      0.010523003    2148.6607      97.874991    
    455000   229647.81      371368.79     -141720.98      0.010523003    2149.7247      98.423046    
    456000   229783.81      371465.01     -141681.2       0.010523003    2150.2817      97.587728    
    457000   229928.25      371585.77     -141657.51      0.010523003    2150.9807      98.031273    
    458000   230062.55      371729.03     -141666.48      0.010523003    2151.81        98.6584      
    459000   230219.74      371899.19     -141679.45      0.010523003    2152.795       97.41738     
    460000   230362.54      372036.89     -141674.35      0.010523003    2153.5921      98.913683    
    461000   230526.36      372184.73     -141658.37      0.010523003    2154.4479      98.027217    
    462000   230663.33      372335        -141671.67      0.010523003    2155.3178      97.905551    
    463000   230819.08      372463.15     -141644.07      0.010523003    2156.0596      98.751886    
    464000   230986.69      372600.99     -141614.3       0.010523003    2156.8575      98.637942    
    465000   231151.31      372772.2      -141620.9       0.010523003    2157.8486      97.831101    
    466000   231318.46      372939.79     -141621.32      0.010523003    2158.8187      98.943401    
    467000   231447.08      373064.96     -141617.88      0.010523003    2159.5433      98.180096    
    468000   231604.85      373227.65     -141622.8       0.010523003    2160.485       98.187097    
    469000   231775.73      373388.14     -141612.41      0.010523003    2161.414       98.68684     
    470000   231955.3       373579.1      -141623.79      0.010523003    2162.5194      99.090561    
    471000   232121         373669.18     -141548.18      0.010523003    2163.0409      98.1676      
    472000   232295.93      373921.65     -141625.72      0.010523003    2164.5023      98.943851    
    473000   232442.24      373982.08     -141539.84      0.010523003    2164.8521      98.851135    
    474000   232608.87      374147.97     -141539.1       0.010523003    2165.8124      98.436949    
    475000   232764.39      374286.59     -141522.2       0.010523003    2166.6148      98.991488    
    476000   232919.66      374460.53     -141540.87      0.010523003    2167.6217      98.669013    
    477000   233070.06      374625.67     -141555.61      0.010523003    2168.5776      99.104088    
    478000   233206.41      374755.94     -141549.53      0.010523003    2169.3317      99.108298    
    479000   233389.82      374922.72     -141532.91      0.010523003    2170.2972      99.01989     
    480000   233534.07      375077.69     -141543.62      0.010523003    2171.1942      99.124238    
    481000   233689.91      375237.56     -141547.65      0.010523003    2172.1197      99.317804    
    482000   233837.47      375349.75     -141512.28      0.010523003    2172.7691      99.030125    
    483000   233994.98      375485.34     -141490.35      0.010523003    2173.554       99.289334    
    484000   234144.36      375698.55     -141554.19      0.010523003    2174.7882      99.394401    
    485000   234303.82      375825.28     -141521.46      0.010523003    2175.5218      99.051698    
    486000   234456.8       375943.68     -141486.88      0.010523003    2176.2072      99.242409    
    487000   234606.47      376131.3      -141524.83      0.010523003    2177.2932      99.318683    
    488000   234754.62      376252.09     -141497.47      0.010523003    2177.9924      98.916173    
    489000   234888.17      376373.31     -141485.14      0.010523003    2178.6941      99.828149    
    490000   235054.71      376531.99     -141477.28      0.010523003    2179.6127      99.134826    
    491000   235221.44      376726.4      -141504.95      0.010523003    2180.738       99.179035    
    492000   235374.45      376878.85     -141504.41      0.010523003    2181.6206      99.851735    
    493000   235521.89      376969.05     -141447.16      0.010523003    2182.1427      99.457679    
    494000   235663.16      377153.14     -141489.97      0.010523003    2183.2083      99.584441    
    495000   235811.95      377298.45     -141486.5       0.010523003    2184.0495      99.395002    
    496000   235962.87      377472.89     -141510.02      0.010523003    2185.0592      99.878085    
    497000   236129.9       377554.28     -141424.38      0.010523003    2185.5304      99.254112    
    498000   236296.81      377773.37     -141476.56      0.010523003    2186.7986      100.09013    
    499000   236447.62      377902.59     -141454.97      0.010523003    2187.5466      99.43782     
    500000   236609.99      378074.44     -141464.45      0.010523003    2188.5414      99.947541    
    501000   236760.76      378219.94     -141459.18      0.010523003    2189.3837      99.665328    
    502000   236936.09      378381.93     -141445.84      0.010523003    2190.3213      99.749399    
    503000   237075.97      378507.87     -141431.89      0.010523003    2191.0504      99.894525    
    504000   237239.68      378671.25     -141431.58      0.010523003    2191.9961      100.12023    
    505000   237391.76      378784.28     -141392.51      0.010523003    2192.6504      99.86151     
    506000   237558.66      378957.77     -141399.11      0.010523003    2193.6547      99.764077    
    507000   237698.31      379105.33     -141407.02      0.010523003    2194.5089      100.20263    
    508000   237882.69      379268.65     -141385.95      0.010523003    2195.4542      100.19328    
    509000   238041         379377.23     -141336.23      0.010523003    2196.0828      100.18459    
    510000   238199.01      379584.11     -141385.1       0.010523003    2197.2804      100.27985    
    511000   238361.8       379748.81     -141387.01      0.010523003    2198.2337      100.45086    
    512000   238544.14      379918.68     -141374.54      0.010523003    2199.2171      100.24709    
    513000   238712.44      380116.8      -141404.36      0.010523003    2200.3639      100.51711    
    514000   238885.95      380286.44     -141400.49      0.010523003    2201.3459      100.05028    
    515000   239024.04      380386.12     -141362.08      0.010523003    2201.9229      100.68161    
    516000   239173.02      380550.93     -141377.92      0.010523003    2202.8769      100.72713    
    517000   239350.9       380689.28     -141338.38      0.010523003    2203.6778      100.67927    
    518000   239511.95      380885.03     -141373.08      0.010523003    2204.8109      100.47172    
    519000   239683.76      381038.62     -141354.86      0.010523003    2205.7         100.99438    
    520000   239836.99      381135.16     -141298.17      0.010523003    2206.2588      100.70307    
    521000   240002.27      381352.28     -141350.01      0.010523003    2207.5156      100.31097    
    522000   240189.9       381539.79     -141349.89      0.010523003    2208.6011      101.22184    
    523000   240341.52      381643.21     -141301.68      0.010523003    2209.1997      100.35911    
    524000   240506.24      381884.54     -141378.3       0.010523003    2210.5968      100.74111    
    525000   240649.21      381984.36     -141335.15      0.010523003    2211.1746      100.81492    
    526000   240809.86      382118.4      -141308.53      0.010523003    2211.9505      100.88303    
    527000   240946.65      382273.4      -141326.76      0.010523003    2212.8477      100.7277     
    528000   241094         382451.97     -141357.97      0.010523003    2213.8814      100.973      
    529000   241258.72      382541.95     -141283.23      0.010523003    2214.4022      100.90348    
    530000   241404.38      382716.48     -141312.11      0.010523003    2215.4126      101.00493    
    531000   241570.64      382881.8      -141311.17      0.010523003    2216.3695      101.07237    
    532000   241722.91      382968.21     -141245.3       0.010523003    2216.8697      101.13982    
    533000   241873.08      383171.32     -141298.24      0.010523003    2218.0454      101.08834    
    534000   242022.53      383321.86     -141299.33      0.010523003    2218.9169      100.90173    
    535000   242174.39      383476.4      -141302         0.010523003    2219.8114      101.51697    
    536000   242331.53      383594.76     -141263.22      0.010523003    2220.4966      101.06434    
    537000   242482.36      383744.38     -141262.01      0.010523003    2221.3627      101.65689    
    538000   242631.02      383903.15     -141272.13      0.010523003    2222.2818      101.14311    
    539000   242784.17      384034.29     -141250.11      0.010523003    2223.0409      101.48814    
    540000   242937.95      384204.87     -141266.92      0.010523003    2224.0283      101.31175    
    541000   243095.98      384357.59     -141261.61      0.010523003    2224.9124      101.57097    
    542000   243258.56      384491.85     -141233.28      0.010523003    2225.6895      101.54602    
    543000   243429.75      384642.37     -141212.62      0.010523003    2226.5608      101.14277    
    544000   243572.22      384793.12     -141220.91      0.010523003    2227.4335      101.91731    
    545000   243710.87      384974.19     -141263.32      0.010523003    2228.4816      101.51804    
    546000   243857.87      385018.62     -141160.75      0.010523003    2228.7388      101.45276    
    547000   244004.48      385223.61     -141219.13      0.010523003    2229.9255      101.94103    
    548000   244141.63      385323.75     -141182.13      0.010523003    2230.5051      101.72176    
    549000   244292.91      385531.47     -141238.56      0.010523003    2231.7075      101.56628    
    550000   244472.77      385650.12     -141177.35      0.010523003    2232.3944      102.01245    
    551000   244619.93      385796.58     -141176.65      0.010523003    2233.2422      102.0877     
    552000   244769.72      385921.5      -141151.78      0.010523003    2233.9653      101.71618    
    553000   244916.05      386095        -141178.95      0.010523003    2234.9696      102.15656    
    554000   245070.68      386225.08     -141154.4       0.010523003    2235.7226      101.93544    
    555000   245230.18      386398.27     -141168.09      0.010523003    2236.7252      101.8673     
    556000   245381.69      386567.06     -141185.37      0.010523003    2237.7022      102.26416    
    557000   245551.69      386678.47     -141126.78      0.010523003    2238.3471      101.9813     
    558000   245711.74      386830.05     -141118.31      0.010523003    2239.2246      102.1058     
    559000   245849.4       387025.65     -141176.25      0.010523003    2240.3568      102.49313    
    560000   246004.47      387146.41     -141141.93      0.010523003    2241.0558      101.97474    
    561000   246165.05      387301.1      -141136.05      0.010523003    2241.9513      102.44236    
    562000   246320.01      387453.29     -141133.29      0.010523003    2242.8323      102.61225    
    563000   246470.77      387609.99     -141139.22      0.010523003    2243.7394      102.27445    
    564000   246629.38      387747.56     -141118.18      0.010523003    2244.5357      102.80007    
    565000   246793.01      387924.34     -141131.32      0.010523003    2245.559       102.41171    
    566000   246964.53      388081.35     -141116.82      0.010523003    2246.4679      102.1595     
    567000   247102.58      388215.69     -141113.11      0.010523003    2247.2456      102.68425    
    568000   247260.67      388342.73     -141082.06      0.010523003    2247.981       102.73237    
    569000   247417.92      388512.34     -141094.42      0.010523003    2248.9628      102.43417    
    570000   247574.02      388703.22     -141129.2       0.010523003    2250.0677      103.11717    
    571000   247744.38      388831.15     -141086.77      0.010523003    2250.8082      102.83915    
    572000   247915.63      389027.14     -141111.51      0.010523003    2251.9428      102.40078    
    573000   248071.81      389173.47     -141101.67      0.010523003    2252.7898      103.1233     
    574000   248227.44      389322.84     -141095.4       0.010523003    2253.6544      102.6216     
    575000   248371.94      389443.73     -141071.79      0.010523003    2254.3543      102.96056    
    576000   248545.23      389616.87     -141071.64      0.010523003    2255.3565      102.43517    
    577000   248707.43      389761.36     -141053.93      0.010523003    2256.1929      103.25904    
    578000   248865.35      389904.51     -141039.16      0.010523003    2257.0215      103.33095    
    579000   249028.15      390057.56     -141029.4       0.010523003    2257.9075      102.47798    
    580000   249187.5       390190.56     -141003.05      0.010523003    2258.6774      103.52857    
    581000   249356.4       390385.44     -141029.04      0.010523003    2259.8055      103.03091    
    582000   249513.6       390573.62     -141060.03      0.010523003    2260.8948      103.3088     
    583000   249670.28      390667.41     -140997.13      0.010523003    2261.4377      103.45807    
    584000   249825.22      390868.71     -141043.49      0.010523003    2262.603       102.96361    
    585000   249985.62      390967.74     -140982.12      0.010523003    2263.1762      103.29866    
    586000   250132.08      391190.59     -141058.51      0.010523003    2264.4662      103.33328    
    587000   250295.27      391280.21     -140984.94      0.010523003    2264.985       103.04961    
    588000   250443.13      391463.55     -141020.43      0.010523003    2266.0463      103.80538    
    589000   250605.79      391568.37     -140962.58      0.010523003    2266.653       103.07969    
    590000   250757.88      391739.07     -140981.18      0.010523003    2267.6412      103.66683    
    591000   250914.84      391914.35     -140999.51      0.010523003    2268.6558      103.532      
    592000   251062.04      392045.92     -140983.88      0.010523003    2269.4174      103.71176    
    593000   251235.35      392215.18     -140979.83      0.010523003    2270.3972      103.3689     
    594000   251396.29      392345        -140948.71      0.010523003    2271.1487      103.82418    
    595000   251549.88      392492.08     -140942.2       0.010523003    2272.0001      103.48321    
    596000   251704.69      392663.42     -140958.73      0.010523003    2272.9919      104.30346    
    597000   251866.33      392831.78     -140965.45      0.010523003    2273.9665      103.35858    
    598000   251999.27      392939.28     -140940.01      0.010523003    2274.5888      104.01961    
    599000   252140.82      393102.16     -140961.35      0.010523003    2275.5316      103.97155    
    600000   252285.28      393219.05     -140933.77      0.010523003    2276.2082      103.66919    
    601000   252449.28      393397.27     -140947.99      0.010523003    2277.2399      103.9648     
    602000   252598.16      393534.36     -140936.2       0.010523003    2278.0335      104.18607    
    603000   252740.05      393682.95     -140942.89      0.010523003    2278.8936      103.87556    
    604000   252890.36      393842.49     -140952.12      0.010523003    2279.8171      104.29774    
    605000   253039         393951.06     -140912.06      0.010523003    2280.4456      103.94321    
    606000   253194.27      394091.9      -140897.62      0.010523003    2281.2609      104.25916    
    607000   253355.66      394274.67     -140919.01      0.010523003    2282.3189      104.71535    
    608000   253512.75      394426.2      -140913.46      0.010523003    2283.1961      103.83657    
    609000   253677.66      394607.97     -140930.31      0.010523003    2284.2482      104.65617    
    610000   253828.29      394701.51     -140873.22      0.010523003    2284.7897      104.2834     
    611000   253978.07      394876.17     -140898.1       0.010523003    2285.8008      104.08363    
    612000   254148         395069.56     -140921.56      0.010523003    2286.9202      104.53891    
    613000   254311.79      395164.15     -140852.36      0.010523003    2287.4678      104.25794    
    614000   254471.48      395372.27     -140900.79      0.010523003    2288.6725      104.5298     
    615000   254643.22      395556.77     -140913.55      0.010523003    2289.7405      104.8        
    616000   254794.48      395685.59     -140891.1       0.010523003    2290.4862      104.25007    
    617000   254965.37      395865.63     -140900.25      0.010523003    2291.5284      104.62014    
    618000   255121.77      396044.22     -140922.45      0.010523003    2292.5622      104.52767    
    619000   255286.42      396166.41     -140879.99      0.010523003    2293.2695      105.06004    
    620000   255452.77      396300.48     -140847.72      0.010523003    2294.0456      104.75501    
    621000   255631.1       396516.9      -140885.8       0.010523003    2295.2984      104.59079    
    622000   255778.89      396686.28     -140907.38      0.010523003    2296.2788      105.1956     
    623000   255935.02      396838.43     -140903.41      0.010523003    2297.1596      104.77962    
    624000   256094.05      396979.07     -140885.03      0.010523003    2297.9737      105.0339     
    625000   256242.84      397095.39     -140852.55      0.010523003    2298.647       104.63907    
    626000   256376.12      397202.71     -140826.59      0.010523003    2299.2683      105.23601    
    627000   256503.12      397350.27     -140847.15      0.010523003    2300.1225      104.89498    
    628000   256667.13      397519.47     -140852.34      0.010523003    2301.1019      105.32421    
    629000   256821.82      397645.38     -140823.57      0.010523003    2301.8308      104.93292    
    630000   256977.17      397829.87     -140852.7       0.010523003    2302.8987      104.77395    
    631000   257143.36      397992.05     -140848.7       0.010523003    2303.8375      105.55837    
    632000   257303.47      398143.34     -140839.87      0.010523003    2304.7133      105.06508    
    633000   257444.65      398259.73     -140815.08      0.010523003    2305.387       105.92265    
    634000   257601.99      398402.82     -140800.83      0.010523003    2306.2153      105.32357    
    635000   257746.88      398606.32     -140859.44      0.010523003    2307.3933      105.37256    
    636000   257882.59      398722.2      -140839.61      0.010523003    2308.0641      104.94389    
    637000   258030.64      398847.68     -140817.03      0.010523003    2308.7904      105.73791    
    638000   258200.5       399010.96     -140810.46      0.010523003    2309.7356      105.4739     
    639000   258349.9       399176.64     -140826.74      0.010523003    2310.6947      105.48537    
    640000   258488         399284.52     -140796.52      0.010523003    2311.3192      105.55356    
    641000   258661.92      399437.58     -140775.66      0.010523003    2312.2052      105.69948    
    642000   258803.95      399579.32     -140775.37      0.010523003    2313.0257      105.47465    
    643000   258956.98      399694.98     -140738         0.010523003    2313.6952      106.15314    
    644000   259090.75      399838.75     -140748         0.010523003    2314.5274      105.2761     
    645000   259251.47      400060.68     -140809.2       0.010523003    2315.8121      106.33964    
    646000   259406.89      400167.87     -140760.98      0.010523003    2316.4326      105.58332    
    647000   259565.99      400363.48     -140797.5       0.010523003    2317.5649      106.03378    
    648000   259724.15      400492.03     -140767.88      0.010523003    2318.309       106.03988    
    649000   259884.06      400604.62     -140720.56      0.010523003    2318.9608      105.94045    
    650000   260030.92      400802.97     -140772.05      0.010523003    2320.109       106.09637    
    651000   260181.16      400924.14     -140742.98      0.010523003    2320.8104      105.89108    
    652000   260336.21      401104.67     -140768.46      0.010523003    2321.8554      105.9967     
    653000   260481.18      401241.86     -140760.68      0.010523003    2322.6495      105.96898    
    654000   260643.78      401331.57     -140687.79      0.010523003    2323.1688      106.03916    
    655000   260786.58      401521.26     -140734.68      0.010523003    2324.2669      106.73041    
    656000   260954.39      401632.05     -140677.67      0.010523003    2324.9082      105.67169    
    657000   261089.17      401834.02     -140744.85      0.010523003    2326.0773      106.25691    
    658000   261269.37      401973.81     -140704.44      0.010523003    2326.8865      106.55787    
    659000   261409.4       402097.96     -140688.56      0.010523003    2327.6052      106.07975    
    660000   261564.78      402268.44     -140703.66      0.010523003    2328.592       106.60266    
    661000   261719.03      402390.25     -140671.22      0.010523003    2329.2972      106.2854     
    662000   261873.5       402565.39     -140691.9       0.010523003    2330.311       106.60456    
    663000   262013.22      402676.19     -140662.97      0.010523003    2330.9524      106.32341    
    664000   262177.64      402875.81     -140698.17      0.010523003    2332.1079      106.57631    
    665000   262307.63      402979.99     -140672.36      0.010523003    2332.711       105.97556    
    666000   262468.63      403156.77     -140688.14      0.010523003    2333.7343      106.86156    
    667000   262624.54      403316.95     -140692.41      0.010523003    2334.6615      106.49637    
    668000   262773.16      403429.05     -140655.89      0.010523003    2335.3104      106.59167    
    669000   262927.93      403574.3      -140646.37      0.010523003    2336.1512      106.83573    
    670000   263088.45      403734.61     -140646.16      0.010523003    2337.0792      106.95754    
    671000   263257.41      403940.66     -140683.26      0.010523003    2338.2719      106.67531    
    672000   263407.85      404088.53     -140680.68      0.010523003    2339.1279      106.78881    
    673000   263550.77      404180.63     -140629.86      0.010523003    2339.661       107.00634    
    674000   263710.18      404353.69     -140643.52      0.010523003    2340.6628      106.9899     
    675000   263867.06      404558.73     -140691.68      0.010523003    2341.8498      106.858      
    676000   264022.5       404684.47     -140661.97      0.010523003    2342.5776      107.34397    
    677000   264185.97      404833.32     -140647.35      0.010523003    2343.4392      107.28375    
    678000   264335.07      404997.48     -140662.41      0.010523003    2344.3895      106.54018    
    679000   264484.54      405134.96     -140650.41      0.010523003    2345.1853      107.672      
    680000   264629.21      405296.04     -140666.83      0.010523003    2346.1178      106.8873     
    681000   264793.75      405403        -140609.25      0.010523003    2346.7369      106.8745     
    682000   264939.75      405567.92     -140628.17      0.010523003    2347.6916      107.70888    
    683000   265096.69      405725.96     -140629.27      0.010523003    2348.6064      106.50609    
    684000   265242.7       405891.93     -140649.23      0.010523003    2349.5672      107.96522    
    685000   265392.43      405975.57     -140583.14      0.010523003    2350.0513      106.95579    
    686000   265556.74      406195.27     -140638.53      0.010523003    2351.3231      107.36452    
    687000   265712.2       406253.07     -140540.87      0.010523003    2351.6577      107.60664    
    688000   265844.78      406471.93     -140627.15      0.010523003    2352.9246      107.62897    
    689000   265984.92      406588.33     -140603.41      0.010523003    2353.5984      106.95925    
    690000   266142.15      406735.61     -140593.46      0.010523003    2354.4509      107.814      
    691000   266289.68      406857.61     -140567.93      0.010523003    2355.1572      107.69873    
    692000   266443.07      407054.33     -140611.26      0.010523003    2356.2959      107.33297    
    693000   266596.82      407188.84     -140592.02      0.010523003    2357.0745      107.77457    
    694000   266745.64      407317.22     -140571.58      0.010523003    2357.8177      107.48655    
    695000   266894.9       407484.17     -140589.26      0.010523003    2358.7841      107.9444     
    696000   267046.54      407578.04     -140531.5       0.010523003    2359.3275      107.44243    
    697000   267200.17      407745        -140544.83      0.010523003    2360.2939      108.13155    
    698000   267359.51      407966.49     -140606.98      0.010523003    2361.576       107.90124    
    699000   267507.84      408095.72     -140587.87      0.010523003    2362.3241      107.98432    
    700000   267649.88      408219.98     -140570.09      0.010523003    2363.0434      107.50344    
    701000   267796.62      408362.27     -140565.64      0.010523003    2363.8671      108.22579    
    702000   267948.25      408483.6      -140535.35      0.010523003    2364.5694      107.82568    
    703000   268105.29      408662.32     -140557.04      0.010523003    2365.604       108.52602    
    704000   268247.35      408790.9      -140543.55      0.010523003    2366.3483      107.78903    
    705000   268397.82      408901.02     -140503.21      0.010523003    2366.9858      108.03555    
    706000   268526.53      409050.97     -140524.44      0.010523003    2367.8537      108.66951    
    707000   268660.48      409200.72     -140540.24      0.010523003    2368.7206      107.81787    
    708000   268807.69      409315.84     -140508.15      0.010523003    2369.387       108.10451    
    709000   268979.13      409482.16     -140503.02      0.010523003    2370.3497      108.5462     
    710000   269131.28      409647.16     -140515.87      0.010523003    2371.3049      107.99211    
    711000   269278.13      409763.15     -140485.01      0.010523003    2371.9763      108.55108    
    712000   269425.07      409943.88     -140518.8       0.010523003    2373.0225      108.68027    
    713000   269591.66      410100.44     -140508.77      0.010523003    2373.9287      108.24832    
    714000   269750.15      410223.42     -140473.27      0.010523003    2374.6406      108.23991    
    715000   269906.74      410433.79     -140527.06      0.010523003    2375.8584      108.79285    
    716000   270085.59      410620.09     -140534.5       0.010523003    2376.9369      108.48256    
    717000   270245.08      410753.41     -140508.33      0.010523003    2377.7085      108.40114    
    718000   270402.37      410915.83     -140513.46      0.010523003    2378.6488      109.18847    
    719000   270557.52      411041.74     -140484.22      0.010523003    2379.3776      108.29419    
    720000   270717.71      411191.61     -140473.9       0.010523003    2380.2452      109.34347    
    721000   270881.39      411346.47     -140465.09      0.010523003    2381.1416      108.79187    
    722000   271033.84      411504.16     -140470.31      0.010523003    2382.0544      108.91628    
    723000   271192.6       411604.89     -140412.3       0.010523003    2382.6375      108.69998    
    724000   271361.37      411865.19     -140503.82      0.010523003    2384.1443      108.78933    
    725000   271517.43      411927.92     -140410.49      0.010523003    2384.5074      108.89071    
    726000   271675.64      412118.16     -140442.52      0.010523003    2385.6087      109.14818    
    727000   271837.16      412258.29     -140421.13      0.010523003    2386.4198      109.17579    
    728000   271973.92      412414.1      -140440.18      0.010523003    2387.3217      108.91708    
    729000   272124.42      412530.92     -140406.5       0.010523003    2387.998       108.9298     
    730000   272271.25      412705.58     -140434.34      0.010523003    2389.009       109.236      
    731000   272433.19      412845.65     -140412.45      0.010523003    2389.8198      109.0924     
    732000   272572.44      413018.55     -140446.12      0.010523003    2390.8207      109.44978    
    733000   272718.94      413122.56     -140403.61      0.010523003    2391.4227      109.22154    
    734000   272888.74      413297.41     -140408.67      0.010523003    2392.4349      109.6172     
    735000   273042.63      413458.19     -140415.56      0.010523003    2393.3656      109.04362    
    736000   273175.39      413579.89     -140404.51      0.010523003    2394.0701      109.90193    
    737000   273331.23      413740.91     -140409.68      0.010523003    2395.0022      109.36971    
    738000   273478.69      413867.68     -140388.99      0.010523003    2395.736       109.45577    
    739000   273640.04      414043.53     -140403.49      0.010523003    2396.7539      109.78205    
    740000   273788.08      414168.45     -140380.37      0.010523003    2397.477       109.02715    
    741000   273943.56      414364        -140420.44      0.010523003    2398.609       109.5838     
    742000   274112.05      414505.14     -140393.09      0.010523003    2399.426       109.60803    
    743000   274250.07      414673.97     -140423.89      0.010523003    2400.4033      109.81868    
    744000   274401.56      414830.44     -140428.88      0.010523003    2401.3091      109.41855    
    745000   274568.03      414988.7      -140420.67      0.010523003    2402.2252      110.1751     
    746000   274734.46      415116.59     -140382.13      0.010523003    2402.9655      109.65646    
    747000   274893.09      415287.31     -140394.22      0.010523003    2403.9537      109.90445    
    748000   275063.68      415451.82     -140388.14      0.010523003    2404.906       110.58218    
    749000   275196.74      415567.34     -140370.6       0.010523003    2405.5747      109.64076    
    750000   275350.86      415727.57     -140376.71      0.010523003    2406.5023      109.82716    
    751000   275518.29      415885.58     -140367.29      0.010523003    2407.417       110.47927    
    752000   275686.45      416051.12     -140364.67      0.010523003    2408.3752      109.72074    
    753000   275840.05      416247.2      -140407.15      0.010523003    2409.5102      110.4588     
    754000   275984.32      416337.51     -140353.19      0.010523003    2410.033       110.48225    
    755000   276155.52      416519.4      -140363.88      0.010523003    2411.0859      109.94605    
    756000   276313.18      416639.51     -140326.33      0.010523003    2411.7812      110.36283    
    757000   276480.08      416859.55     -140379.48      0.010523003    2413.0549      110.75866    
    758000   276637.49      416993.25     -140355.77      0.010523003    2413.8289      109.93816    
    759000   276819.09      417145.57     -140326.47      0.010523003    2414.7105      110.50276    
    760000   276995.18      417318.33     -140323.15      0.010523003    2415.7106      110.67807    
    761000   277162.02      417489.5      -140327.48      0.010523003    2416.7015      110.67714    
    762000   277317.94      417657.77     -140339.83      0.010523003    2417.6755      110.18018    
    763000   277504.26      417836.62     -140332.36      0.010523003    2418.7108      110.79909    
    764000   277689.29      418010.52     -140321.23      0.010523003    2419.7174      111.02931    
    765000   277874         418223.12     -140349.13      0.010523003    2420.9481      110.37124    
    766000   278058.65      418358.63     -140299.98      0.010523003    2421.7326      111.06525    
    767000   278236.66      418545.11     -140308.45      0.010523003    2422.812       110.60873    
    768000   278424.08      418721.37     -140297.29      0.010523003    2423.8323      111.1462     
    769000   278614.73      418910.7      -140295.97      0.010523003    2424.9283      110.74183    
    770000   278791.66      419123.3      -140331.64      0.010523003    2426.159       111.07557    
    771000   278987.47      419284.1      -140296.63      0.010523003    2427.0898      111.3437     
    772000   279193.08      419473.87     -140280.79      0.010523003    2428.1883      110.55691    
    773000   279396.18      419689.25     -140293.07      0.010523003    2429.435       111.29965    
    774000   279617.22      419921.09     -140303.88      0.010523003    2430.7771      111.11076    
    775000   279836.94      420127.75     -140290.81      0.010523003    2431.9734      111.21276    
    776000   280104.07      420373.2      -140269.13      0.010523003    2433.3942      111.0009     
    777000   280339.87      420584.68     -140244.81      0.010523003    2434.6184      111.9572     
    778000   280587.9       420812.18     -140224.28      0.010523003    2435.9353      111.07488    
    779000   280815.06      421115.56     -140300.5       0.010523003    2437.6914      111.73931    
    780000   281046.35      421286.86     -140240.51      0.010523003    2438.6831      111.44417    
    781000   281246.17      421470.75     -140224.57      0.010523003    2439.7475      111.74472    
    782000   281517.69      421753.85     -140236.17      0.010523003    2441.3863      111.69905    
    783000   281790.08      422052.93     -140262.85      0.010523003    2443.1176      112.20219    
    784000   282009.67      422246.65     -140236.98      0.010523003    2444.2389      111.76918    
    785000   282268.25      422532.93     -140264.68      0.010523003    2445.8961      112.35525    
    786000   282515.56      422710.8      -140195.24      0.010523003    2446.9257      111.729      
    787000   282791.64      423003.69     -140212.05      0.010523003    2448.6212      112.46972    
    788000   283054.85      423257.39     -140202.54      0.010523003    2450.0898      112.22441    
    789000   283332.56      423552.31     -140219.75      0.010523003    2451.797       112.95271    
    790000   283618.4       423773.02     -140154.62      0.010523003    2453.0746      112.13808    
    791000   283883.19      424126.27     -140243.08      0.010523003    2455.1194      112.49975    
    792000   284187.52      424432.32     -140244.8       0.010523003    2456.8911      112.8345     
    793000   284483.97      424697.99     -140214.02      0.010523003    2458.4289      112.6696     
    794000   284786.82      424940.53     -140153.71      0.010523003    2459.8329      112.79476    
    795000   285064.66      425235.96     -140171.29      0.010523003    2461.543       113.21606    
    796000   285379.05      425603.13     -140224.08      0.010523003    2463.6684      113.197      
    797000   285680.23      425814.41     -140134.18      0.010523003    2464.8915      113.29369    
    798000   285965.74      426147.09     -140181.35      0.010523003    2466.8172      113.40464    
    799000   286244.96      426441.65     -140196.69      0.010523003    2468.5224      113.02236    
    800000   286556.84      426752.53     -140195.69      0.010523003    2470.3219      113.48026    
Loop time of 79352 on 24 procs for 400000 steps with 1336467 atoms

Performance: 0.436 ns/day, 55.106 hours/ns, 5.041 timesteps/s, 6.737 Matom-step/s
99.9% CPU use with 24 MPI tasks x 1 OpenMP threads

MPI task timing breakdown:
Section |  min time  |  avg time  |  max time  |%varavg| %total
---------------------------------------------------------------
Pair    | 46467      | 53556      | 62526      |1214.5 | 67.49
Bond    | 304.21     | 425.19     | 501.38     | 228.2 |  0.54
Neigh   | 8298.5     | 8378.8     | 8415.1     |  32.8 | 10.56
Comm    | 652.95     | 2586.9     | 7736.9     |3482.1 |  3.26
Output  | 8.6371     | 8.8391     | 9.0773     |   4.4 |  0.01
Modify  | 7140.5     | 7928.3     | 8556.1     | 404.5 |  9.99
Other   |            | 6468       |            |       |  8.15

Nlocal:        55686.1 ave       57646 max       54311 min
Histogram: 2 0 0 7 13 1 0 0 0 1
Nghost:        18550.2 ave       21208 max       12060 min
Histogram: 1 0 0 0 1 0 10 7 2 3
Neighs:              0 ave           0 max           0 min
Histogram: 24 0 0 0 0 0 0 0 0 0

Total # of neighbors = 0
Ave neighs/atom = 0
Ave special neighs/atom = 0.97833617
Neighbor list builds = 32871
Dangerous builds = 0

#write_restart N2_Shock/restart/combined_Ti_300_100ps.restart#------------------------------------------------------------------------CHANGE
Total wall time: 22:02:46
