

thermo_style            custom step etotal ke pe density temp press
thermo                  1000

dump                    myDump all xyz 5000 N2_Shock/dump/all_dump_Ti_2.xyz #Dump all atoms
dump                    TiDump titanium xyz 1000 N2_Shock/dump/Ti_dump_2.xyz #Dump Cu atoms


# ----------------------------
# Boundary conditions
# ----------------------------


comm_style              tiled
comm_modify             vel yes

neighbor                1.5 bin
#fix xwall_low all wall/reflect xlo 0 units box
fix                     balance all balance 1000 1.2 rcb # how to assign the domain to different processors
fix                     xwall_high all wall/reflect xhi 24000 units box
neigh_modify            delay 0 every 1 check yes #comuptational save for rebuilding members (very valid for solid simulations)


# Continue piston from previous position

variable                piston_start equal 900000 #----------------------------------------------------------------------------------------CHANGE

variable                wall_mov equal (step+v_piston_start)*dt*14.21

fix                     piston all wall/reflect xlo v_wall_mov units box


# ----------------------------
# Integration
# ----------------------------

fix integrator all nve


# ----------------------------
# Density measurement
# ----------------------------

compute chunks_x nitrogen chunk/atom bin/1d x 0.0 10.0 units box

compute temp_chunk nitrogen temp/chunk chunks_x temp com yes


fix N2_properties nitrogen ave/chunk 100 10 1000 chunks_x vx temp density/number density/mass bias temp_chunk norm sample file N2_Shock/profiles/N2_gas_Ti_2.profile

#computing Cu particle parameter

compute Ti_com titanium com #com position
variable Ti_vx equal vcm(titanium,x) #Com velcoties
variable Ti_vy equal vcm(titanium,y)
variable Ti_vz equal vcm(titanium,z)
compute Ti_temp titanium temp/com #particle temp -removing com motion
compute Ti_gyr titanium gyration #particle radius of gyration

compute Ti_ke_atom titanium ke/atom #Ke of titanium atoms
compute Ti_ke titanium reduce sum c_Ti_ke_atom #sums to find total

compute Ti_pe_atom titanium pe/atom #as aboce, for PE
compute Ti_pe titanium reduce sum c_Ti_pe_atom

fix Ti_properties titanium ave/time 100 10 1000 c_Ti_com[*] v_Ti_vx v_Ti_vy v_Ti_vz c_Ti_temp c_Ti_ke c_Ti_pe c_Ti_gyr file N2_Shock/profiles/Ti_particle_2.profile
#-------------------------------------------------------------------------------------------------------------------------------------------CHANGE

# ----------------------------
# Gas around partcile
# ----------------------------

variable xc equal c_Ti_com[1]
variable yc equal c_Ti_com[2]
variable zc equal c_Ti_com[3]


#region gas_shell sphere v_xc v_yc v_zc 40
#group localGas dynamic nitrogen region gas_shell every 10
#compute gasTemp localGas temp/com
#fix gasTempOut all ave/time 100 10 1000 c_gasTemp file N2_Shock/profiles/local_gas_temp_Ti.profile

variable r atom sqrt((x-v_xc)^2 + (y-v_yc)^2 + (z-v_zc)^2)

#Assigning atoms
variable shell1_front atom (v_r>=25.0)&&(v_r<35.0)&&(x<v_xc)
variable shell2_front atom (v_r>=35.0)&&(v_r<50.0)&&(x<v_xc)
variable shell3_front atom (v_r>=50.0)&&(v_r<75.0)&&(x<v_xc)
variable shell1_rear atom (v_r>=25.0)&&(v_r<35.0)&&(x>v_xc)
variable shell2_rear atom (v_r>=35.0)&&(v_r<50.0)&&(x>v_xc)
variable shell3_rear atom (v_r>=50.0)&&(v_r<75.0)&&(x>v_xc)

#assigning dynamic groups
group shell1_front dynamic nitrogen var shell1_front every 10
dynamic group shell1_front defined
group shell2_front dynamic nitrogen var shell2_front every 10
dynamic group shell2_front defined
group shell3_front dynamic nitrogen var shell3_front every 10
dynamic group shell3_front defined
group shell1_rear  dynamic nitrogen var shell1_rear  every 10
dynamic group shell1_rear defined
group shell2_rear  dynamic nitrogen var shell2_rear  every 10
dynamic group shell2_rear defined
group shell3_rear  dynamic nitrogen var shell3_rear  every 10
dynamic group shell3_rear defined

#computing com corrected temps
compute T1_front shell1_front temp/com
compute T2_front shell2_front temp/com
compute T3_front shell3_front temp/com
compute T1_rear shell1_rear temp/com
compute T2_rear shell2_rear temp/com
compute T3_rear shell3_rear temp/com

fix gasTemps all ave/time 100 10 1000 c_T1_front c_T2_front c_T3_front c_T1_rear c_T2_rear c_T3_rear file N2_Shock/profiles/gas_shell_temperature_Ti.profile

# ----------------------------
# Restart files
# ----------------------------

#restart 100000 N2_Shock/restart/combined_Ti_N2.restart #---------------------------------------------------------------------CHANGE
#minimize 1e-4 1e-6 100 1000

fix integrator all nve
run 400000 #--------------------------------------------------------------------------------------------------------------------CHANGE
WARNING: Using a manybody potential with bonds/angles/dihedrals and special_bond exclusions (src/pair.cpp:253)
Neighbor list info ...
  update: every = 1 steps, delay = 0 steps, check = yes
  max neighbors/atom: 2000, page size: 100000
  master list distance cutoff = 16.5
  ghost atom cutoff = 16.5
  binsize = 8.25, bins = 2910 32 32
  3 neighbor lists, perpetual/occasional/extra = 3 0 0
  (1) pair eam/fs, perpetual, skip from (3)
      attributes: half, newton on
      pair build: skip
      stencil: none
      bin: none
  (2) pair lj/cut, perpetual, skip from (3)
      attributes: half, newton on
      pair build: skip
      stencil: none
      bin: none
  (3) neighbor class addition, perpetual
      attributes: half, newton on
      pair build: half/bin/newton
      stencil: half/bin/3d
      bin: standard
Per MPI rank memory allocation (min/avg/max) = 18.85 | 34.86 | 93.24 Mbytes
   Step         TotEng         KinEng         PotEng        Density          Temp          Press     
         0   105661.94      121749.34     -16087.394      0.0080413453   1760.2795      64.376889    
      1000   105779.45      121864.92     -16085.471      0.0080413453   1761.9507      64.254615    
      2000   105902.51      121980.48     -16077.973      0.0080413453   1763.6214      65.009381    
      3000   106012.49      122112.68     -16100.188      0.0080413453   1765.5327      65.087064    
      4000   106117.83      122197.41     -16079.579      0.0080413453   1766.7578      64.361498    
      5000   106223.95      122286.12     -16062.171      0.0080413453   1768.0404      65.303372    
      6000   106339.56      122418.14     -16078.581      0.0080413453   1769.9492      65.272351    
      7000   106462.75      122549.18     -16086.424      0.0080413453   1771.8438      64.774871    
      8000   106566.88      122651.17     -16084.29       0.0080413453   1773.3183      65.059692    
      9000   106683.56      122758.51     -16074.949      0.0080413453   1774.8703      65.543385    
     10000   106796.17      122887.72     -16091.552      0.0080413453   1776.7385      65.353533    
     11000   106906.71      122985.17     -16078.463      0.0080413453   1778.1474      64.753371    
     12000   107004.4       123085.03     -16080.633      0.0080413453   1779.5912      65.949305    
     13000   107119.03      123210.42     -16091.386      0.0080413453   1781.4041      65.269771    
     14000   107235.2       123314.61     -16079.406      0.0080413453   1782.9105      65.324815    
     15000   107346.96      123422.08     -16075.121      0.0080413453   1784.4644      65.421061    
     16000   107472.32      123526.76     -16054.437      0.0080413453   1785.9778      65.906364    
     17000   107593.72      123674.13     -16080.412      0.0080413453   1788.1085      65.644117    
     18000   107691.52      123784.29     -16092.771      0.0080413453   1789.7012      65.456326    
     19000   107808.49      123887.71     -16079.216      0.0080413453   1791.1965      65.776544    
     20000   107924.79      124017.79     -16093.005      0.0080413453   1793.0773      65.988694    
     21000   108036.85      124102.81     -16065.962      0.0080413453   1794.3066      65.841348    
     22000   108167.13      124238.14     -16071.005      0.0080413453   1796.2631      65.956068    
     23000   108271.07      124352.44     -16081.375      0.0080413453   1797.9158      65.894924    
     24000   108371.92      124452.6      -16080.677      0.0080413453   1799.3639      65.904586    
     25000   108491.06      124584.93     -16093.87       0.0080413453   1801.2771      66.133516    
     26000   108607.57      124682.53     -16074.964      0.0080413453   1802.6883      66.194013    
     27000   108713.3       124786.91     -16073.613      0.0080413453   1804.1974      66.302002    
     28000   108814.62      124884.45     -16069.824      0.0080413453   1805.6076      66.050006    
     29000   108946.85      125032.79     -16085.944      0.0080413453   1807.7524      66.226052    
     30000   109064.41      125143.23     -16078.819      0.0080413453   1809.3491      66.704964    
     31000   109162.19      125239.99     -16077.8        0.0080413453   1810.7481      66.212227    
     32000   109273.92      125346.29     -16072.373      0.0080413453   1812.2851      66.244163    
     33000   109383.7       125457.7      -16074          0.0080413453   1813.8958      66.695979    
     34000   109493.91      125572.73     -16078.811      0.0080413453   1815.5589      66.929959    
     35000   109607.77      125673.11     -16065.341      0.0080413453   1817.0103      66.284935    
     36000   109718.68      125791.87     -16073.191      0.0080413453   1818.7273      67.501607    
     37000   109832.14      125914.44     -16082.305      0.0080413453   1820.4995      66.795628    
     38000   109943.69      126011.09     -16067.404      0.0080413453   1821.8968      66.943496    
     39000   110054.93      126131.96     -16077.034      0.0080413453   1823.6444      66.972359    
     40000   110153.84      126232.75     -16078.903      0.0080413453   1825.1016      67.122543    
     41000   110262.73      126327.8      -16065.063      0.0080413453   1826.4759      67.141164    
     42000   110376.09      126450.79     -16074.699      0.0080413453   1828.2541      67.126659    
     43000   110481.64      126545.72     -16064.079      0.0080413453   1829.6267      67.387846    
     44000   110598.06      126659.32     -16061.259      0.0080413453   1831.2692      67.559934    
     45000   110706.64      126764.14     -16057.498      0.0080413453   1832.7846      67.145628    
     46000   110813.93      126881.59     -16067.665      0.0080413453   1834.4828      67.28367     
     47000   110935.44      127001.56     -16066.122      0.0080413453   1836.2173      67.810961    
     48000   111054.03      127114.17     -16060.145      0.0080413453   1837.8455      67.21548     
     49000   111155.59      127225.34     -16069.744      0.0080413453   1839.4527      67.706006    
     50000   111269.64      127347.12     -16077.478      0.0080413453   1841.2135      67.761523    
     51000   111397.73      127462.01     -16064.284      0.0080413453   1842.8747      67.166841    
     52000   111510.17      127583.61     -16073.44       0.0080413453   1844.6327      68.551637    
     53000   111609.45      127664.81     -16055.359      0.0080413453   1845.8068      67.660551    
     54000   111722.64      127792.28     -16069.638      0.0080413453   1847.6497      67.683286    
     55000   111862.73      127937.88     -16075.147      0.0080413453   1849.7548      68.429977    
     56000   111981.58      128044.92     -16063.343      0.0080413453   1851.3025      67.859718    
     57000   112087.46      128149.44     -16061.983      0.0080413453   1852.8137      68.385224    
     58000   112220.43      128279.1      -16058.671      0.0080413453   1854.6883      67.824083    
     59000   112345.3       128421.13     -16075.834      0.0080413453   1856.7418      68.971073    
     60000   112448.8       128504.09     -16055.288      0.0080413453   1857.9412      67.546255    
     61000   112560.38      128637.11     -16076.726      0.0080413453   1859.8644      68.719179    
     62000   112666.71      128722.3      -16055.589      0.0080413453   1861.0962      68.876655    
     63000   112787.64      128848.27     -16060.63       0.0080413453   1862.9174      67.897709    
     64000   112911.58      128968.81     -16057.237      0.0080413453   1864.6603      68.632426    
     65000   113013.66      129082.62     -16068.959      0.0080413453   1866.3057      69.094716    
     66000   113137.69      129199.88     -16062.194      0.0080413453   1868.0011      68.226315    
     67000   113247.06      129301.5      -16054.44       0.0080413453   1869.4703      68.933486    
     68000   113381.88      129448.29     -16066.405      0.0080413453   1871.5926      69.049497    
     69000   113511.27      129568.56     -16057.287      0.0080413453   1873.3315      68.8883      
     70000   113624.45      129689.82     -16065.366      0.0080413453   1875.0847      68.980281    
     71000   113752.35      129804.2      -16051.844      0.0080413453   1876.7385      68.880599    
     72000   113876.09      129932.97     -16056.881      0.0080413453   1878.6003      68.99255     
     73000   113996.85      130047.64     -16050.796      0.0080413453   1880.2583      69.28074     
     74000   114102.82      130178.12     -16075.296      0.0080413453   1882.1447      69.152531    
     75000   114216.53      130278.87     -16062.343      0.0080413453   1883.6014      69.066948    
     76000   114322.02      130371.33     -16049.315      0.0080413453   1884.9383      69.767098    
     77000   114429.32      130500.44     -16071.119      0.0080413453   1886.8049      69.19831     
     78000   114541.54      130602.81     -16061.267      0.0080413453   1888.285       69.535802    
     79000   114634.42      130685.55     -16051.129      0.0080413453   1889.4813      69.112834    
     80000   114743.47      130790.44     -16046.975      0.0080413453   1890.9978      70.322643    
     81000   114853.04      130899.5      -16046.466      0.0080413453   1892.5746      69.200593    
     82000   114956.88      131016.57     -16059.688      0.0080413453   1894.2673      70.078012    
     83000   115060.89      131113.82     -16052.923      0.0080413453   1895.6732      69.324776    
     84000   115157.96      131212.55     -16054.589      0.0080413453   1897.1007      70.172432    
     85000   115265.23      131313.37     -16048.142      0.0080413453   1898.5584      69.782308    
     86000   115379.07      131426.75     -16047.681      0.0080413453   1900.1976      70.124119    
     87000   115489.39      131523.35     -16033.961      0.0080413453   1901.5944      70.059434    
     88000   115607.78      131636.55     -16028.765      0.0080413453   1903.231       70.107834    
     89000   115723.83      131755.45     -16031.621      0.0080413453   1904.9501      70.238171    
     90000   115830.59      131860.51     -16029.922      0.0080413453   1906.4691      69.950262    
     91000   115940.73      131973.41     -16032.683      0.0080413453   1908.1015      70.091109    
     92000   116049.16      132086.45     -16037.29       0.0080413453   1909.7358      70.47296     
     93000   116177.43      132194.73     -16017.298      0.0080413453   1911.3013      70.242996    
     94000   116289.94      132290.74     -16000.803      0.0080413453   1912.6895      70.190317    
     95000   116407.47      132424.43     -16016.959      0.0080413453   1914.6223      70.585113    
     96000   116524.68      132532.2      -16007.518      0.0080413453   1916.1805      70.796198    
     97000   116645.09      132638.84     -15993.757      0.0080413453   1917.7224      70.357753    
     98000   116760.91      132753.84     -15992.933      0.0080413453   1919.3851      71.02555     
     99000   116869.5       132855.56     -15986.053      0.0080413453   1920.8557      70.352195    
    100000   116995.98      133011.19     -16015.21       0.0080413453   1923.1058      70.966382    
    101000   117113.9       133110.95     -15997.05       0.0080413453   1924.5483      70.733579    
    102000   117225.52      133215.06     -15989.548      0.0080413453   1926.0535      71.005894    
    103000   117326.09      133305.81     -15979.718      0.0080413453   1927.3655      70.85762     
    104000   117462.55      133428.9      -15966.35       0.0080413453   1929.1452      71.212352    
    105000   117581.08      133552.58     -15971.506      0.0080413453   1930.9335      70.755774    
    106000   117682.49      133662.82     -15980.329      0.0080413453   1932.5273      71.336918    
    107000   117820.51      133776.28     -15955.774      0.0080413453   1934.1678      71.416563    
    108000   117917         133866.68     -15949.688      0.0080413453   1935.4748      70.889834    
    109000   118033.1       134017.24     -15984.134      0.0080413453   1937.6516      71.828061    
    110000   118159.42      134113.98     -15954.569      0.0080413453   1939.0503      71.319111    
    111000   118271.97      134231.39     -15959.416      0.0080413453   1940.7478      71.472521    
    112000   118379.65      134321.54     -15941.886      0.0080413453   1942.0512      71.462318    
    113000   118484.09      134427.77     -15943.685      0.0080413453   1943.5872      71.7557      
    114000   118615.44      134546.83     -15931.381      0.0080413453   1945.3085      71.091986    
    115000   118720.13      134652.13     -15932.006      0.0080413453   1946.831       71.944428    
    116000   118845.32      134771.62     -15926.296      0.0080413453   1948.5586      71.97989     
    117000   118970.22      134880.78     -15910.565      0.0080413453   1950.1369      71.742321    
    118000   119088.16      134996.39     -15908.226      0.0080413453   1951.8083      71.353435    
    119000   119219.11      135143.51     -15924.404      0.0080413453   1953.9354      72.594313    
    120000   119341.36      135267.63     -15926.267      0.0080413453   1955.73        71.304184    
    121000   119478.55      135391.26     -15912.711      0.0080413453   1957.5175      72.261564    
    122000   119596.29      135493.84     -15897.542      0.0080413453   1959.0006      72.011213    
    123000   119711.49      135612.47     -15900.98       0.0080413453   1960.7158      71.946485    
    124000   119831.11      135721.57     -15890.458      0.0080413453   1962.2932      71.830594    
    125000   119951.86      135840.97     -15889.113      0.0080413453   1964.0195      72.441139    
    126000   120069.86      135963.99     -15894.133      0.0080413453   1965.7982      72.433942    
    127000   120204.72      136099.14     -15894.421      0.0080413453   1967.7522      71.710589    
    128000   120303.56      136191.85     -15888.295      0.0080413453   1969.0927      72.834002    
    129000   120423.62      136317.71     -15894.088      0.0080413453   1970.9123      72.662772    
    130000   120534.19      136408.55     -15874.368      0.0080413453   1972.2258      72.744043    
    131000   120645.7       136520.39     -15874.691      0.0080413453   1973.8427      72.450794    
    132000   120756.65      136631.24     -15874.585      0.0080413453   1975.4454      72.775938    
    133000   120859.7       136718.21     -15858.516      0.0080413453   1976.7028      72.885352    
    134000   120979.39      136829.54     -15850.144      0.0080413453   1978.3124      72.575121    
    135000   121092.76      136949.54     -15856.784      0.0080413453   1980.0475      72.687334    
    136000   121205.57      137067.36     -15861.797      0.0080413453   1981.751       72.956368    
    137000   121313.57      137156.95     -15843.379      0.0080413453   1983.0462      72.871465    
    138000   121430.01      137272.07     -15842.057      0.0080413453   1984.7107      73.00987     
    139000   121537.93      137374.99     -15837.058      0.0080413453   1986.1986      73.457253    
    140000   121657.32      137506.42     -15849.097      0.0080413453   1988.0989      73.092623    
    141000   121766.03      137617.65     -15851.619      0.0080413453   1989.7071      73.245748    
    142000   121891.01      137736.87     -15845.859      0.0080413453   1991.4308      73.231934    
    143000   122001.36      137819.96     -15818.6        0.0080413453   1992.6322      73.200524    
    144000   122110.63      137936.33     -15825.706      0.0080413453   1994.3147      73.680077    
    145000   122205.16      138030.62     -15825.464      0.0080413453   1995.678       73.248805    
    146000   122328.76      138168.72     -15839.964      0.0080413453   1997.6747      73.371031    
    147000   122428.51      138238.27     -15809.759      0.0080413453   1998.6802      73.305782    
    148000   122542.05      138354.2      -15812.146      0.0080413453   2000.3563      73.743885    
    149000   122668.45      138491.71     -15823.263      0.0080413453   2002.3445      73.38177     
    150000   122781.47      138588.43     -15806.953      0.0080413453   2003.7429      74.111556    
    151000   122897.51      138698.08     -15800.567      0.0080413453   2005.3283      73.721078    
    152000   123008.85      138809.15     -15800.302      0.0080413453   2006.9341      73.757281    
    153000   123118.45      138918.31     -15799.866      0.0080413453   2008.5124      73.9587      
    154000   123236.61      139052.87     -15816.259      0.0080413453   2010.4579      73.682726    
    155000   123350.7       139137.73     -15787.034      0.0080413453   2011.6848      74.165483    
    156000   123484.98      139269.54     -15784.557      0.0080413453   2013.5905      74.310233    
    157000   123603.78      139399.73     -15795.952      0.0080413453   2015.4729      74.130704    
    158000   123742.87      139532.52     -15789.646      0.0080413453   2017.3927      73.964787    
    159000   123862.85      139664.79     -15801.941      0.0080413453   2019.3051      74.86627     
    160000   123978.09      139752.16     -15774.073      0.0080413453   2020.5683      74.284982    
    161000   124094.86      139862.67     -15767.816      0.0080413453   2022.1662      74.174306    
    162000   124204.16      139986.46     -15782.301      0.0080413453   2023.956       74.759671    
    163000   124314.2       140097.63     -15783.431      0.0080413453   2025.5632      74.406039    
    164000   124427.09      140201.78     -15774.686      0.0080413453   2027.0691      74.455864    
    165000   124545.95      140321.24     -15775.296      0.0080413453   2028.7963      74.285503    
    166000   124667.01      140435.02     -15768.011      0.0080413453   2030.4413      75.03604     
    167000   124783.54      140555.92     -15772.378      0.0080413453   2032.1893      74.677009    
    168000   124891.93      140661.7      -15769.774      0.0080413453   2033.7187      75.031168    
    169000   125022.5       140791.49     -15768.994      0.0080413453   2035.5953      74.740632    
    170000   125139.09      140910.25     -15771.157      0.0080413453   2037.3122      75.104734    
    171000   125248.38      141000.71     -15752.329      0.0080413453   2038.6202      74.569828    
    172000   125363.28      141097.61     -15734.326      0.0080413453   2040.0212      75.178465    
    173000   125487.73      141226.83     -15739.098      0.0080413453   2041.8895      74.76688     
    174000   125602.42      141348.23     -15745.811      0.0080413453   2043.6447      75.134537    
    175000   125716.05      141451.03     -15734.983      0.0080413453   2045.131       75.276525    
    176000   125826.95      141559.01     -15732.057      0.0080413453   2046.6922      75.125133    
    177000   125932.54      141680.98     -15748.432      0.0080413453   2048.4556      75.828015    
    178000   126051.06      141772.02     -15720.962      0.0080413453   2049.7719      74.920687    
    179000   126180.06      141917.97     -15737.906      0.0080413453   2051.8821      75.276579    
    180000   126302.67      142016.85     -15714.172      0.0080413453   2053.3117      76.279346    
    181000   126428.78      142160.32     -15731.542      0.0080413453   2055.3861      75.133903    
    182000   126559.5       142275.57     -15716.072      0.0080413453   2057.0524      75.398741    
    183000   126665.98      142378.24     -15712.258      0.0080413453   2058.5369      76.436969    
    184000   126787.64      142502.87     -15715.233      0.0080413453   2060.3388      75.568908    
    185000   126905.14      142594.16     -15689.016      0.0080413453   2061.6586      75.910619    
    186000   127009.97      142723.1      -15713.125      0.0080413453   2063.5229      75.742569    
    187000   127133.06      142858.64     -15725.583      0.0080413453   2065.4825      76.245037    
    188000   127254.18      142961.03     -15706.856      0.0080413453   2066.963       76.247572    
    189000   127377.37      143087.3      -15709.931      0.0080413453   2068.7886      75.68134     
    190000   127493.45      143189.86     -15696.408      0.0080413453   2070.2714      76.679918    
    191000   127597.82      143282.67     -15684.85       0.0080413453   2071.6133      76.081722    
    192000   127711.98      143406.68     -15694.702      0.0080413453   2073.4063      75.577334    
    193000   127814.68      143488.27     -15673.59       0.0080413453   2074.5859      76.84034     
    194000   127924.19      143617.5      -15693.314      0.0080413453   2076.4544      76.74196     
    195000   128035.4       143726.85     -15691.444      0.0080413453   2078.0353      76.231552    
    196000   128139.61      143815.21     -15675.596      0.0080413453   2079.3129      76.275737    
    197000   128247.06      143916.99     -15669.928      0.0080413453   2080.7844      77.023595    
    198000   128358.45      144028.76     -15670.309      0.0080413453   2082.4005      76.257552    
    199000   128471.08      144158.92     -15687.835      0.0080413453   2084.2823      76.700346    
    200000   128578.8       144246.43     -15667.633      0.0080413453   2085.5476      77.248214    
    201000   128689.93      144355.21     -15665.282      0.0080413453   2087.1203      76.848266    
    202000   128794.07      144440.69     -15646.622      0.0080413453   2088.3562      76.319242    
    203000   128899.56      144566.12     -15666.555      0.0080413453   2090.1696      77.125639    
    204000   129009.64      144684.56     -15674.923      0.0080413453   2091.8821      77.13807     
    205000   129119.87      144771.32     -15651.447      0.0080413453   2093.1365      76.507912    
    206000   129242.95      144888.83     -15645.874      0.0080413453   2094.8355      76.964633    
    207000   129359.91      145022.64     -15662.723      0.0080413453   2096.7701      77.541842    
    208000   129460.98      145111.06     -15650.082      0.0080413453   2098.0486      77.13762     
    209000   129577.25      145248.92     -15671.668      0.0080413453   2100.0418      77.415613    
    210000   129683.09      145349.52     -15666.422      0.0080413453   2101.4962      77.219891    
    211000   129793.59      145445.44     -15651.843      0.0080413453   2102.883       77.649599    
    212000   129892.12      145527.7      -15635.581      0.0080413453   2104.0724      77.218253    
    213000   129992.9       145642.72     -15649.824      0.0080413453   2105.7354      77.448308    
    214000   130109.91      145758.29     -15648.38       0.0080413453   2107.4063      77.782445    
    215000   130224.7       145885.06     -15660.369      0.0080413453   2109.2393      77.584647    
    216000   130328.14      145961.19     -15633.046      0.0080413453   2110.3399      77.657742    
    217000   130446.83      146073.25     -15626.425      0.0080413453   2111.9601      77.806071    
    218000   130541.72      146177.83     -15636.109      0.0080413453   2113.4722      77.877373    
    219000   130664.52      146296.39     -15631.872      0.0080413453   2115.1863      77.958412    
    220000   130797.68      146441.55     -15643.873      0.0080413453   2117.2851      77.863308    
    221000   130914.91      146545.05     -15630.137      0.0080413453   2118.7815      78.207677    
    222000   131040.46      146645.64     -15605.182      0.0080413453   2120.2359      77.98492     
    223000   131138.57      146773.19     -15634.615      0.0080413453   2122.08        77.69289     
    224000   131248.94      146859.85     -15610.902      0.0080413453   2123.3329      78.385778    
    225000   131355.53      146966.86     -15611.333      0.0080413453   2124.8801      78.24169     
    226000   131465.52      147082.12     -15616.602      0.0080413453   2126.5466      78.649153    
    227000   131587.96      147204.36     -15616.399      0.0080413453   2128.314       77.909152    
    228000   131696.6       147317.65     -15621.052      0.0080413453   2129.9519      78.687474    
    229000   131806.67      147430.34     -15623.674      0.0080413453   2131.5813      78.176491    
    230000   131910.44      147530.65     -15620.212      0.0080413453   2133.0316      78.521426    
    231000   132011.27      147634.76     -15623.489      0.0080413453   2134.5368      78.764761    
    232000   132133.46      147748        -15614.546      0.0080413453   2136.1741      77.806711    
    233000   132245.35      147847.1      -15601.75       0.0080413453   2137.6069      78.851354    
    234000   132343.75      147954.45     -15610.699      0.0080413453   2139.1589      79.268275    
    235000   132461.61      148090.96     -15629.345      0.0080413453   2141.1326      78.336199    
    236000   132580.66      148214.66     -15634.002      0.0080413453   2142.9212      78.807071    
    237000   132708.21      148311.74     -15603.533      0.0080413453   2144.3248      79.203006    
    238000   132811.05      148431.57     -15620.516      0.0080413453   2146.0572      78.383136    
    239000   132918.83      148500.87     -15582.033      0.0080413453   2147.0591      79.409388    
    240000   133009.2       148604.44     -15595.241      0.0080413453   2148.5567      78.83935     
    241000   133118.7       148736.7      -15618.003      0.0080413453   2150.4689      78.919886    
    242000   133238.58      148830.85     -15592.276      0.0080413453   2151.8302      79.070282    
    243000   133360.22      148980.41     -15620.188      0.0080413453   2153.9924      79.181785    
    244000   133475.14      149075.24     -15600.099      0.0080413453   2155.3635      79.06757     
    245000   133585.69      149188.98     -15603.283      0.0080413453   2157.008       79.372849    
    246000   133692.6       149292.61     -15600.009      0.0080413453   2158.5064      79.636517    
    247000   133793.76      149411.58     -15617.824      0.0080413453   2160.2264      79.444089    
    248000   133913.2       149502.13     -15588.926      0.0080413453   2161.5356      79.502459    
    249000   134048.85      149639.2      -15590.354      0.0080413453   2163.5174      79.324621    
    250000   134164.22      149764        -15599.779      0.0080413453   2165.3218      80.130844    
    251000   134286.68      149886.18     -15599.501      0.0080413453   2167.0884      79.228418    
    252000   134418.9       150004.61     -15585.705      0.0080413453   2168.8006      79.891714    
    253000   134527.02      150114.16     -15587.137      0.0080413453   2170.3845      80.29146     
    254000   134649.62      150255.18     -15605.561      0.0080413453   2172.4235      79.754814    
    255000   134759.65      150325.43     -15565.782      0.0080413453   2173.4391      79.697201    
    256000   134873.17      150430.72     -15557.556      0.0080413453   2174.9614      80.644843    
    257000   134982.08      150576.38     -15594.295      0.0080413453   2177.0673      79.652193    
    258000   135095.39      150644.95     -15549.564      0.0080413453   2178.0588      79.936039    
    259000   135211.38      150784.89     -15573.514      0.0080413453   2180.0821      80.802431    
    260000   135312.39      150865.36     -15552.969      0.0080413453   2181.2455      79.37941     
    261000   135423.82      150972.35     -15548.524      0.0080413453   2182.7924      80.881117    
    262000   135556.6       151109.7      -15553.099      0.0080413453   2184.7783      80.062409    
    263000   135666.91      151240.74     -15573.83       0.0080413453   2186.6728      80.775138    
    264000   135771.13      151349.01     -15577.878      0.0080413453   2188.2382      80.324603    
    265000   135896.46      151435.98     -15539.514      0.0080413453   2189.4956      80.596633    
    266000   136006.92      151564.01     -15557.083      0.0080413453   2191.3467      80.637985    
    267000   136117.72      151662.85     -15545.127      0.0080413453   2192.7758      80.376532    
    268000   136237.08      151794.4      -15557.323      0.0080413453   2194.6778      81.03608     
    269000   136372.72      151939.59     -15566.867      0.0080413453   2196.777       80.55952     
    270000   136475.64      152017.41     -15541.765      0.0080413453   2197.9021      81.108394    
    271000   136585.47      152149.41     -15563.946      0.0080413453   2199.8106      81.109744    
    272000   136694.45      152244.75     -15550.298      0.0080413453   2201.1891      80.433344    
    273000   136816.73      152363.86     -15547.122      0.0080413453   2202.9111      81.347913    
    274000   136944.45      152482.61     -15538.153      0.0080413453   2204.628       81.529249    
    275000   137050.62      152613.34     -15562.716      0.0080413453   2206.5182      80.850533    
    276000   137140.79      152698.4      -15557.617      0.0080413453   2207.7481      81.585661    
    277000   137263.15      152798.22     -15535.067      0.0080413453   2209.1913      81.433651    
    278000   137382.41      152913.78     -15531.366      0.0080413453   2210.862       81.292058    
    279000   137485.83      153014.39     -15528.559      0.0080413453   2212.3167      81.48984     
    280000   137594.95      153109.57     -15514.621      0.0080413453   2213.6928      81.733403    
    281000   137703.34      153226.75     -15523.412      0.0080413453   2215.3871      81.401878    
    282000   137825.63      153347.25     -15521.617      0.0080413453   2217.1292      81.687907    
    283000   137933.41      153468.33     -15534.913      0.0080413453   2218.8798      82.321598    
    284000   138064.89      153562.19     -15497.3        0.0080413453   2220.237       81.03139     
    285000   138178.25      153728.02     -15549.769      0.0080413453   2222.6345      81.600523    
    286000   138300.71      153837.16     -15536.454      0.0080413453   2224.2125      82.375006    
    287000   138418.01      153940.16     -15522.147      0.0080413453   2225.7016      81.627695    
    288000   138522.91      154032.33     -15509.419      0.0080413453   2227.0343      82.029902    
    289000   138639.1       154162.32     -15523.216      0.0080413453   2228.9137      82.369215    
    290000   138754.91      154254.99     -15500.078      0.0080413453   2230.2535      81.921156    
    291000   138863.38      154391.57     -15528.187      0.0080413453   2232.2282      82.35797     
    292000   138956.08      154467.62     -15511.539      0.0080413453   2233.3278      82.138267    
    293000   139060.64      154594.85     -15534.212      0.0080413453   2235.1674      82.112425    
    294000   139186.37      154693.59     -15507.228      0.0080413453   2236.595       82.561493    
    295000   139294.92      154799.28     -15504.363      0.0080413453   2238.123       82.626628    
    296000   139414.66      154916.51     -15501.845      0.0080413453   2239.8179      82.365397    
    297000   139538.91      155064.34     -15525.424      0.0080413453   2241.9553      83.115902    
    298000   139659.16      155159.95     -15500.793      0.0080413453   2243.3377      82.640559    
    299000   139795.82      155306.75     -15510.926      0.0080413453   2245.4601      83.014601    
    300000   139904.28      155402.41     -15498.134      0.0080413453   2246.8433      82.81739     
    301000   140031.09      155521.53     -15490.436      0.0080413453   2248.5655      82.642546    
    302000   140141.55      155661.85     -15520.303      0.0080413453   2250.5942      82.538826    
    303000   140244.16      155741.61     -15497.456      0.0080413453   2251.7475      83.074067    
    304000   140358.12      155873.92     -15515.793      0.0080413453   2253.6604      82.776592    
    305000   140470.68      155963.54     -15492.856      0.0080413453   2254.9561      83.192177    
    306000   140588.34      156109.35     -15521.014      0.0080413453   2257.0643      82.917767    
    307000   140701.33      156214.82     -15513.49       0.0080413453   2258.5892      83.602481    
    308000   140825.08      156305.08     -15479.998      0.0080413453   2259.8942      83.398839    
    309000   140932.05      156447.09     -15515.043      0.0080413453   2261.9475      83.381426    
    310000   141043.28      156549.61     -15506.332      0.0080413453   2263.4298      82.927097    
    311000   141156.43      156615.57     -15459.143      0.0080413453   2264.3834      83.902334    
    312000   141277.35      156767.15     -15489.798      0.0080413453   2266.575       83.274994    
    313000   141398.84      156877.42     -15478.573      0.0080413453   2268.1692      83.58644     
    314000   141514.21      156993.92     -15479.712      0.0080413453   2269.8537      83.713627    
    315000   141624.76      157113.66     -15488.899      0.0080413453   2271.5849      83.621555    
    316000   141738.36      157220.31     -15481.948      0.0080413453   2273.1268      83.889841    
    317000   141857.33      157321.13     -15463.8        0.0080413453   2274.5845      83.270515    
    318000   141985.2       157455.11     -15469.918      0.0080413453   2276.5217      84.492705    
    319000   142091.57      157555.58     -15464.002      0.0080413453   2277.9742      83.626011    
    320000   142189.83      157663.22     -15473.386      0.0080413453   2279.5305      84.026278    
    321000   142303.93      157790.01     -15486.08       0.0080413453   2281.3637      83.842044    
    322000   142434.21      157915.01     -15480.798      0.0080413453   2283.1709      84.216561    
    323000   142547.72      158021.93     -15474.209      0.0080413453   2284.7168      83.573067    
    324000   142666.62      158128        -15461.386      0.0080413453   2286.2505      84.404097    
    325000   142771.13      158238.07     -15466.942      0.0080413453   2287.8418      84.471555    
    326000   142904.39      158352.2      -15447.809      0.0080413453   2289.492       83.959781    
    327000   143020.16      158496.87     -15476.702      0.0080413453   2291.5836      84.769486    
    328000   143120.98      158569.36     -15448.373      0.0080413453   2292.6317      84.283229    
    329000   143230.3       158705.35     -15475.047      0.0080413453   2294.5979      84.589392    
    330000   143353.95      158805.22     -15451.272      0.0080413453   2296.0418      84.047904    
    331000   143469.44      158919.91     -15450.474      0.0080413453   2297.7001      84.622657    
    332000   143574.96      159053.35     -15478.391      0.0080413453   2299.6294      84.465768    
    333000   143688         159142.15     -15454.151      0.0080413453   2300.9132      84.199858    
    334000   143792.27      159238.79     -15446.513      0.0080413453   2302.3104      85.037465    
    335000   143896.59      159349.67     -15453.086      0.0080413453   2303.9136      83.980755    
    336000   144007.96      159444.3      -15436.343      0.0080413453   2305.2818      85.196828    
    337000   144121.58      159575.76     -15454.18       0.0080413453   2307.1824      84.865474    
    338000   144220.36      159663.42     -15443.056      0.0080413453   2308.4498      84.568718    
    339000   144352.9       159799.48     -15446.582      0.0080413453   2310.4171      85.379126    
    340000   144464.36      159892.65     -15428.292      0.0080413453   2311.7642      84.986963    
    341000   144576.55      160045.1      -15468.546      0.0080413453   2313.9682      85.046882    
    342000   144670.67      160130.7      -15460.024      0.0080413453   2315.2059      85.45072     
    343000   144787.65      160219.87     -15432.22       0.0080413453   2316.4952      85.113601    
    344000   144895.16      160305.99     -15410.835      0.0080413453   2317.7403      85.505115    
    345000   145007.14      160452.09     -15444.954      0.0080413453   2319.8527      85.09283     
    346000   145127.69      160570.5      -15442.811      0.0080413453   2321.5646      85.560771    
    347000   145247.19      160688.32     -15441.134      0.0080413453   2323.2681      85.853405    
    348000   145355.62      160785.94     -15430.327      0.0080413453   2324.6796      85.794161    
    349000   145464.72      160899.23     -15434.518      0.0080413453   2326.3175      85.164548    
    350000   145586.7       161030.58     -15443.883      0.0080413453   2328.2165      86.098712    
    351000   145708.44      161134.92     -15426.477      0.0080413453   2329.7251      86.079968    
    352000   145819.91      161260.92     -15441.009      0.0080413453   2331.5469      85.783792    
    353000   145919.87      161326.81     -15406.948      0.0080413453   2332.4996      85.415886    
    354000   146031.37      161452.68     -15421.315      0.0080413453   2334.3194      86.382523    
    355000   146132.38      161546.12     -15413.747      0.0080413453   2335.6704      85.496852    
    356000   146241.21      161656.97     -15415.759      0.0080413453   2337.2731      86.339754    
    357000   146368.32      161789.59     -15421.276      0.0080413453   2339.1906      86.460057    
    358000   146477.89      161920.41     -15442.522      0.0080413453   2341.0819      85.906011    
    359000   146602.48      162017.29     -15414.805      0.0080413453   2342.4826      86.673566    
    360000   146699.57      162119.53     -15419.959      0.0080413453   2343.9608      86.33381     
    361000   146835.83      162254.3      -15418.47       0.0080413453   2345.9095      86.050733    
    362000   146942.42      162366.27     -15423.849      0.0080413453   2347.5282      86.701811    
    363000   147057.21      162464.16     -15406.948      0.0080413453   2348.9436      86.741893    
    364000   147169.53      162555.36     -15385.828      0.0080413453   2350.2622      86.356206    
    365000   147285.61      162685.07     -15399.465      0.0080413453   2352.1376      87.080844    
    366000   147417.76      162819.75     -15401.986      0.0080413453   2354.0848      86.559495    
    367000   147528.27      162947        -15418.729      0.0080413453   2355.9246      86.43604     
    368000   147649.23      163061.26     -15412.032      0.0080413453   2357.5766      86.999975    
    369000   147785.46      163199.84     -15414.377      0.0080413453   2359.5802      87.099746    
    370000   147911.53      163311.97     -15400.433      0.0080413453   2361.2014      86.984538    
    371000   148031.31      163436.1      -15404.783      0.0080413453   2362.9961      87.588926    
    372000   148147.76      163554.35     -15406.587      0.0080413453   2364.7058      86.815906    
    373000   148275.26      163673.51     -15398.256      0.0080413453   2366.4287      87.462397    
    374000   148408.08      163822.33     -15414.248      0.0080413453   2368.5803      87.356675    
    375000   148526.18      163928.49     -15402.308      0.0080413453   2370.1152      87.070677    
    376000   148641.11      164031.76     -15390.648      0.0080413453   2371.6084      87.930098    
    377000   148771.27      164167.35     -15396.078      0.0080413453   2373.5687      88.064819    
    378000   148873.62      164274.63     -15401.011      0.0080413453   2375.1198      87.929992    
    379000   149006.46      164397.41     -15390.953      0.0080413453   2376.895       86.849127    
    380000   149125.3       164526.37     -15401.073      0.0080413453   2378.7596      88.824839    
    381000   149251.16      164622.42     -15371.262      0.0080413453   2380.1482      87.949071    
    382000   149372.36      164771.82     -15399.459      0.0080413453   2382.3083      87.476158    
    383000   149487.6       164900.47     -15412.871      0.0080413453   2384.1683      88.488114    
    384000   149629.99      165019.94     -15389.95       0.0080413453   2385.8957      87.880078    
    385000   149736.13      165109.67     -15373.537      0.0080413453   2387.193       88.289924    
    386000   149869.38      165261.69     -15392.301      0.0080413453   2389.3909      88.407533    
    387000   149989.78      165364.21     -15374.432      0.0080413453   2390.8732      87.769177    
    388000   150124.44      165484.93     -15360.493      0.0080413453   2392.6186      88.72437     
    389000   150248.04      165607.76     -15359.721      0.0080413453   2394.3944      88.221384    
    390000   150371.15      165750.49     -15379.341      0.0080413453   2396.4581      88.331746    
    391000   150478.31      165838.3      -15359.987      0.0080413453   2397.7277      88.860392    
    392000   150596.98      165938.54     -15341.557      0.0080413453   2399.1769      88.753883    
    393000   150719.24      166080.53     -15361.287      0.0080413453   2401.2299      88.097336    
    394000   150849.09      166230.15     -15381.057      0.0080413453   2403.3931      89.112409    
    395000   150986.58      166342.08     -15355.504      0.0080413453   2405.0115      88.436586    
    396000   151125.46      166475.33     -15349.874      0.0080413453   2406.9381      88.753314    
    397000   151253.17      166614.58     -15361.411      0.0080413453   2408.9513      89.141256    
    398000   151378.1       166734.6      -15356.495      0.0080413453   2410.6866      89.395233    
    399000   151510.36      166871.83     -15361.471      0.0080413453   2412.6706      88.755363    
    400000   151649.17      167023.48     -15374.31       0.0080413453   2414.8633      89.313906    
Loop time of 17238.4 on 24 procs for 400000 steps with 535083 atoms

Performance: 2.005 ns/day, 11.971 hours/ns, 23.204 timesteps/s, 12.416 Matom-step/s
99.7% CPU use with 24 MPI tasks x 1 OpenMP threads

MPI task timing breakdown:
Section |  min time  |  avg time  |  max time  |%varavg| %total
---------------------------------------------------------------
Pair    | 6253.3     | 9103.8     | 12252      |1486.9 | 52.81
Bond    | 131.89     | 144.82     | 150.56     |  42.9 |  0.84
Neigh   | 1379.8     | 1398       | 1429       |  32.9 |  8.11
Comm    | 428.69     | 893.88     | 2869       |2056.6 |  5.19
Output  | 4.9048     | 4.9596     | 5.0159     |   1.5 |  0.03
Modify  | 2898.4     | 3174.3     | 3455.7     | 265.8 | 18.41
Other   |            | 2519       |            |       | 14.61

Nlocal:        22295.1 ave       26466 max       18157 min
Histogram: 2 0 0 0 8 11 2 0 0 1
Nghost:        10468.9 ave       12353 max        7821 min
Histogram: 1 0 0 2 1 11 5 2 1 1
Neighs:              0 ave           0 max           0 min
Histogram: 24 0 0 0 0 0 0 0 0 0

Total # of neighbors = 0
Ave neighs/atom = 0
Ave special neighs/atom = 0.99327394
Neighbor list builds = 31913
Dangerous builds = 0

write_restart N2_Shock/restart/combined_Ti_N2_final_2.restart#------------------------------------------------------------------------CHANGE
System init for write_restart ...
WARNING: Using a manybody potential with bonds/angles/dihedrals and special_bond exclusions (src/pair.cpp:253)
Total wall time: 4:47:24
