thermo_style            custom step etotal ke pe density temp press vol lx# what to print
thermo                  1000 # print every 1000 timesteps
dump                    myDump all xyz 5000 Ti-N2/dump/equlib.xyz # save coordinates every 5000 timesteps


#Initial relaxation simualtion
timestep		0.005 #to match vibrational period of Cu lattice (0.100ps)

#fix 1 all box/relax iso 0.0 vmax 0.001
#min_style       hftn
minimize        1e-4 1e-6 1000 10000
Neighbor list info ...
  update: every = 1 steps, delay = 0 steps, check = yes
  max neighbors/atom: 2000, page size: 100000
  master list distance cutoff = 17
  ghost atom cutoff = 17
  binsize = 8.5, bins = 31 31 31
  3 neighbor lists, perpetual/occasional/extra = 3 0 0
  (1) pair eam/fs, perpetual, skip from (3)
      attributes: half, newton on
      pair build: skip
      stencil: none
      bin: none
  (2) pair lj/cut, perpetual, skip from (3)
      attributes: half, newton on
      pair build: skip
      stencil: none
      bin: none
  (3) neighbor class addition, perpetual
      attributes: half, newton on
      pair build: half/bin/newton
      stencil: half/bin/3d
      bin: standard
Per MPI rank memory allocation (min/avg/max) = 8.689 | 9.034 | 10.39 Mbytes
   Step         TotEng         KinEng         PotEng        Density          Temp          Press          Volume           Lx      
         0  -18381.751      0             -18381.751      0.017050897    0             -97.552069      16777216       256          
         5  -18422.581      0             -18422.581      0.017050897    0             -55.843026      16777216       256          
Loop time of 0.0554436 on 5 procs for 5 steps with 3599 atoms

50.7% CPU use with 5 MPI tasks x 1 OpenMP threads

Minimization stats:
  Stopping criterion = energy tolerance
  Energy initial, next-to-last, final = 
     -18381.7511102277  -18420.9919168332  -18422.5814390627
  Force two-norm initial, final = 14.29601 3.3999083
  Force max component initial, final = 0.69068613 0.16078641
  Final line search alpha, max atom move = 0.61780936 0.099335353
  Iterations, force evaluations = 5 7

MPI task timing breakdown:
Section |  min time  |  avg time  |  max time  |%varavg| %total
---------------------------------------------------------------
Pair    | 0.052696   | 0.052886   | 0.052992   |   0.1 | 95.39
Bond    | 0          | 4e-07      | 1e-06      |   0.0 |  0.00
Neigh   | 0          | 0          | 0          |   0.0 |  0.00
Comm    | 0.000127   | 0.0004008  | 0.000721   |   0.0 |  0.72
Output  | 0          | 0          | 0          |   0.0 |  0.00
Modify  | 0          | 0          | 0          |   0.0 |  0.00
Other   |            | 0.002156   |            |       |  3.89

Nlocal:          719.8 ave        3599 max           0 min
Histogram: 4 0 0 0 0 0 0 0 0 1
Nghost:          368.8 ave         922 max           0 min
Histogram: 3 0 0 0 0 0 0 0 0 2
Neighs:              0 ave           0 max           0 min
Histogram: 5 0 0 0 0 0 0 0 0 0

Total # of neighbors = 0
Ave neighs/atom = 0
Ave special neighs/atom = 0
Neighbor list builds = 0
Dangerous builds = 0

velocity        all create 300 ${seed} mom yes rot yes
velocity        all create 300 12345 mom yes rot yes

restart         100000  Ti-N2/restart/Ti_equilib.restart

fix             Ti_thermostat all nvt temp 300 300 0.1
run             ${Nsteps}
run             5000
Per MPI rank memory allocation (min/avg/max) = 9.093 | 9.496 | 11.1 Mbytes
   Step         TotEng         KinEng         PotEng        Density          Temp          Press          Volume           Lx      
         5  -18283.058      139.5234      -18422.581      0.017050897    300           -46.9603        16777216       256          
      1000  -18172.195      138.36366     -18310.559      0.017050897    297.50636     -37.432832      16777216       256          
      2000  -18176.639      138.86883     -18315.507      0.017050897    298.59257     -12.537176      16777216       256          
      3000  -18177.29       139.27044     -18316.56       0.017050897    299.4561      -1.7771253      16777216       256          
      4000  -18175.072      140.58533     -18315.657      0.017050897    302.28333      1.7423628      16777216       256          
      5000  -18179.14       137.84197     -18316.982      0.017050897    296.38462      0.75572113     16777216       256          
      5005  -18178.961      140.46087     -18319.422      0.017050897    302.01573     -1.6337625      16777216       256          
Loop time of 10.7025 on 5 procs for 5000 steps with 3599 atoms

Performance: 201.822 ns/day, 0.119 hours/ns, 467.180 timesteps/s, 1.681 Matom-step/s
88.0% CPU use with 5 MPI tasks x 1 OpenMP threads

MPI task timing breakdown:
Section |  min time  |  avg time  |  max time  |%varavg| %total
---------------------------------------------------------------
Pair    | 8.0089     | 8.4547     | 8.9079     |  11.6 | 79.00
Bond    | 0.000506   | 0.0005654  | 0.000647   |   0.0 |  0.01
Neigh   | 0.18343    | 0.30179    | 0.39007    |  16.7 |  2.82
Comm    | 1.196      | 1.6775     | 2.2374     |  31.6 | 15.67
Output  | 0.001167   | 0.0013494  | 0.001642   |   0.5 |  0.01
Modify  | 0.091071   | 0.17369    | 0.24968    |  15.9 |  1.62
Other   |            | 0.09297    |            |       |  0.87

Nlocal:          719.8 ave         748 max         703 min
Histogram: 2 1 0 0 0 0 1 0 0 1
Nghost:         2368.2 ave        2526 max        2249 min
Histogram: 2 1 0 0 0 0 0 0 0 2
Neighs:              0 ave           0 max           0 min
Histogram: 5 0 0 0 0 0 0 0 0 0

Total # of neighbors = 0
Ave neighs/atom = 0
Ave special neighs/atom = 0
Neighbor list builds = 121
Dangerous builds = 0
#run 100
unfix           Ti_thermostat


#Now including the N2 gas
timestep		0.001 #note faster periodic vibrations from N2 bonds (0.014ps)

#region          Cu_cut sphere 0 0 0 17
#region          n2_gas subtract box Cu_cut
region          n2_gas sphere 0 0 0 27 side out units box #------------------------------------------------CHANGE

bond_style		harmonic
bond_coeff		1 71.594 1.0977 #updated units to metal
special_bonds   lj/coul 0.0 0.0 1.0
Finding 1-2 1-3 1-4 neighbors ...
  special bond factors lj:    0        0        1       
  special bond factors coul:  0        0        1       
     0 = max # of 1-2 neighbors
     0 = max # of 1-3 neighbors
     1 = max # of special neighbors
  special bonds CPU = 0.000 seconds

molecule		N2molecule Cu-N2/data/N2mol.data #---------------------------------------------------------------CHANGE
Read molecule template N2molecule:
# Molecule file for Nitrogen
  1 molecules
  0 fragments
  0 bodies
  2 atoms with max type 2
  1 bonds with max type 1
  0 angles with max type 0
  0 dihedrals with max type 0
  0 impropers with max type 0
create_atoms    0 random 2824 ${seed} n2_gas mol N2molecule ${seed} overlap 2.0 # ensures approximate set pressure, 7 bar, 300K, volume of box - volume of particle
create_atoms    0 random 2824 12345 n2_gas mol N2molecule ${seed} overlap 2.0 
create_atoms    0 random 2824 12345 n2_gas mol N2molecule 12345 overlap 2.0 
Created 5648 atoms
  using lattice units in orthogonal box = (-128 -128 -128) to (128 128 128)
  create_atoms CPU = 0.589 seconds

minimize        1e-4 1e-6 100 1000
WARNING: Using a manybody potential with bonds/angles/dihedrals and special_bond exclusions (src/pair.cpp:250)
Per MPI rank memory allocation (min/avg/max) = 10.38 | 10.79 | 12.39 Mbytes
   Step         TotEng         KinEng         PotEng        Density          Temp          Press          Volume           Lx      
      5005  -18179.267      140.46087     -18319.728      0.024881027    117.52678     -1.6918052      16777216       256          
      5011  -18300.436      140.46087     -18440.897      0.024881027    117.52678      2.5780287      16777216       256          
Loop time of 0.0388982 on 5 procs for 6 steps with 9247 atoms

120.5% CPU use with 5 MPI tasks x 1 OpenMP threads

Minimization stats:
  Stopping criterion = energy tolerance
  Energy initial, next-to-last, final = 
     -18319.7276142515  -18440.6083672255  -18440.8972134676
  Force two-norm initial, final = 41.342205 9.9681658
  Force max component initial, final = 1.6564438 2.9578631
  Final line search alpha, max atom move = 0.073662674 0.21788411
  Iterations, force evaluations = 6 9

MPI task timing breakdown:
Section |  min time  |  avg time  |  max time  |%varavg| %total
---------------------------------------------------------------
Pair    | 0.021559   | 0.022772   | 0.023652   |   0.6 | 58.54
Bond    | 6e-05      | 9.42e-05   | 0.000126   |   0.0 |  0.24
Neigh   | 0.003371   | 0.003394   | 0.003419   |   0.0 |  8.73
Comm    | 0.003325   | 0.0044852  | 0.005999   |   1.7 | 11.53
Output  | 0          | 0          | 0          |   0.0 |  0.00
Modify  | 0          | 0          | 0          |   0.0 |  0.00
Other   |            | 0.008152   |            |       | 20.96

Nlocal:         1849.4 ave        2184 max        1428 min
Histogram: 2 0 0 0 0 0 0 0 2 1
Nghost:         3340.4 ave        3444 max        3223 min
Histogram: 1 0 1 0 0 0 1 1 0 1
Neighs:              0 ave           0 max           0 min
Histogram: 5 0 0 0 0 0 0 0 0 0

Total # of neighbors = 0
Ave neighs/atom = 0
Ave special neighs/atom = 0.61079269
Neighbor list builds = 1
Dangerous builds = 0

group           titanium type 1
3599 atoms in group titanium
group           nitrogen type 2
5648 atoms in group nitrogen

#delete_atoms    overlap 1.5 nitrogen copper units box## instead of minimise?
velocity        nitrogen create 300 ${seed} mom yes rot yes
velocity        nitrogen create 300 12345 mom yes rot yes

#Continued minimisation
fix             Ti_CoM titanium recenter INIT INIT INIT shift all #ensures CoM remains at initial location

fix             TiN2_thermostat all nvt temp 300 300 0.1
run             75000 #75ps --> 3 collisions ${Nsteps}
WARNING: Using a manybody potential with bonds/angles/dihedrals and special_bond exclusions (src/pair.cpp:250)
WARNING: Fix recenter should come after all other integration fixes (src/fix_recenter.cpp:130)
Per MPI rank memory allocation (min/avg/max) = 9.33 | 9.734 | 11.32 Mbytes
   Step         TotEng         KinEng         PotEng        Density          Temp          Press          Volume           Lx      
      5011  -18081.457      359.44049     -18440.897      0.024881027    300.75196      16.519316      16777216       256          
      6000  -17977.777      381.57804     -18359.355      0.024881027    319.27495     -2.5684758      16777216       256          
      7000  -17980.925      355.21252     -18336.138      0.024881027    297.21433      15.64732       16777216       256          
      8000  -17983.577      354.97224     -18338.549      0.024881027    297.01328      9.3707987      16777216       256          
      9000  -17986.181      366.60187     -18352.783      0.024881027    306.74405      5.0182528      16777216       256          
     10000  -17989.172      348.50529     -18337.677      0.024881027    291.60223      11.286455      16777216       256          
     11000  -17992.477      359.60963     -18352.087      0.024881027    300.89349      11.043389      16777216       256          
     12000  -17984.017      355.4976      -18339.515      0.024881027    297.45286      6.6356934      16777216       256          
     13000  -17986.016      361.75787     -18347.774      0.024881027    302.69097      9.6695175      16777216       256          
     14000  -17980.358      363.05578     -18343.413      0.024881027    303.77696      15.485703      16777216       256          
     15000  -17985.704      358.09817     -18343.802      0.024881027    299.62882      4.6247943      16777216       256          
     16000  -17992.791      357.23949     -18350.031      0.024881027    298.91033      5.8622583      16777216       256          
     17000  -17989.886      351.9536      -18341.84       0.024881027    294.48751      12.84578       16777216       256          
     18000  -17989.286      360.16188     -18349.448      0.024881027    301.35556      12.463182      16777216       256          
     19000  -17982.795      362.61822     -18345.413      0.024881027    303.41084      7.0804227      16777216       256          
     20000  -17986.453      362.23571     -18348.688      0.024881027    303.09079      8.1817067      16777216       256          
     21000  -17988.023      360.284       -18348.307      0.024881027    301.45775      12.952282      16777216       256          
     22000  -17987.701      360.75186     -18348.453      0.024881027    301.84922      12.343313      16777216       256          
     23000  -17985.462      365.44877     -18350.911      0.024881027    305.77922      8.9760674      16777216       256          
     24000  -17990.592      355.74651     -18346.338      0.024881027    297.66113      9.7476617      16777216       256          
     25000  -17992.085      361.68983     -18353.775      0.024881027    302.63404      6.1472826      16777216       256          
     26000  -17991.242      359.81249     -18351.055      0.024881027    301.06322      11.45692       16777216       256          
     27000  -17991.091      362.52338     -18353.614      0.024881027    303.33149      15.188787      16777216       256          
     28000  -17989.29       363.64038     -18352.93       0.024881027    304.26611      10.743363      16777216       256          
     29000  -17997.002      356.43        -18353.432      0.024881027    298.23302      5.05463        16777216       256          
     30000  -17998.156      359.80669     -18357.963      0.024881027    301.05837      4.5386978      16777216       256          
     31000  -17996.438      357.10209     -18353.54       0.024881027    298.79537      8.5748339      16777216       256          
     32000  -17999.128      357.10723     -18356.235      0.024881027    298.79967      11.799241      16777216       256          
     33000  -18004.452      352.52411     -18356.976      0.024881027    294.96487      7.5448793      16777216       256          
     34000  -17999.385      356.42012     -18355.805      0.024881027    298.22475      7.0445971      16777216       256          
     35000  -18001.795      357.21568     -18359.01       0.024881027    298.89041      14.981847      16777216       256          
     36000  -18004.839      355.18883     -18360.028      0.024881027    297.1945       9.7076717      16777216       256          
     37000  -18002.468      355.19436     -18357.662      0.024881027    297.19913      7.6132993      16777216       256          
     38000  -18004.609      352.15469     -18356.763      0.024881027    294.65577      1.3821288      16777216       256          
     39000  -18001.963      358.53491     -18360.498      0.024881027    299.99425      11.40763       16777216       256          
     40000  -18004.668      356.94844     -18361.616      0.024881027    298.66681      6.2222403      16777216       256          
     41000  -18003.394      357.20415     -18360.598      0.024881027    298.88076      6.9041535      16777216       256          
     42000  -18001.262      357.91776     -18359.18       0.024881027    299.47786      11.673256      16777216       256          
     43000  -18002.1        359.31756     -18361.418      0.024881027    300.6491       8.5000718      16777216       256          
     44000  -18000.174      359.12069     -18359.294      0.024881027    300.48438     -0.98369546     16777216       256          
     45000  -18000.221      361.05461     -18361.275      0.024881027    302.10254      6.5329121      16777216       256          
     46000  -18002.215      363.43265     -18365.648      0.024881027    304.09229      14.85117       16777216       256          
     47000  -18007.487      357.99929     -18365.486      0.024881027    299.54608      6.713216       16777216       256          
     48000  -18008.096      355.48407     -18363.58       0.024881027    297.44154      10.214786      16777216       256          
     49000  -18005.168      361.08629     -18366.255      0.024881027    302.12904      10.601702      16777216       256          
     50000  -18006.873      358.55158     -18365.425      0.024881027    300.00819      1.8271906      16777216       256          
     51000  -18004.997      362.69224     -18367.689      0.024881027    303.47277      10.026245      16777216       256          
     52000  -18007.46       360.1999      -18367.66       0.024881027    301.38737      14.569593      16777216       256          
     53000  -18010.263      358.27494     -18368.538      0.024881027    299.77672      6.0952949      16777216       256          
     54000  -18005.901      363.79261     -18369.694      0.024881027    304.39348      5.7885844      16777216       256          
     55000  -18005.832      362.32541     -18368.158      0.024881027    303.16584      11.459843      16777216       256          
     56000  -18010.236      357.97656     -18368.213      0.024881027    299.52706      10.713492      16777216       256          
     57000  -18004.023      364.34913     -18368.373      0.024881027    304.85913      14.990589      16777216       256          
     58000  -18011.778      357.53866     -18369.317      0.024881027    299.16065      9.9523526      16777216       256          
     59000  -18007.981      363.47455     -18371.456      0.024881027    304.12735      7.0583875      16777216       256          
     60000  -18015.737      354.65297     -18370.39       0.024881027    296.74614      5.2200706      16777216       256          
     61000  -18018.608      353.02657     -18371.635      0.024881027    295.38529      12.211092      16777216       256          
     62000  -18011.923      360.42066     -18372.344      0.024881027    301.5721       8.4899783      16777216       256          
     63000  -18012.63       360.12643     -18372.756      0.024881027    301.32591      9.2480941      16777216       256          
     64000  -18012.716      359.94677     -18372.663      0.024881027    301.17558      7.828626       16777216       256          
     65000  -18016.001      356.30817     -18372.309      0.024881027    298.13108      5.5282735      16777216       256          
     66000  -18016.392      360.00645     -18376.399      0.024881027    301.22551      7.476381       16777216       256          
     67000  -18021.649      353.63448     -18375.283      0.024881027    295.89394      16.270244      16777216       256          
     68000  -18021.232      354.44303     -18375.675      0.024881027    296.57048      5.4740636      16777216       256          
     69000  -18023.832      354.44437     -18378.276      0.024881027    296.5716       6.0119648      16777216       256          
     70000  -18022.273      353.55947     -18375.833      0.024881027    295.83118      11.15484       16777216       256          
     71000  -18022.518      356.18359     -18378.702      0.024881027    298.02684      6.2014476      16777216       256          
     72000  -18026.185      355.03046     -18381.215      0.024881027    297.06199      1.4446052      16777216       256          
     73000  -18022.644      356.82296     -18379.467      0.024881027    298.56181      12.819564      16777216       256          
     74000  -18025.441      353.87077     -18379.312      0.024881027    296.09165      9.8825042      16777216       256          
     75000  -18025.754      352.9828      -18378.737      0.024881027    295.34867      1.0335939      16777216       256          
     76000  -18019.488      361.45102     -18380.939      0.024881027    302.43422      11.791626      16777216       256          
     77000  -18024.661      357.38898     -18382.05       0.024881027    299.03542      6.3748295      16777216       256          
     78000  -18027.598      355.1628      -18382.761      0.024881027    297.17272      13.137635      16777216       256          
     79000  -18030.412      351.60317     -18382.015      0.024881027    294.1943       7.6203593      16777216       256          
     80000  -18023.477      359.50202     -18382.979      0.024881027    300.80345      4.3530233      16777216       256          
     80011  -18023.342      360.04117     -18383.383      0.024881027    301.25457      3.4164463      16777216       256          
Loop time of 187.469 on 5 procs for 75000 steps with 9247 atoms

Performance: 34.566 ns/day, 0.694 hours/ns, 400.066 timesteps/s, 3.699 Matom-step/s
90.0% CPU use with 5 MPI tasks x 1 OpenMP threads

MPI task timing breakdown:
Section |  min time  |  avg time  |  max time  |%varavg| %total
---------------------------------------------------------------
Pair    | 138.47     | 144.72     | 154.33     |  50.7 | 77.19
Bond    | 0.34426    | 0.49806    | 0.64153    |  17.3 |  0.27
Neigh   | 6.1965     | 6.225      | 6.2445     |   0.7 |  3.32
Comm    | 18.752     | 29.364     | 34.83      | 112.9 | 15.66
Output  | 0.070498   | 0.079969   | 0.088395   |   2.2 |  0.04
Modify  | 3.4672     | 4.9252     | 6.5339     |  54.9 |  2.63
Other   |            | 1.662      |            |       |  0.89

Nlocal:         1849.4 ave        2189 max        1428 min
Histogram: 2 0 0 0 0 0 0 0 2 1
Nghost:         3449.6 ave        3494 max        3392 min
Histogram: 1 0 0 1 0 1 0 0 0 2
Neighs:              0 ave           0 max           0 min
Histogram: 5 0 0 0 0 0 0 0 0 0

Total # of neighbors = 0
Ave neighs/atom = 0
Ave special neighs/atom = 0.61079269
Neighbor list builds = 1502
Dangerous builds = 0
unfix           TiN2_thermostat

#N2 equilibrium with thermostat on nano particle
fix             TiN2_equlib all npt temp 300 300 0.1 iso 7.0 7.0 5.0

run             300000 #300ps --> 15 collisions
WARNING: Using a manybody potential with bonds/angles/dihedrals and special_bond exclusions (src/pair.cpp:250)
WARNING: Fix recenter should come after all other integration fixes (src/fix_recenter.cpp:130)
Per MPI rank memory allocation (min/avg/max) = 9.332 | 9.736 | 11.32 Mbytes
   Step         TotEng         KinEng         PotEng        Density          Temp          Press          Volume           Lx      
     80011  -18023.342      360.04117     -18383.383      0.024881027    301.25457      3.4164463      16777216       256          
     81000  -18017.592      364.71913     -18382.311      0.024859069    305.16872      10.567349      16792035       256.07535    
     82000  -18022.73       358.01528     -18380.745      0.024753337    299.55946      5.3897325      16863761       256.43944    
     83000  -18023.086      362.46948     -18385.556      0.024592348    303.28639      7.7079206      16974157       256.9978     
     84000  -18033.059      352.36434     -18385.424      0.024406044    294.83119      4.4364287      17103729       257.65007    
     85000  -18028.136      356.81192     -18384.948      0.024214977    298.55258      1.8684412      17238685       258.32596    
     86000  -18028.697      358.56394     -18387.261      0.024056962    300.01854      6.6133848      17351915       258.89031    
     87000  -18031.466      357.01989     -18388.486      0.023926238    298.72659      9.6329996      17446719       259.36095    
     88000  -18034.718      355.5248      -18390.243      0.023816048    297.47562      2.7793991      17527440       259.76033    
     89000  -18030.993      357.74251     -18388.735      0.023729958    299.33123      12.44186       17591028       260.07408    
     90000  -18032.513      357.19842     -18389.711      0.023628654    298.87597      3.5615108      17666447       260.44523    
     91000  -18034.825      354.34034     -18389.165      0.023561828    296.48455      5.4537885      17716552       260.69122    
     92000  -18034.451      354.89029     -18389.341      0.023503926    296.94471      8.7406411      17760197       260.90511    
     93000  -18031.721      357.90621     -18389.628      0.023462196    299.4682       5.9057941      17791786       261.05971    
     94000  -18032.15       357.43246     -18389.582      0.023441912    299.0718       0.76986704     17807181       261.13498    
     95000  -18038.403      353.9647      -18392.367      0.023432588    296.17025      7.6660789      17814266       261.16961    
     96000  -18031.656      359.8096      -18391.466      0.023454141    301.0608       3.6959174      17797896       261.08959    
     97000  -18031.622      360.94875     -18392.571      0.023495315    302.01396      7.7489924      17766706       260.93698    
     98000  -18031.281      357.5392      -18388.82       0.023548315    299.16111      8.7533267      17726719       260.74108    
     99000  -18031.744      360.16434     -18391.908      0.023638439    301.35762      7.6756701      17659134       260.40928    
    100000  -18034.098      357.20248     -18391.3        0.023750998    298.87937      8.3208972      17575445       259.99727    
    101000  -18034.521      357.87056     -18392.391      0.023880078    299.43837      5.5582888      17480444       259.52796    
    102000  -18030.403      363.69398     -18394.097      0.024029135    304.31095      14.070363      17372010       258.99021    
    103000  -18031.996      359.27108     -18391.267      0.024156141    300.61022      2.5020043      17280672       258.53552    
    104000  -18035.609      357.84096     -18393.45       0.024289734    299.4136       7.4083034      17185629       258.06067    
    105000  -18037.36       360.89757     -18398.258      0.0243946      301.97114      6.1653799      17111753       257.69036    
    106000  -18033.941      361.35868     -18395.3        0.024474026    302.35695      5.2026819      17056219       257.41129    
    107000  -18035.268      359.09658     -18394.365      0.024534048    300.46421      3.1416699      17014492       257.2012     
    108000  -18044.149      356.89635     -18401.046      0.02457541     298.62322      5.161191       16985855       257.05682    
    109000  -18040.959      357.10359     -18398.063      0.024610388    298.79663      10.916102      16961714       256.93498    
    110000  -18039.397      357.61933     -18397.016      0.024634023    299.22816      9.2702068      16945440       256.85279    
    111000  -18036.536      363.06905     -18399.605      0.024645623    303.78806      11.621734      16937464       256.81248    
    112000  -18036.983      358.10304     -18395.086      0.024652188    299.63288      6.6118066      16932954       256.78968    
    113000  -18039.909      358.25644     -18398.166      0.024659335    299.76124      1.9908892      16928046       256.76487    
    114000  -18037.715      359.23648     -18396.952      0.024665221    300.58126      11.675278      16924006       256.74445    
    115000  -18032.477      364.7934      -18397.27       0.024675532    305.23086      9.4602343      16916934       256.70868    
    116000  -18037.841      362.23885     -18400.08       0.024672478    303.09342      5.671769       16919029       256.71927    
    117000  -18039.191      363.1987      -18402.39       0.024679212    303.89654      12.442068      16914412       256.69592    
    118000  -18036.652      364.51315     -18401.165      0.024689361    304.99637      11.881262      16907459       256.66074    
    119000  -18039.831      361.96023     -18401.791      0.024693429    302.86029     -1.6148436      16904674       256.64665    
    120000  -18036.34       365.60187     -18401.942      0.024728371    305.90733      8.4444207      16880787       256.52571    
    121000  -18043.741      358.08384     -18401.825      0.024765864    299.61682      4.7169774      16855231       256.39619    
    122000  -18042.427      358.5875      -18401.014      0.0248386      300.03824      7.848326       16805873       256.14568    
    123000  -18038.373      363.7136      -18402.087      0.024947098    304.32737      3.7264482      16732782       255.7738     
    124000  -18041.431      362.42127     -18403.852      0.025097608    303.24605      8.0995864      16632436       255.26148    
    125000  -18048.466      357.03812     -18405.504      0.025283729    298.74184      7.9364721      16510000       254.63359    
    126000  -18047.154      357.78439     -18404.938      0.02544465     299.36626     -1.3894418      16405584       254.09565    
    127000  -18050.219      356.35033     -18406.57       0.025624298    298.16636      15.500621      16290568       253.50045    
    128000  -18048.054      358.6533      -18406.707      0.025750658    300.0933       6.133321       16210629       253.08513    
    129000  -18052.402      355.8753      -18408.277      0.025854835    297.76889      9.6465654      16145311       252.74475    
    130000  -18054.111      353.84832     -18407.959      0.025922413    296.07286      9.4629878      16103221       252.52493    
    131000  -18051.565      354.1595      -18405.724      0.025973272    296.33324      6.781082       16071689       252.36       
    132000  -18052.127      356.45317     -18408.58       0.025998344    298.25241      3.369148       16056190       252.27884    
    133000  -18052.157      357.05122     -18409.208      0.026020259    298.75281      10.398501      16042667       252.208      
    134000  -18043.755      364.87375     -18408.628      0.0260128      305.2981       2.9457518      16047268       252.23211    
    135000  -18046.409      363.63971     -18410.049      0.026007012    304.26555      11.278234      16050839       252.25082    
    136000  -18045.115      365.37661     -18410.492      0.025957323    305.71885      2.8905974      16081564       252.41167    
    137000  -18047.847      359.21552     -18407.063      0.02591507     300.56372      4.6541946      16107785       252.54878    
    138000  -18048.596      361.93381     -18410.53       0.025847064    302.83818      9.4631357      16150166       252.77008    
    139000  -18054.947      354.06556     -18409.013      0.025777766    296.25464      7.4680747      16193582       252.99638    
    140000  -18058.877      351.83784     -18410.715      0.025710297    294.39065      13.798519      16236077       253.21749    
    141000  -18050.494      358.89817     -18409.392      0.025630486    300.29819      8.1853767      16286634       253.48005    
    142000  -18053.767      357.80115     -18411.568      0.025569639    299.38029      9.7034768      16325391       253.68096    
    143000  -18053.778      357.54879     -18411.326      0.025505217    299.16913      7.2889003      16366626       253.89436    
    144000  -18053.216      357.72118     -18410.937      0.025444417    299.31338      5.4980639      16405735       254.09643    
    145000  -18055.199      355.55804     -18410.757      0.025403729    297.50343      9.3619857      16432011       254.23202    
    146000  -18058.763      355.89134     -18414.655      0.025369056    297.78231      3.8113477      16454469       254.34779    
    147000  -18056.337      354.79857     -18411.136      0.02535898     296.86796      2.8216574      16461008       254.38147    
    148000  -18049.819      361.47309     -18411.292      0.025377814    302.45268      5.5804094      16448791       254.31853    
    149000  -18049.219      361.04571     -18410.264      0.025437085    302.09509      3.6688892      16410464       254.12084    
    150000  -18053.819      360.96429     -18414.783      0.025520386    302.02696      7.3140201      16356898       253.84405    
    151000  -18056.525      357.26274     -18413.787      0.025680502    298.92979      14.040493      16254914       253.31538    
    152000  -18053.239      359.15261     -18412.392      0.02584314     300.51109      1.918222       16152617       252.78287    
    153000  -18052.67       359.58642     -18412.256      0.026041186    300.87407      3.8174612      16029775       252.14042    
    154000  -18052.085      359.17491     -18411.26       0.026227741    300.52974      8.6022274      15915757       251.54118    
    155000  -18052.128      359.96972     -18412.098      0.02638639     301.19478      1.0306498      15820063       251.03604    
    156000  -18053.152      362.51191     -18415.664      0.026534084    303.32189      6.1626337      15732005       250.5694     
    157000  -18056.318      360.99472     -18417.313      0.02664336     302.05242      12.253834      15667482       250.22637    
    158000  -18057.059      355.85594     -18412.915      0.026720229    297.75269      1.8085728      15622410       249.98618    
    159000  -18050.319      363.22031     -18413.539      0.026801459    303.91462      4.3682416      15575061       249.73337    
    160000  -18056.875      359.34924     -18416.224      0.026850901    300.67561      6.4189455      15546382       249.58       
    161000  -18053.316      361.67408     -18414.99       0.026888197    302.62086      10.430536      15524818       249.46455    
    162000  -18059.065      357.56795     -18416.633      0.026910703    299.18517      1.5563294      15511834       249.39499    
    163000  -18058.342      355.82407     -18414.166      0.02691955     297.72602      2.5246745      15506736       249.36766    
    164000  -18061.341      356.36616     -18417.707      0.026916471    298.1796       11.586964      15508510       249.37717    
    165000  -18056.544      357.46202     -18414.006      0.026893149    299.09653      9.0351835      15521959       249.44924    
    166000  -18057.657      360.19875     -18417.856      0.026862221    301.38642      0.36620054     15539830       249.54493    
    167000  -18058.548      357.71774     -18416.266      0.026829687    299.3105       13.321796      15558674       249.64576    
    168000  -18057.233      359.7084      -18416.942      0.026768189    300.97613      6.0010074      15594419       249.8368     
    169000  -18055.618      361.66679     -18417.284      0.026701588    302.61476      9.1648445      15633316       250.04434    
    170000  -18056.524      362.86911     -18419.393      0.026638221    303.62076      5.4408669      15670504       250.24245    
    171000  -18054.956      360.94488     -18415.9        0.026558049    302.01072      6.9945051      15717810       250.49401    
    172000  -18051.316      364.52549     -18415.842      0.026450228    305.0067      -0.15489718     15781882       250.83392    
    173000  -18058.805      359.39608     -18418.201      0.026358617    300.7148       14.665303      15836732       251.12418    
    174000  -18062.518      354.7887      -18417.307      0.026229364    296.85971      5.4627006      15914772       251.536      
    175000  -18063.518      352.94375     -18416.462      0.026123509    295.316        13.14136       15979261       251.87529    
    176000  -18060.372      358.71026     -18419.082      0.025999435    300.14096      3.9530013      16055516       252.27532    
    177000  -18064.789      353.01794     -18417.807      0.025923389    295.37807      10.671788      16102615       252.52176    
    178000  -18063.075      353.98352     -18417.058      0.02586131     296.18599      7.582676       16141269       252.72365    
    179000  -18057.332      358.99581     -18416.327      0.025847842    300.37989      6.8013389      16149679       252.76754    
    180000  -18062.485      356.53493     -18419.02       0.025885796    298.32081      2.2993257      16126000       252.64394    
    181000  -18061.43       356.25408     -18417.684      0.025948343    298.08582      10.848291      16087129       252.44078    
    182000  -18066.193      354.81073     -18421.003      0.026066565    296.87814     -0.55708254     16014168       252.05857    
    183000  -18066.144      354.00508     -18420.149      0.0262366      296.20403      5.8387673      15910383       251.51287    
    184000  -18061.78       357.29462     -18419.075      0.026399084    298.95646      11.267322      15812456       250.99579    
    185000  -18063.002      356.21904     -18419.221      0.026586685    298.0565       13.163319      15700881       250.40404    
    186000  -18070.039      352.63631     -18422.675      0.026757414    295.05875     -3.3995361      15600699       249.87033    
    187000  -18063.802      356.04601     -18419.848      0.02691063     297.91172      11.008763      15511876       249.39521    
    188000  -18065.774      352.91386     -18418.688      0.027044172    295.29099      1.0711476      15435280       248.98403    
    189000  -18070.131      349.5992      -18419.73       0.027153598    292.51753      0.40551834     15373077       248.64912    
    190000  -18064.648      356.58337     -18421.231      0.027246362    298.36134      9.078072       15320738       248.36662    
    191000  -18059.332      359.13302     -18418.465      0.027315628    300.49469      13.902973      15281888       248.15651    
    192000  -18061.867      358.11227     -18419.979      0.027367609    299.64061      0.035056438    15252862       247.99929    
    193000  -18062.502      359.26194     -18421.764      0.027418532    300.60257      8.6631298      15224534       247.84567    
    194000  -18063.373      356.61516     -18419.988      0.027450024    298.38795      14.047586      15207067       247.75085    
    195000  -18064.185      358.73504     -18422.92       0.027483731    300.16169      8.1263809      15188417       247.64953    
    196000  -18060.736      362.54871     -18423.285      0.027509625    303.35268      4.5014171      15174120       247.5718     
    197000  -18064.846      356.34642     -18421.192      0.027509576    298.16309      4.0398602      15174147       247.57195    
    198000  -18063.931      356.97539     -18420.906      0.027516845    298.68936      5.3709982      15170139       247.55015    
    199000  -18065.402      357.91546     -18423.318      0.027488547    299.47593      4.9438674      15185756       247.63506    
    200000  -18062.552      356.23104     -18418.783      0.027446738    298.06654      9.0388892      15208888       247.76074    
    201000  -18063.76       357.70996     -18421.47       0.027395792    299.30398      11.060047      15237171       247.91422    
    202000  -18062.438      357.03128     -18419.469      0.027311767    298.73612      4.502887       15284048       248.1682     
    203000  -18064.214      359.46781     -18423.682      0.027199988    300.77483      4.0064866      15346858       248.50769    
    204000  -18068.059      356.46967     -18424.529      0.027088239    298.26621      20.657718      15410170       248.84895    
    205000  -18061.538      360.14105     -18421.679      0.026908717    301.33813     -7.3577181      15512979       249.40112    
    206000  -18059.382      359.23859     -18418.621      0.026750655    300.58303      5.739608       15604641       249.89137    
    207000  -18062.728      358.6788      -18421.407      0.02657376     300.11464      11.728158      15708517       250.44463    
    208000  -18062.3        357.63383     -18419.934      0.026430299    299.24029     -2.3212733      15793781       250.89694    
    209000  -18063.675      359.13708     -18422.812      0.026332042    300.49809      10.30971       15852715       251.20863    
    210000  -18061.556      360.09342     -18421.649      0.026242139    301.29829      7.9968926      15907025       251.49517    
    211000  -18059.774      359.69548     -18419.47       0.026213794    300.96532      6.0783615      15924225       251.58579    
    212000  -18059.811      359.23168     -18419.043      0.026195307    300.57725      2.9248235      15935464       251.64496    
    213000  -18064.321      357.40286     -18421.724      0.026235225    299.04703      10.998887      15911217       251.51726    
    214000  -18063.556      358.6295      -18422.186      0.026311747    300.07339      4.1629743      15864943       251.2732     
    215000  -18062.412      360.13557     -18422.547      0.026406269    301.33355      1.7383124      15808154       250.97303    
    216000  -18058.195      361.1668      -18419.361      0.026535239    302.1964       9.8468219      15731321       250.56576    
    217000  -18063.089      359.60614     -18422.695      0.026665456    300.89056      5.2863339      15654499       250.15723    
    218000  -18062.08       358.97196     -18421.052      0.026778279    300.35994     -2.5832086      15588543       249.80541    
    219000  -18064.159      358.90486     -18423.063      0.026915097    300.30379      14.604163      15509302       249.38141    
    220000  -18064.477      356.16642     -18420.643      0.027008763    298.01247      6.7503509      15455515       249.09279    
    221000  -18065.786      355.46391     -18421.25       0.027118254    297.42467      7.7393676      15393114       248.7571     
    222000  -18059.106      360.8663      -18419.972      0.027191863    301.94497      11.585579      15351444       248.53243    
    223000  -18063.309      358.96103     -18422.27       0.027261289    300.35079      4.8693423      15312349       248.32128    
    224000  -18067.879      355.62214     -18423.501      0.027338763    297.55706      7.2609212      15268955       248.08649    
    225000  -18064.717      359.95712     -18424.674      0.027388842    301.18424      2.2647007      15241037       247.93519    
    226000  -18063.681      356.10844     -18419.789      0.027454114    297.96396      14.361677      15204802       247.73855    
    227000  -18068.758      353.95416     -18422.712      0.027491049    296.16143      9.666722       15184374       247.62755    
    228000  -18063.397      358.46876     -18421.866      0.027507538    299.93889      0.24223668     15175272       247.57806    
    229000  -18063.112      358.75612     -18421.868      0.027521338    300.17933      10.494093      15167662       247.53667    
    230000  -18067.842      356.50437     -18424.346      0.027512803    298.29524      6.105601       15172368       247.56227    
    231000  -18062.73       358.10249     -18420.833      0.027503955    299.63243      8.5681251      15177248       247.58881    
    232000  -18062.538      358.75529     -18421.293      0.027486462    300.17864      6.7650809      15186907       247.64132    
    233000  -18064.785      358.10952     -18422.894      0.027479065    299.63831      11.68562       15190996       247.66354    
    234000  -18053.247      366.34192     -18419.589      0.027434137    306.52654      3.4461976      15215873       247.79866    
    235000  -18060.933      363.81952     -18424.753      0.027406281    304.41599      7.0412245      15231339       247.88259    
    236000  -18066.032      359.10335     -18425.135      0.027351554    300.46987      14.731321      15261815       248.04781    
    237000  -18068.977      356.65522     -18425.632      0.027283573    298.42146      5.9441186      15299842       248.25365    
    238000  -18059.155      363.71459     -18422.87       0.027201347    304.3282       1.8652451      15346092       248.50355    
    239000  -18058.834      361.00762     -18419.841      0.027079938    302.06322      9.6767951      15414893       248.87437    
    240000  -18060.911      362.05239     -18422.963      0.026930321    302.9374       10.014365      15500534       249.33441    
    241000  -18063.693      359.23115     -18422.924      0.026802155    300.57681      5.059283       15574657       249.73121    
    242000  -18063.326      356.63754     -18419.963      0.026658449    298.40667      5.1554399      15658614       250.17915    
    243000  -18063.187      357.38132     -18420.568      0.026562338    299.02901      11.778416      15715272       250.48053    
    244000  -18060.743      362.32962     -18423.072      0.026489242    303.16936      4.9573875      15758637       250.71071    
    245000  -18057.907      359.20288     -18417.11       0.026438057    300.55315      4.8102207      15789147       250.8724     
    246000  -18057.476      363.3778      -18420.854      0.026439886    304.0464       15.932244      15788054       250.86662    
    247000  -18060.237      361.0853      -18421.322      0.026451017    302.12821      6.1142271      15781411       250.83142    
    248000  -18054.802      364.69208     -18419.494      0.02650251     305.14609      6.6694045      15750748       250.66886    
    249000  -18067.231      355.68993     -18422.921      0.026582248    297.61378      9.4998687      15703501       250.41797    
    250000  -18065.714      357.59716     -18423.311      0.026706167    299.2096       3.4318587      15630635       250.03005    
    251000  -18063.476      358.36042     -18421.837      0.026872466    299.84824      14.697664      15533906       249.51322    
    252000  -18063.508      358.66128     -18422.169      0.027054678    300.09998     -0.5073903      15429286       248.9518     
    253000  -18068.33       353.50298     -18421.833      0.027236923    295.78392      4.8584532      15326047       248.3953     
    254000  -18069.301      357.49242     -18426.793      0.027419911    299.12197      7.8298762      15223768       247.84151    
    255000  -18066.23       356.95198     -18423.181      0.027517745    298.66977     -0.48083221     15169643       247.54745    
    256000  -18065.705      358.42692     -18424.132      0.027632413    299.90388      10.115394      15106692       247.20455    
    257000  -18070.605      350.9729      -18421.578      0.027694964    293.66694      9.0214051      15072573       247.0183     
    258000  -18066.368      358.87701     -18425.245      0.027755515    300.28049      7.9550452      15039690       246.83854    
    259000  -18065.514      358.34021     -18423.854      0.027788939    299.83133      0.43362443     15021601       246.73954    
    260000  -18068.068      359.30069     -18427.368      0.027829299    300.63499      5.8591947      14999816       246.6202     
    261000  -18069.34       357.88613     -18427.226      0.027851382    299.45139      6.0336181      14987923       246.555      
    262000  -18068.48       356.25965     -18424.739      0.027860776    298.09048      7.6916989      14982869       246.52729    
    263000  -18066.892      356.05266     -18422.945      0.027848832    297.91729      13.412243      14989295       246.56253    
    264000  -18061.284      364.48238     -18425.766      0.027816368    304.97062      3.9725265      15006789       246.65841    
    265000  -18058.981      364.96841     -18423.95       0.027769994    305.3773       9.2224364      15031849       246.79563    
    266000  -18064.794      360.53593     -18425.33       0.027722553    301.66854      13.607571      15057573       246.93633    
    267000  -18062.076      364.13463     -18426.21       0.027634145    304.67966     -6.0744716      15105746       247.19939    
    268000  -18066.543      356.93045     -18423.473      0.027545407    298.65175      8.6258275      15154409       247.46455    
    269000  -18063.007      360.6654      -18423.672      0.027425816    301.77687      10.837657      15220490       247.82372    
    270000  -18063.611      358.8208      -18422.432      0.027305768    300.23346      4.2629391      15287406       248.18637    
    271000  -18064.332      355.89798     -18420.229      0.027167226    297.78786      7.0779449      15365366       248.60754    
    272000  -18063.059      359.25916     -18422.318      0.027015441    300.60024      7.0471428      15451695       249.07227    
    273000  -18062.56       359.81119     -18422.372      0.02687619     301.06214      7.2317729      15531754       249.50169    
    274000  -18063.327      360.68273     -18424.009      0.026751771    301.79138      6.2553712      15603989       249.88789    
    275000  -18071.005      354.48409     -18425.489      0.026656899    296.60483      1.1444651      15659524       250.18399    
    276000  -18066.528      357.235       -18423.763      0.026579975    298.90658      6.8118649      15704844       250.42511    
    277000  -18059.403      362.06972     -18421.472      0.02655241     302.9519       9.5553854      15721148       250.51174    
    278000  -18063.981      357.9337      -18421.915      0.026533759    299.4912      -3.2706287      15732198       250.57042    
    279000  -18067.309      359.19671     -18426.506      0.026599042    300.54799      17.915736      15693586       250.36526    
    280000  -18066.12       357.11408     -18423.234      0.026674949    298.80541     -1.169465       15648928       250.12755    
    281000  -18064.265      360.26575     -18424.531      0.026820127    301.44248      2.8063934      15564220       249.67542    
    282000  -18064.265      358.79384     -18423.058      0.027034983    300.2109       20.55788       15440526       249.01224    
    283000  -18066.372      360.67585     -18427.048      0.027254757    301.78562     -2.4124104      15316018       248.34111    
    284000  -18068.732      355.25663     -18423.988      0.02750784     297.25123      12.23815       15175105       247.57715    
    285000  -18065.242      359.69251     -18424.935      0.027700793    300.96283      11.780773      15069401       247.00097    
    286000  -18061.555      360.83116     -18422.386      0.027832372    301.91557      4.0552766      14998160       246.61112    
    287000  -18057.331      362.16784     -18419.499      0.027922337    303.034       -1.3087678      14949836       246.34598    
    288000  -18059.032      364.23315     -18423.265      0.027990907    304.76209      19.042624      14913213       246.14465    
    289000  -18062.62       359.90043     -18422.521      0.028027487    301.1368       3.1210369      14893749       246.03752    
    290000  -18060.988      358.88335     -18419.871      0.028046654    300.28579      8.6723438      14883571       245.98146    
    291000  -18057.805      362.29638     -18420.101      0.028044152    303.14155      11.960595      14884899       245.98878    
    292000  -18063.049      360.46941     -18423.518      0.028030729    301.61288     -0.69547083     14892026       246.02804    
    293000  -18065.913      357.96675     -18423.88       0.027981936    299.51885      7.5963251      14917994       246.17096    
    294000  -18065.578      357.66709     -18423.245      0.027927672    299.26812      14.831565      14946980       246.33029    
    295000  -18060.936      361.79086     -18422.726      0.027853197    302.71857     -5.1122122      14986946       246.54964    
    296000  -18062.674      359.25542     -18421.93       0.02777337     300.59711      13.884652      15030022       246.78563    
    297000  -18064.147      358.23732     -18422.385      0.027660723    299.74525      5.1128673      15091231       247.12019    
    298000  -18063.38       359.13718     -18422.517      0.027566979    300.49818      10.323753      15142550       247.39999    
    299000  -18061.545      357.77035     -18419.316      0.027431083    299.35452      1.3923814      15217567       247.80786    
    300000  -18066.737      357.21208     -18423.949      0.027328605    298.88741      17.448125      15274631       248.11722    
    301000  -18067.138      354.12966     -18421.268      0.027207421    296.30828      4.5885516      15342666       248.48506    
    302000  -18067.916      357.15281     -18425.068      0.02711037     298.83781      6.8819106      15397590       248.78122    
    303000  -18063.031      357.21655     -18420.248      0.02700848     298.89114      11.597476      15455678       249.09367    
    304000  -18064.651      356.64955     -18421.3        0.026922837    298.41672      2.596006       15504843       249.35751    
    305000  -18061.948      359.31901     -18421.267      0.026869603    300.65031      14.985114      15535561       249.52208    
    306000  -18062.726      358.82843     -18421.554      0.02679838     300.23984      6.7269238      15576851       249.74294    
    307000  -18054.688      363.50289     -18418.191      0.026761652    304.15106      5.528246       15598229       249.85714    
    308000  -18061.725      360.30914     -18422.034      0.026741061    301.47878      12.762008      15610239       249.92125    
    309000  -18064.121      360.84761     -18424.968      0.026725296    301.92933      1.9954569      15619447       249.97038    
    310000  -18061.996      360.21037     -18422.206      0.026751361    301.39614      13.738527      15604229       249.88917    
    311000  -18064.805      357.76459     -18422.57       0.026760096    299.3497       8.6027162      15599136       249.86198    
    312000  -18060.624      362.84083     -18423.465      0.026790789    303.5971       4.0673545      15581264       249.76652    
    313000  -18058.31       362.66981     -18420.979      0.02683728     303.45401      12.811184      15554272       249.62222    
    314000  -18061.707      360.98688     -18422.694      0.026873717    302.04586      7.1042054      15533183       249.50935    
    315000  -18063.919      357.74045     -18421.659      0.026942998    299.3295       9.5168616      15493241       249.2953     
    316000  -18059.755      361.94838     -18421.703      0.026995226    302.85037      7.771999       15463266       249.13443    
    317000  -18058.358      363.68656     -18422.045      0.027052829    304.30474      6.6206444      15430340       248.95747    
    318000  -18061.518      358.573       -18420.091      0.027109861    300.02612      4.1986681      15397879       248.78277    
    319000  -18063.028      359.35567     -18422.384      0.027134143    300.68099      3.1078099      15384100       248.70854    
    320000  -18061.504      361.22829     -18422.732      0.027182962    302.24786      10.31086       15356470       248.55956    
    321000  -18065.308      356.42516     -18421.733      0.027204958    298.22896      3.4600739      15344055       248.49255    
    322000  -18066.956      355.0874      -18422.044      0.027226126    297.10963      5.8285718      15332124       248.42813    
    323000  -18068.635      356.66129     -18425.296      0.027240743    298.42655      9.4673049      15323898       248.38369    
    324000  -18063.173      356.01389     -18419.187      0.027244688    297.88485      7.2277731      15321679       248.3717     
    325000  -18060.718      360.18473     -18420.903      0.027221991    301.37468      11.916725      15334454       248.44071    
    326000  -18058.3        363.54734     -18421.847      0.027211238    304.18826      11.922015      15340514       248.47344    
    327000  -18066.935      356.09783     -18423.032      0.027168342    297.95509     -3.8076041      15364734       248.60414    
    328000  -18063.583      358.29053     -18421.874      0.027137908    299.78977      11.662742      15381965       248.69704    
    329000  -18065.889      356.65187     -18422.541      0.027089132    298.41866     -3.0237538      15409662       248.84621    
    330000  -18066.541      357.01346     -18423.555      0.02706248     298.72121      2.0944935      15424837       248.92787    
    331000  -18068.786      355.66719     -18424.453      0.027043693    297.59476      13.587556      15435553       248.98551    
    332000  -18071.752      355.24042     -18426.992      0.02700785     297.23767      1.131115       15456038       249.0956     
    333000  -18065.164      357.92272     -18423.087      0.026991045    299.48201      5.3170622      15465661       249.14729    
    334000  -18064.636      358.21196     -18422.848      0.026974632    299.72403      12.287285      15475071       249.19781    
    335000  -18065.005      355.72316     -18420.729      0.026954462    297.64159     -3.7886844      15486651       249.25995    
    336000  -18063.589      357.03387     -18420.623      0.026942471    298.73829      8.746923       15493544       249.29692    
    337000  -18064.704      358.93646     -18423.641      0.02692842     300.33023      10.221927      15501628       249.34028    
    338000  -18067.544      356.09106     -18423.635      0.02694341     297.94942      4.9356088      15493004       249.29403    
    339000  -18064.171      359.408       -18423.579      0.026921696    300.72478     -0.98614796     15505500       249.36103    
    340000  -18065.905      356.22143     -18422.126      0.026949174    298.0585       18.553178      15489690       249.27625    
    341000  -18060.243      361.27422     -18421.518      0.026931652    302.28629     -8.5279823      15499768       249.3303     
    342000  -18060.526      358.45211     -18418.978      0.026969496    299.92496      9.97684        15478018       249.21363    
    343000  -18058.464      363.41786     -18421.881      0.026975412    304.07992      5.0773531      15474624       249.19541    
    344000  -18064.78       357.95393     -18422.734      0.026995431    299.50812      1.2293402      15463149       249.13379    
    345000  -18067.047      353.71978     -18420.767      0.027019092    295.96532      11.47917       15449607       249.06105    
    346000  -18059.916      360.95999     -18420.876      0.027040888    302.02336      6.5340229      15437154       248.99412    
    347000  -18063.17       360.35071     -18423.521      0.027074273    301.51356      6.1389394      15418119       248.89173    
    348000  -18069.675      353.80835     -18423.483      0.027106501    296.03943      6.9880116      15399788       248.79305    
    349000  -18063.944      358.50342     -18422.447      0.027178684    299.9679       7.2205689      15358888       248.5726     
    350000  -18063.301      356.17761     -18419.479      0.027303362    298.02184      10.148775      15288753       248.19366    
    351000  -18068.735      356.21642     -18424.951      0.027474616    298.05431      0.42257406     15193456       247.67691    
    352000  -18062.558      359.83458     -18422.393      0.027751025    301.08171      14.911135      15042124       246.85185    
    353000  -18059.013      361.79603     -18420.809      0.027971769    302.7229       1.9915849      14923417       246.20078    
    354000  -18062.55       361.34511     -18423.896      0.028169834    302.3456       18.101063      14818488       245.6224     
    355000  -18063.968      360.66099     -18424.629      0.028303401    301.77318      0.66467818     14748558       245.23542    
    356000  -18064.206      358.57812     -18422.784      0.028390817    300.0304       5.925898       14703147       244.98346    
    357000  -18060.435      359.72243     -18420.157      0.02843053     300.98787      9.9175502      14682609       244.86934    
    358000  -18061.676      362.21285     -18423.888      0.028451519    303.07166      1.2496564      14671778       244.80911    
    359000  -18059.911      360.89403     -18420.805      0.028431559    301.96817      5.4185246      14682078       244.86639    
    360000  -18057.131      362.03232     -18419.164      0.02837844     302.9206       14.23726       14709560       245.01907    
    361000  -18059.847      362.34503     -18422.192      0.028311821    303.18226      4.5062415      14744172       245.2111     
    362000  -18065.081      356.21715     -18421.298      0.02820915     298.05492      8.8430785      14797836       245.50824    
    363000  -18064.786      353.76769     -18418.554      0.028082001    296.00541      4.0349337      14864837       245.87821    
    364000  -18061.75       358.36141     -18420.111      0.027953828    299.84907      13.614262      14932994       246.25344    
    365000  -18065.237      356.01249     -18421.249      0.027812918    297.88368      0.9667188      15008650       246.66861    
    366000  -18063.738      354.46375     -18418.202      0.027684636    296.58782      7.1633251      15078196       247.04902    
    367000  -18064.316      354.89363     -18419.21       0.0275919      296.9475       10.77898       15128873       247.32548    
    368000  -18065.61       355.19857     -18420.809      0.027500747    297.20265      0.58402275     15179019       247.59844    
    369000  -18064.231      358.89568     -18423.127      0.027439141    300.29611      10.689892      15213098       247.7836     
    370000  -18061.044      358.32444     -18419.369      0.027359132    299.81814      5.3607885      15257588       248.0249     
    371000  -18058.018      357.38514     -18415.404      0.027323269    299.03221      8.6850531      15277614       248.13337    
    372000  -18056.384      359.83187     -18416.216      0.02727214     301.07944     -1.1458841      15306256       248.28834    
    373000  -18062.509      355.9059      -18418.415      0.027256906    297.79449      8.5393938      15314811       248.33459    
    374000  -18055.22       360.84319     -18416.063      0.027235443    301.92563      9.3373582      15326880       248.39981    
    375000  -18056.643      362.43566     -18419.079      0.027209624    303.25809      2.4611713      15341423       248.47835    
    376000  -18055.284      362.70712     -18417.991      0.02722676     303.48523      9.2669153      15331768       248.42621    
    377000  -18055.848      359.72202     -18415.57       0.027219821    300.98752     -2.6584256      15335676       248.44732    
    378000  -18064.895      356.83002     -18421.725      0.027258406    298.56772      11.27289       15313968       248.33003    
    379000  -18061.198      357.48135     -18418.679      0.027279588    299.11271     -1.3306894      15302077       248.26574    
    380000  -18063.426      358.9777      -18422.404      0.027326261    300.36474      4.7192694      15275941       248.12431    
    380011  -18062.685      358.63718     -18421.323      0.02732713     300.07982     -0.20401652     15275456       248.12169    
Loop time of 1265.78 on 5 procs for 300000 steps with 9247 atoms

Performance: 20.477 ns/day, 1.172 hours/ns, 237.008 timesteps/s, 2.192 Matom-step/s
85.6% CPU use with 5 MPI tasks x 1 OpenMP threads

MPI task timing breakdown:
Section |  min time  |  avg time  |  max time  |%varavg| %total
---------------------------------------------------------------
Pair    | 719.17     | 834.03     | 984.67     | 381.0 | 65.89
Bond    | 2.5662     | 3.3886     | 3.962      |  36.2 |  0.27
Neigh   | 42.489     | 42.628     | 42.987     |   2.9 |  3.37
Comm    | 150.37     | 293.95     | 402.12     | 603.5 | 23.22
Output  | 0.2398     | 0.2799     | 0.33152    |   6.8 |  0.02
Modify  | 62.155     | 70.571     | 78.163     |  82.1 |  5.58
Other   |            | 20.93      |            |       |  1.65

Nlocal:         1849.4 ave        1964 max        1776 min
Histogram: 2 0 0 1 0 1 0 0 0 1
Nghost:         3413.2 ave        3516 max        3314 min
Histogram: 2 0 0 0 0 1 0 0 1 1
Neighs:              0 ave           0 max           0 min
Histogram: 5 0 0 0 0 0 0 0 0 0

Total # of neighbors = 0
Ave neighs/atom = 0
Ave special neighs/atom = 0.61079269
Neighbor list builds = 6130
Dangerous builds = 0

unfix           TiN2_equlib
unfix           Ti_CoM

write_data      Ti-N2/data/Ti_equilib_50.moldata
System init for write_data ...
WARNING: Using a manybody potential with bonds/angles/dihedrals and special_bond exclusions (src/pair.cpp:250)

#Simulation continues
#fix			    integrator all nve # set up F=ma integration
#run				${Nsteps}

print           "simulation done."
simulation done.
Total wall time: 0:24:24
